Archive member included because of file (symbol)

/usr/lib/gcc/avr/4.5.3/../../../avr/lib/avr35/libm.a(addsf3.o)
                              USBtoSerial.o (__subsf3)
/usr/lib/gcc/avr/4.5.3/../../../avr/lib/avr35/libm.a(addsf3x.o)
                              /usr/lib/gcc/avr/4.5.3/../../../avr/lib/avr35/libm.a(addsf3.o) (__addsf3x)
/usr/lib/gcc/avr/4.5.3/../../../avr/lib/avr35/libm.a(cmpsf2.o)
                              USBtoSerial.o (__ltsf2)
/usr/lib/gcc/avr/4.5.3/../../../avr/lib/avr35/libm.a(divsf3.o)
                              USBtoSerial.o (__divsf3)
/usr/lib/gcc/avr/4.5.3/../../../avr/lib/avr35/libm.a(divsf3x.o)
                              /usr/lib/gcc/avr/4.5.3/../../../avr/lib/avr35/libm.a(divsf3.o) (__divsf3x)
/usr/lib/gcc/avr/4.5.3/../../../avr/lib/avr35/libm.a(fixunssfsi.o)
                              USBtoSerial.o (__fixunssfsi)
/usr/lib/gcc/avr/4.5.3/../../../avr/lib/avr35/libm.a(floatsisf.o)
                              USBtoSerial.o (__floatunsisf)
/usr/lib/gcc/avr/4.5.3/../../../avr/lib/avr35/libm.a(fp_cmp.o)
                              /usr/lib/gcc/avr/4.5.3/../../../avr/lib/avr35/libm.a(cmpsf2.o) (__fp_cmp)
/usr/lib/gcc/avr/4.5.3/../../../avr/lib/avr35/libm.a(fp_inf.o)
                              /usr/lib/gcc/avr/4.5.3/../../../avr/lib/avr35/libm.a(addsf3x.o) (__fp_inf)
/usr/lib/gcc/avr/4.5.3/../../../avr/lib/avr35/libm.a(fp_nan.o)
                              /usr/lib/gcc/avr/4.5.3/../../../avr/lib/avr35/libm.a(addsf3x.o) (__fp_nan)
/usr/lib/gcc/avr/4.5.3/../../../avr/lib/avr35/libm.a(fp_pscA.o)
                              /usr/lib/gcc/avr/4.5.3/../../../avr/lib/avr35/libm.a(addsf3x.o) (__fp_pscA)
/usr/lib/gcc/avr/4.5.3/../../../avr/lib/avr35/libm.a(fp_pscB.o)
                              /usr/lib/gcc/avr/4.5.3/../../../avr/lib/avr35/libm.a(addsf3x.o) (__fp_pscB)
/usr/lib/gcc/avr/4.5.3/../../../avr/lib/avr35/libm.a(fp_round.o)
                              /usr/lib/gcc/avr/4.5.3/../../../avr/lib/avr35/libm.a(addsf3.o) (__fp_round)
/usr/lib/gcc/avr/4.5.3/../../../avr/lib/avr35/libm.a(fp_split3.o)
                              /usr/lib/gcc/avr/4.5.3/../../../avr/lib/avr35/libm.a(addsf3x.o) (__fp_split3)
/usr/lib/gcc/avr/4.5.3/../../../avr/lib/avr35/libm.a(fp_zero.o)
                              /usr/lib/gcc/avr/4.5.3/../../../avr/lib/avr35/libm.a(addsf3x.o) (__fp_zero)
/usr/lib/gcc/avr/4.5.3/../../../avr/lib/avr35/libm.a(gesf2.o)
                              USBtoSerial.o (__gtsf2)
/usr/lib/gcc/avr/4.5.3/avr35/libgcc.a(_mulhi3.o)
                              USBtoSerial.o (__mulhi3)
/usr/lib/gcc/avr/4.5.3/avr35/libgcc.a(_mulsi3.o)
                              USBtoSerial.o (__mulsi3)
/usr/lib/gcc/avr/4.5.3/avr35/libgcc.a(_udivmodhi4.o)
                              USBtoSerial.o (__udivmodhi4)
/usr/lib/gcc/avr/4.5.3/avr35/libgcc.a(_divmodhi4.o)
                              USBtoSerial.o (__divmodhi4)
/usr/lib/gcc/avr/4.5.3/avr35/libgcc.a(_udivmodsi4.o)
                              USBtoSerial.o (__udivmodsi4)
/usr/lib/gcc/avr/4.5.3/avr35/libgcc.a(_exit.o)
                              /usr/lib/gcc/avr/4.5.3/../../../avr/lib/avr35/crtm32u2.o (exit)
/usr/lib/gcc/avr/4.5.3/avr35/libgcc.a(_copy_data.o)
                              USBtoSerial.o (__do_copy_data)
/usr/lib/gcc/avr/4.5.3/avr35/libgcc.a(_clear_bss.o)
                              USBtoSerial.o (__do_clear_bss)
/usr/lib/gcc/avr/4.5.3/../../../avr/lib/avr35/libc.a(atoi.o)
                              USBtoSerial.o (atoi)
/usr/lib/gcc/avr/4.5.3/../../../avr/lib/avr35/libc.a(memcpy_P.o)
                              ../../LUFA/Drivers/USB/Class/Device/RNDISClassDevice.o (memcpy_P)
/usr/lib/gcc/avr/4.5.3/../../../avr/lib/avr35/libc.a(memcmp.o)
                              ../../LUFA/Drivers/USB/Class/Device/HIDClassDevice.o (memcmp)
/usr/lib/gcc/avr/4.5.3/../../../avr/lib/avr35/libc.a(memcpy.o)
                              ../../LUFA/Drivers/USB/Class/Device/HIDClassDevice.o (memcpy)
/usr/lib/gcc/avr/4.5.3/../../../avr/lib/avr35/libc.a(memset.o)
                              ../../LUFA/Drivers/USB/Class/Device/HIDClassDevice.o (memset)
/usr/lib/gcc/avr/4.5.3/../../../avr/lib/avr35/libc.a(strncpy.o)
                              USBtoSerial.o (strncpy)
/usr/lib/gcc/avr/4.5.3/../../../avr/lib/avr35/libc.a(mul10.o)
                              /usr/lib/gcc/avr/4.5.3/../../../avr/lib/avr35/libc.a(atoi.o) (__mulhi_const_10)
/usr/lib/gcc/avr/4.5.3/../../../avr/lib/avr35/libc.a(eerd_byte_atmega32u2.o)
                              ../../LUFA/Drivers/USB/Core/AVR8/EndpointStream_AVR8.o (__eerd_byte_m32u2)
/usr/lib/gcc/avr/4.5.3/../../../avr/lib/avr35/libc.a(eeupd_byte_atmega32u2.o)
                              ../../LUFA/Drivers/USB/Core/AVR8/EndpointStream_AVR8.o (__eeupd_byte_m32u2)

Allocating common symbols
Common symbol       size              file

adb_werte           0x9               USBtoSerial.o
USB_IsInitialized   0x1               ../../LUFA/Drivers/USB/Core/USBTask.o
USB_Device_ConfigurationNumber
[...]
Memory Configuration

Name             Origin             Length             Attributes
text             0x0000000000000000 0x0000000000010000 xr
data             0x0000000000800060 0x000000000000ffa0 rw !x
eeprom           0x0000000000810000 0x0000000000010000 rw !x
fuse             0x0000000000820000 0x0000000000000400 rw !x
lock             0x0000000000830000 0x0000000000000400 rw !x
signature        0x0000000000840000 0x0000000000000400 rw !x
*default*        0x0000000000000000 0xffffffffffffffff

Linker script and memory map

Address of section .data set to 0x800100
LOAD /usr/lib/gcc/avr/4.5.3/../../../avr/lib/avr35/crtm32u2.o
LOAD USBtoSerial.o
LOAD Descriptors.o
LOAD ../../LUFA/Drivers/USB/Class/Common/HIDParser.o
LOAD ../../LUFA/Drivers/USB/Core/AVR8/Device_AVR8.o
LOAD ../../LUFA/Drivers/USB/Core/AVR8/EndpointStream_AVR8.o
LOAD ../../LUFA/Drivers/USB/Core/AVR8/Endpoint_AVR8.o
LOAD ../../LUFA/Drivers/USB/Core/AVR8/Host_AVR8.o
LOAD ../../LUFA/Drivers/USB/Core/AVR8/PipeStream_AVR8.o
LOAD ../../LUFA/Drivers/USB/Core/AVR8/Pipe_AVR8.o
LOAD ../../LUFA/Drivers/USB/Core/AVR8/USBController_AVR8.o
LOAD ../../LUFA/Drivers/USB/Core/AVR8/USBInterrupt_AVR8.o
LOAD ../../LUFA/Drivers/USB/Core/ConfigDescriptors.o
LOAD ../../LUFA/Drivers/USB/Core/DeviceStandardReq.o
LOAD ../../LUFA/Drivers/USB/Core/Events.o
LOAD ../../LUFA/Drivers/USB/Core/HostStandardReq.o
LOAD ../../LUFA/Drivers/USB/Core/USBTask.o
LOAD ../../LUFA/Drivers/USB/Class/Device/AudioClassDevice.o
LOAD ../../LUFA/Drivers/USB/Class/Device/CDCClassDevice.o
LOAD ../../LUFA/Drivers/USB/Class/Device/HIDClassDevice.o
LOAD ../../LUFA/Drivers/USB/Class/Device/MassStorageClassDevice.o
LOAD ../../LUFA/Drivers/USB/Class/Device/MIDIClassDevice.o
LOAD ../../LUFA/Drivers/USB/Class/Device/RNDISClassDevice.o
LOAD ../../LUFA/Drivers/USB/Class/Host/AndroidAccessoryClassHost.o
LOAD ../../LUFA/Drivers/USB/Class/Host/AudioClassHost.o
LOAD ../../LUFA/Drivers/USB/Class/Host/CDCClassHost.o
LOAD ../../LUFA/Drivers/USB/Class/Host/HIDClassHost.o
LOAD ../../LUFA/Drivers/USB/Class/Host/MassStorageClassHost.o
LOAD ../../LUFA/Drivers/USB/Class/Host/MIDIClassHost.o
LOAD ../../LUFA/Drivers/USB/Class/Host/PrinterClassHost.o
LOAD ../../LUFA/Drivers/USB/Class/Host/RNDISClassHost.o
LOAD ../../LUFA/Drivers/USB/Class/Host/StillImageClassHost.o
LOAD /usr/lib/gcc/avr/4.5.3/../../../avr/lib/avr35/libm.a
LOAD /usr/lib/gcc/avr/4.5.3/avr35/libgcc.a
LOAD /usr/lib/gcc/avr/4.5.3/../../../avr/lib/avr35/libc.a
LOAD /usr/lib/gcc/avr/4.5.3/avr35/libgcc.a

.hash
 *(.hash)

.dynsym
 *(.dynsym)

.dynstr
 *(.dynstr)

.gnu.version
 *(.gnu.version)

.gnu.version_d
 *(.gnu.version_d)

.gnu.version_r
 *(.gnu.version_r)

.rel.init
 *(.rel.init)

.rela.init
 *(.rela.init)

.rel.text
 *(.rel.text)
 *(.rel.text.*)
 *(.rel.gnu.linkonce.t*)

.rela.text
 *(.rela.text)
 *(.rela.text.*)
 *(.rela.gnu.linkonce.t*)

.rel.fini
 *(.rel.fini)

.rela.fini
 *(.rela.fini)

.rel.rodata
 *(.rel.rodata)
 *(.rel.rodata.*)
 *(.rel.gnu.linkonce.r*)

.rela.rodata
 *(.rela.rodata)
 *(.rela.rodata.*)
 *(.rela.gnu.linkonce.r*)

.rel.data
 *(.rel.data)
 *(.rel.data.*)
 *(.rel.gnu.linkonce.d*)

.rela.data
 *(.rela.data)
 *(.rela.data.*)
 *(.rela.gnu.linkonce.d*)

.rel.ctors
 *(.rel.ctors)

.rela.ctors
 *(.rela.ctors)

.rel.dtors
 *(.rel.dtors)

.rela.dtors
 *(.rela.dtors)

.rel.got
 *(.rel.got)

.rela.got
 *(.rela.got)

.rel.bss
 *(.rel.bss)

.rela.bss
 *(.rela.bss)

.rel.plt
 *(.rel.plt)

.rela.plt
 *(.rela.plt)

.text           0x0000000000000000     0x1ef8
 *(.vectors)
 .vectors       0x0000000000000000       0x98 /usr/lib/gcc/avr/4.5.3/../../../avr/lib/avr35/crtm32u2.o
                0x0000000000000000                __vectors
                0x0000000000000000                __vector_default
 *(.vectors)
 *(.progmem.gcc*)
 *(.progmem*)
 .progmem.data  0x0000000000000098       0x9e Descriptors.o
                0x0000000000000098                DeviceDescriptor
                0x00000000000000aa                ConfigurationDescriptor
                0x00000000000000e8                LanguageString
                0x00000000000000ec                ManufacturerString
                0x0000000000000106                ProductString
                0x0000000000000136                . = ALIGN (0x2)
                0x0000000000000136                __trampolines_start = .
 *(.trampolines)
 .trampolines   0x0000000000000136        0x0 linker stubs
 *(.trampolines*)
                0x0000000000000136                __trampolines_end = .
 *(.jumptables)
 *(.jumptables*)
 *(.lowtext)
 *(.lowtext*)
                0x0000000000000136                __ctors_start = .
 *(.ctors)
                0x0000000000000136                __ctors_end = .
                0x0000000000000136                __dtors_start = .
 *(.dtors)
                0x0000000000000136                __dtors_end = .
 SORT(*)(.ctors)
 SORT(*)(.dtors)
 *(.init0)
 .init0         0x0000000000000136        0x0 /usr/lib/gcc/avr/4.5.3/../../../avr/lib/avr35/crtm32u2.o
                0x0000000000000136                __init
 *(.init0)
 *(.init1)
 *(.init1)
 *(.init2)
 .init2         0x0000000000000136        0xc /usr/lib/gcc/avr/4.5.3/../../../avr/lib/avr35/crtm32u2.o
 *(.init2)
 *(.init3)
 *(.init3)
 *(.init4)
 .init4         0x0000000000000142       0x16 /usr/lib/gcc/avr/4.5.3/avr35/libgcc.a(_copy_data.o)
                0x0000000000000142                __do_copy_data
 .init4         0x0000000000000158       0x10 /usr/lib/gcc/avr/4.5.3/avr35/libgcc.a(_clear_bss.o)
                0x0000000000000158                __do_clear_bss
 *(.init4)
 *(.init5)
 *(.init5)
 *(.init6)
 *(.init6)
 *(.init7)
 *(.init7)
 *(.init8)
 *(.init8)
 *(.init9)
 .init9         0x0000000000000168        0x6 /usr/lib/gcc/avr/4.5.3/../../../avr/lib/avr35/crtm32u2.o
 *(.init9)
 *(.text)
 .text          0x000000000000016e        0x2 /usr/lib/gcc/avr/4.5.3/../../../avr/lib/avr35/crtm32u2.o
                0x000000000000016e                __vector_22
                0x000000000000016e                __vector_28
                0x000000000000016e                __vector_1
                0x000000000000016e                __vector_32
                0x000000000000016e                __vector_34
                0x000000000000016e                __vector_24
                0x000000000000016e                __bad_interrupt
                0x000000000000016e                __vector_6
                0x000000000000016e                __vector_31
                0x000000000000016e                __vector_35
                0x000000000000016e                __vector_3
                0x000000000000016e                __vector_30
                0x000000000000016e                __vector_25
                0x000000000000016e                __vector_13
                0x000000000000016e                __vector_17
                0x000000000000016e                __vector_19
                0x000000000000016e                __vector_7
                0x000000000000016e                __vector_27
                0x000000000000016e                __vector_5
                0x000000000000016e                __vector_33
                0x000000000000016e                __vector_37
                0x000000000000016e                __vector_4
                0x000000000000016e                __vector_9
                0x000000000000016e                __vector_2
                0x000000000000016e                __vector_15
                0x000000000000016e                __vector_36
                0x000000000000016e                __vector_29
                0x000000000000016e                __vector_8
                0x000000000000016e                __vector_26
                0x000000000000016e                __vector_14
                0x000000000000016e                __vector_10
                0x000000000000016e                __vector_16
                0x000000000000016e                __vector_18
                0x000000000000016e                __vector_20
                0x0000000000000170                . = ALIGN (0x2)
 *(.text.*)
 .text.RingBuffer_Insert
                0x0000000000000170       0x36 USBtoSerial.o
 .text.RingBuffer_Remove
                0x00000000000001a6       0x32 USBtoSerial.o
 .text.set_x    0x00000000000001d8       0x76 USBtoSerial.o
                0x00000000000001d8                set_x
 .text.set_y    0x000000000000024e       0x74 USBtoSerial.o
                0x000000000000024e                set_y
 .text.RingBuffer_InitBuffer.clone.0
                0x00000000000002c2       0x2a USBtoSerial.o
 .text.__vector_21
                0x00000000000002ec       0x22 USBtoSerial.o
                0x00000000000002ec                __vector_21
 .text.t0ext    0x000000000000030e       0x10 USBtoSerial.o
                0x000000000000030e                t0ext
 .text.t0rst    0x000000000000031e        0x8 USBtoSerial.o
                0x000000000000031e                t0rst
 .text.adb      0x0000000000000326      0x220 USBtoSerial.o
                0x0000000000000326                adb
 .text.touchpad_init
                0x0000000000000546       0x10 USBtoSerial.o
                0x0000000000000546                touchpad_init
 .text.touchpad_read
                0x0000000000000556       0x12 USBtoSerial.o
                0x0000000000000556                touchpad_read
 .text.touchpad_set_rel_mode_100dpi
                0x0000000000000568       0x28 USBtoSerial.o
                0x0000000000000568                touchpad_set_rel_mode_100dpi
 .text.delta_y  0x0000000000000590       0x20 USBtoSerial.o
                0x0000000000000590                delta_y
 .text.delta_x  0x00000000000005b0       0x20 USBtoSerial.o
                0x00000000000005b0                delta_x
 .text.Usb2SerialTask
                0x00000000000005d0       0x96 USBtoSerial.o
                0x00000000000005d0                Usb2SerialTask
 .text.SetupHardware
                0x0000000000000666       0x2a USBtoSerial.o
                0x0000000000000666                SetupHardware
 .text.EVENT_USB_Device_Connect
                0x0000000000000690        0x2 USBtoSerial.o
                0x0000000000000690                EVENT_USB_Device_Connect
 .text.EVENT_USB_Device_Disconnect
                0x0000000000000692        0x2 USBtoSerial.o
                0x0000000000000692                EVENT_USB_Device_Disconnect
 .text.EVENT_USB_Device_ConfigurationChanged
                0x0000000000000694        0x8 USBtoSerial.o
                0x0000000000000694                EVENT_USB_Device_ConfigurationChanged
 .text.EVENT_USB_Device_ControlRequest
                0x000000000000069c        0x8 USBtoSerial.o
                0x000000000000069c                EVENT_USB_Device_ControlRequest
 .text.__vector_23
                0x00000000000006a4       0x54 USBtoSerial.o
                0x00000000000006a4                __vector_23
 .text.EVENT_CDC_Device_LineEncodingChanged
                0x00000000000006f8       0xcc USBtoSerial.o
                0x00000000000006f8                EVENT_CDC_Device_LineEncodingChanged
 .text.uart_putc
                0x00000000000007c4       0x10 USBtoSerial.o
                0x00000000000007c4                uart_putc
 .text.uart_puts
                0x00000000000007d4       0x26 USBtoSerial.o
                0x00000000000007d4                uart_puts
 .text.my_uitoa
                0x00000000000007fa       0xcc USBtoSerial.o
                0x00000000000007fa                my_uitoa
 .text.sign     0x00000000000008c6       0x18 USBtoSerial.o
                0x00000000000008c6                sign
 .text.uart_print_number_wlzeros
                0x00000000000008de       0x28 USBtoSerial.o
                0x00000000000008de                uart_print_number_wlzeros
 .text.uart_print_signed_number
                0x0000000000000906       0x46 USBtoSerial.o
                0x0000000000000906                uart_print_signed_number
 .text.init_motors
                0x000000000000094c       0x1a USBtoSerial.o
                0x000000000000094c                init_motors
 .text.motor_step
                0x0000000000000966       0x64 USBtoSerial.o
                0x0000000000000966                motor_step
 .text.move_plate
                0x00000000000009ca       0xa2 USBtoSerial.o
                0x00000000000009ca                move_plate
 .text.print_steps_in_mm
                0x0000000000000a6c       0x54 USBtoSerial.o
                0x0000000000000a6c                print_steps_in_mm
 .text.pos_report
                0x0000000000000ac0       0x26 USBtoSerial.o
                0x0000000000000ac0                pos_report
 .text.parse_command
                0x0000000000000ae6      0x35e USBtoSerial.o
                0x0000000000000ae6                parse_command
 .text.main     0x0000000000000e44       0xa2 USBtoSerial.o
                0x0000000000000e44                main
 .text.CALLBACK_USB_GetDescriptor
                0x0000000000000ee6       0x5a Descriptors.o
                0x0000000000000ee6                CALLBACK_USB_GetDescriptor
 .text.Endpoint_Write_Control_Stream_LE
                0x0000000000000f40       0xb4 ../../LUFA/Drivers/USB/Core/AVR8/EndpointStream_AVR8.o
                0x0000000000000f40                Endpoint_Write_Control_Stream_LE
 .text.Endpoint_Write_Control_PStream_LE
                0x0000000000000ff4       0xb6 ../../LUFA/Drivers/USB/Core/AVR8/EndpointStream_AVR8.o
                0x0000000000000ff4                Endpoint_Write_Control_PStream_LE
 .text.Endpoint_ConfigureEndpoint_Prv
                0x00000000000010aa       0x6e ../../LUFA/Drivers/USB/Core/AVR8/Endpoint_AVR8.o
                0x00000000000010aa                Endpoint_ConfigureEndpoint_Prv
 .text.Endpoint_ConfigureEndpointTable
                0x0000000000001118       0x88 ../../LUFA/Drivers/USB/Core/AVR8/Endpoint_AVR8.o
                0x0000000000001118                Endpoint_ConfigureEndpointTable
 .text.Endpoint_ClearStatusStage
                0x00000000000011a0       0x3e ../../LUFA/Drivers/USB/Core/AVR8/Endpoint_AVR8.o
                0x00000000000011a0                Endpoint_ClearStatusStage
 .text.Endpoint_WaitUntilReady
                0x00000000000011de       0x66 ../../LUFA/Drivers/USB/Core/AVR8/Endpoint_AVR8.o
                0x00000000000011de                Endpoint_WaitUntilReady
 .text.USB_ResetInterface
                0x0000000000001244       0x70 ../../LUFA/Drivers/USB/Core/AVR8/USBController_AVR8.o
                0x0000000000001244                USB_ResetInterface
 .text.USB_Init
                0x00000000000012b4       0x12 ../../LUFA/Drivers/USB/Core/AVR8/USBController_AVR8.o
                0x00000000000012b4                USB_Init
 .text.USB_INT_DisableAllInterrupts
                0x00000000000012c6        0x6 ../../LUFA/Drivers/USB/Core/AVR8/USBInterrupt_AVR8.o
                0x00000000000012c6                USB_INT_DisableAllInterrupts
 .text.USB_INT_ClearAllInterrupts
                0x00000000000012cc        0x6 ../../LUFA/Drivers/USB/Core/AVR8/USBInterrupt_AVR8.o
                0x00000000000012cc                USB_INT_ClearAllInterrupts
 .text.__vector_11
                0x00000000000012d2      0x148 ../../LUFA/Drivers/USB/Core/AVR8/USBInterrupt_AVR8.o
                0x00000000000012d2                __vector_11
 .text.__vector_12
                0x000000000000141a       0x76 ../../LUFA/Drivers/USB/Core/AVR8/USBInterrupt_AVR8.o
                0x000000000000141a                __vector_12
 .text.USB_Device_ProcessControlRequest
                0x0000000000001490      0x2c4 ../../LUFA/Drivers/USB/Core/DeviceStandardReq.o
                0x0000000000001490                USB_Device_ProcessControlRequest
 .text.USB_Event_Stub
                0x0000000000001754        0x2 ../../LUFA/Drivers/USB/Core/Events.o
                0x0000000000001754                EVENT_USB_Device_WakeUp
                0x0000000000001754                USB_Event_Stub
                0x0000000000001754                EVENT_USB_Device_Suspend
                0x0000000000001754                EVENT_USB_Device_StartOfFrame
                0x0000000000001754                EVENT_USB_Device_Reset
 .text.USB_USBTask
                0x0000000000001756       0x36 ../../LUFA/Drivers/USB/Core/USBTask.o
                0x0000000000001756                USB_USBTask
 .text.CDC_Device_ProcessControlRequest
                0x000000000000178c      0x15a ../../LUFA/Drivers/USB/Class/Device/CDCClassDevice.o
                0x000000000000178c                CDC_Device_ProcessControlRequest
 .text.CDC_Device_ConfigureEndpoints
                0x00000000000018e6       0x48 ../../LUFA/Drivers/USB/Class/Device/CDCClassDevice.o
                0x00000000000018e6                CDC_Device_ConfigureEndpoints
 .text.CDC_Device_SendByte
                0x000000000000192e       0x5a ../../LUFA/Drivers/USB/Class/Device/CDCClassDevice.o
                0x000000000000192e                CDC_Device_SendByte
 .text.CDC_Device_Flush
                0x0000000000001988       0x5a ../../LUFA/Drivers/USB/Class/Device/CDCClassDevice.o
                0x0000000000001988                CDC_Device_Flush
 .text.CDC_Device_USBTask
                0x00000000000019e2       0x2e ../../LUFA/Drivers/USB/Class/Device/CDCClassDevice.o
                0x00000000000019e2                CDC_Device_USBTask
 .text.CDC_Device_ReceiveByte
                0x0000000000001a10       0x5a ../../LUFA/Drivers/USB/Class/Device/CDCClassDevice.o
                0x0000000000001a10                CDC_Device_ReceiveByte
 .text.CDC_Device_Event_Stub
                0x0000000000001a6a        0x2 ../../LUFA/Drivers/USB/Class/Device/CDCClassDevice.o
                0x0000000000001a6a                EVENT_CDC_Device_ControLineStateChanged
                0x0000000000001a6a                EVENT_CDC_Device_BreakSent
                0x0000000000001a6a                CDC_Device_Event_Stub
 .text.avr-libc.fplib
                0x0000000000001a6c        0xa /usr/lib/gcc/avr/4.5.3/../../../avr/lib/avr35/libm.a(addsf3.o)
                0x0000000000001a6c                __subsf3
                0x0000000000001a6e                __addsf3
 .text.avr-libc.fplib
                0x0000000000001a76       0xc0 /usr/lib/gcc/avr/4.5.3/../../../avr/lib/avr35/libm.a(addsf3x.o)
                0x0000000000001a90                __addsf3x
 .text.avr-libc.fplib
                0x0000000000001b36        0x8 /usr/lib/gcc/avr/4.5.3/../../../avr/lib/avr35/libm.a(cmpsf2.o)
                0x0000000000001b36                __lesf2
                0x0000000000001b36                __nesf2
                0x0000000000001b36                __eqsf2
                0x0000000000001b36                __cmpsf2
                0x0000000000001b36                __ltsf2
 .text.avr-libc.fplib
                0x0000000000001b3e        0x4 /usr/lib/gcc/avr/4.5.3/../../../avr/lib/avr35/libm.a(divsf3.o)
                0x0000000000001b3e                __divsf3
 .text.avr-libc.fplib
                0x0000000000001b42       0xcc /usr/lib/gcc/avr/4.5.3/../../../avr/lib/avr35/libm.a(divsf3x.o)
                0x0000000000001b58                __divsf3x
                0x0000000000001b5c                __divsf3_pse
 .text.avr-libc.fplib
                0x0000000000001c0e       0x58 /usr/lib/gcc/avr/4.5.3/../../../avr/lib/avr35/libm.a(fixunssfsi.o)
                0x0000000000001c0e                __fixunssfsi
 .text.avr-libc.fplib
                0x0000000000001c66       0x7a /usr/lib/gcc/avr/4.5.3/../../../avr/lib/avr35/libm.a(floatsisf.o)
                0x0000000000001c66                __floatunsisf
                0x0000000000001c6a                __floatsisf
 .text.avr-libc.fplib
                0x0000000000001ce0       0x48 /usr/lib/gcc/avr/4.5.3/../../../avr/lib/avr35/libm.a(fp_cmp.o)
                0x0000000000001ce0                __fp_cmp
 .text.avr-libc.fplib
                0x0000000000001d28        0xc /usr/lib/gcc/avr/4.5.3/../../../avr/lib/avr35/libm.a(fp_inf.o)
                0x0000000000001d28                __fp_inf
 .text.avr-libc.fplib
                0x0000000000001d34        0x6 /usr/lib/gcc/avr/4.5.3/../../../avr/lib/avr35/libm.a(fp_nan.o)
                0x0000000000001d34                __fp_nan
 .text.avr-libc.fplib
                0x0000000000001d3a        0xe /usr/lib/gcc/avr/4.5.3/../../../avr/lib/avr35/libm.a(fp_pscA.o)
                0x0000000000001d3a                __fp_pscA
 .text.avr-libc.fplib
                0x0000000000001d48        0xe /usr/lib/gcc/avr/4.5.3/../../../avr/lib/avr35/libm.a(fp_pscB.o)
                0x0000000000001d48                __fp_pscB
 .text.avr-libc.fplib
                0x0000000000001d56       0x22 /usr/lib/gcc/avr/4.5.3/../../../avr/lib/avr35/libm.a(fp_round.o)
                0x0000000000001d56                __fp_round
 .text.avr-libc.fplib
                0x0000000000001d78       0x44 /usr/lib/gcc/avr/4.5.3/../../../avr/lib/avr35/libm.a(fp_split3.o)
                0x0000000000001d78                __fp_split3
                0x0000000000001d88                __fp_splitA
 .text.avr-libc.fplib
                0x0000000000001dbc        0xe /usr/lib/gcc/avr/4.5.3/../../../avr/lib/avr35/libm.a(fp_zero.o)
                0x0000000000001dbc                __fp_zero
                0x0000000000001dbe                __fp_szero
 .text.avr-libc.fplib
                0x0000000000001dca        0x8 /usr/lib/gcc/avr/4.5.3/../../../avr/lib/avr35/libm.a(gesf2.o)
                0x0000000000001dca                __gtsf2
                0x0000000000001dca                __gesf2
 .text.libgcc   0x0000000000001dd2       0x24 /usr/lib/gcc/avr/4.5.3/avr35/libgcc.a(_mulhi3.o)
                0x0000000000001dd2                __mulhi3
 .text.libgcc   0x0000000000001df6       0x28 /usr/lib/gcc/avr/4.5.3/avr35/libgcc.a(_udivmodhi4.o)
                0x0000000000001df6                __udivmodhi4
 .text.libgcc   0x0000000000001e1e       0x26 /usr/lib/gcc/avr/4.5.3/avr35/libgcc.a(_divmodhi4.o)
                0x0000000000001e1e                __divmodhi4
                0x0000000000001e1e                _div
 .text.libgcc   0x0000000000001e44       0x44 /usr/lib/gcc/avr/4.5.3/avr35/libgcc.a(_udivmodsi4.o)
                0x0000000000001e44                __udivmodsi4
 .text.avr-libc
                0x0000000000001e88       0x3a /usr/lib/gcc/avr/4.5.3/../../../avr/lib/avr35/libc.a(atoi.o)
                0x0000000000001e88                atoi
 .text.avr-libc
                0x0000000000001ec2       0x1e /usr/lib/gcc/avr/4.5.3/../../../avr/lib/avr35/libc.a(strncpy.o)
                0x0000000000001ec2                strncpy
 .text.avr-libc
                0x0000000000001ee0       0x14 /usr/lib/gcc/avr/4.5.3/../../../avr/lib/avr35/libc.a(mul10.o)
                0x0000000000001ee0                __mulhi_const_10
                0x0000000000001ef4                . = ALIGN (0x2)
 *(.fini9)
 .fini9         0x0000000000001ef4        0x0 /usr/lib/gcc/avr/4.5.3/avr35/libgcc.a(_exit.o)
                0x0000000000001ef4                exit
                0x0000000000001ef4                _exit
 *(.fini9)
 *(.fini8)
 *(.fini8)
 *(.fini7)
 *(.fini7)
 *(.fini6)
 *(.fini6)
 *(.fini5)
 *(.fini5)
 *(.fini4)
 *(.fini4)
 *(.fini3)
 *(.fini3)
 *(.fini2)
 *(.fini2)
 *(.fini1)
 *(.fini1)
 *(.fini0)
 .fini0         0x0000000000001ef4        0x4 /usr/lib/gcc/avr/4.5.3/avr35/libgcc.a(_exit.o)
 *(.fini0)
                0x0000000000001ef8                _etext = .

.data           0x0000000000800100       0x4e load address 0x0000000000001ef8
                0x0000000000800100                PROVIDE (__data_start, .)
 *(.data)
 .data          0x0000000000800100       0x4d USBtoSerial.o
                0x0000000000800128                VirtualSerial_CDC_Interface
                0x0000000000800143                phase_pattern
 *(.data*)
 *(.rodata)
 *(.rodata*)
 *(.gnu.linkonce.d*)
                0x000000000080014e                . = ALIGN (0x2)
 *fill*         0x000000000080014d        0x1 00
                0x000000000080014e                _edata = .
                0x000000000080014e                PROVIDE (__data_end, .)

.bss            0x000000000080014e      0x186
                0x000000000080014e                PROVIDE (__bss_start, .)
 *(.bss)
 .bss           0x000000000080014e      0x15f USBtoSerial.o
                0x000000000080014e                plate_pos_x
                0x0000000000800150                plate_pos_y
 *(.bss*)
 *(COMMON)
 COMMON         0x00000000008002ad       0x1b USBtoSerial.o
                0x00000000008002ad                adb_werte
                0x00000000008002b6                stringbuffer
                0x00000000008002c6                t0ovfcount
                0x00000000008002c7                adb_data_length
 COMMON         0x00000000008002c8        0x3 ../../LUFA/Drivers/USB/Core/DeviceStandardReq.o
                0x00000000008002c8                USB_Device_ConfigurationNumber
                0x00000000008002c9                USB_Device_CurrentlySelfPowered
                0x00000000008002ca                USB_Device_RemoteWakeupEnabled
 COMMON         0x00000000008002cb        0x9 ../../LUFA/Drivers/USB/Core/USBTask.o
                0x00000000008002cb                USB_IsInitialized
                0x00000000008002cc                USB_ControlRequest
                0x00000000008002d4                PROVIDE (__bss_end, .)
                0x0000000000001ef8                __data_load_start = LOADADDR (.data)
                0x0000000000001f46                __data_load_end = (__data_load_start + SIZEOF (.data))

.noinit         0x00000000008002d4        0x0
                0x00000000008002d4                PROVIDE (__noinit_start, .)
 *(.noinit*)
                0x00000000008002d4                PROVIDE (__noinit_end, .)
                0x00000000008002d4                _end = .
                0x00000000008002d4                PROVIDE (__heap_start, .)

.eeprom         0x0000000000810000        0x0
 *(.eeprom*)
                0x0000000000810000                __eeprom_end = .

.fuse
 *(.fuse)
 *(.lfuse)
 *(.hfuse)
 *(.efuse)

.lock
 *(.lock*)

.signature
 *(.signature*)

.stab           0x0000000000000000     0x255c
 *(.stab)
 .stab          0x0000000000000000      0x6cc /usr/lib/gcc/avr/4.5.3/../../../avr/lib/avr35/crtm32u2.o
 .stab          0x00000000000006cc       0x78 /usr/lib/gcc/avr/4.5.3/../../../avr/lib/avr35/libm.a(addsf3.o)
                                         0x84 (size before relaxing)
 .stab          0x0000000000000744      0x4bc /usr/lib/gcc/avr/4.5.3/../../../avr/lib/avr35/libm.a(addsf3x.o)
                                        0x4c8 (size before relaxing)
 .stab          0x0000000000000c00       0x90 /usr/lib/gcc/avr/4.5.3/../../../avr/lib/avr35/libm.a(cmpsf2.o)
                                         0x9c (size before relaxing)
 .stab          0x0000000000000c90       0x48 /usr/lib/gcc/avr/4.5.3/../../../avr/lib/avr35/libm.a(divsf3.o)
                                         0x54 (size before relaxing)
 .stab          0x0000000000000cd8      0x510 /usr/lib/gcc/avr/4.5.3/../../../avr/lib/avr35/libm.a(divsf3x.o)
                                        0x51c (size before relaxing)
 .stab          0x00000000000011e8      0x240 /usr/lib/gcc/avr/4.5.3/../../../avr/lib/avr35/libm.a(fixunssfsi.o)
                                        0x24c (size before relaxing)
 .stab          0x0000000000001428      0x318 /usr/lib/gcc/avr/4.5.3/../../../avr/lib/avr35/libm.a(floatsisf.o)
                                        0x324 (size before relaxing)
 .stab          0x0000000000001740      0x1e0 /usr/lib/gcc/avr/4.5.3/../../../avr/lib/avr35/libm.a(fp_cmp.o)
                                        0x1ec (size before relaxing)
 .stab          0x0000000000001920       0x78 /usr/lib/gcc/avr/4.5.3/../../../avr/lib/avr35/libm.a(fp_inf.o)
                                         0x84 (size before relaxing)
 .stab          0x0000000000001998       0x54 /usr/lib/gcc/avr/4.5.3/../../../avr/lib/avr35/libm.a(fp_nan.o)
                                         0x60 (size before relaxing)
 .stab          0x00000000000019ec       0x84 /usr/lib/gcc/avr/4.5.3/../../../avr/lib/avr35/libm.a(fp_pscA.o)
                                         0x90 (size before relaxing)
 .stab          0x0000000000001a70       0x84 /usr/lib/gcc/avr/4.5.3/../../../avr/lib/avr35/libm.a(fp_pscB.o)
                                         0x90 (size before relaxing)
 .stab          0x0000000000001af4       0xfc /usr/lib/gcc/avr/4.5.3/../../../avr/lib/avr35/libm.a(fp_round.o)
                                        0x108 (size before relaxing)
 .stab          0x0000000000001bf0      0x1d4 /usr/lib/gcc/avr/4.5.3/../../../avr/lib/avr35/libm.a(fp_split3.o)
                                        0x1e0 (size before relaxing)
 .stab          0x0000000000001dc4       0x90 /usr/lib/gcc/avr/4.5.3/../../../avr/lib/avr35/libm.a(fp_zero.o)
                                         0x9c (size before relaxing)
 .stab          0x0000000000001e54       0x6c /usr/lib/gcc/avr/4.5.3/../../../avr/lib/avr35/libm.a(gesf2.o)
                                         0x78 (size before relaxing)
 .stab          0x0000000000001ec0      0x174 /usr/lib/gcc/avr/4.5.3/../../../avr/lib/avr35/libc.a(atoi.o)
                                        0x180 (size before relaxing)
 .stab          0x0000000000002034       0x84 /usr/lib/gcc/avr/4.5.3/../../../avr/lib/avr35/libc.a(memcpy_P.o)
                                         0x90 (size before relaxing)
 .stab          0x00000000000020b8       0xb4 /usr/lib/gcc/avr/4.5.3/../../../avr/lib/avr35/libc.a(memcmp.o)
                                         0xc0 (size before relaxing)
 .stab          0x000000000000216c       0x84 /usr/lib/gcc/avr/4.5.3/../../../avr/lib/avr35/libc.a(memcpy.o)
                                         0x90 (size before relaxing)
 .stab          0x00000000000021f0       0x6c /usr/lib/gcc/avr/4.5.3/../../../avr/lib/avr35/libc.a(memset.o)
                                         0x78 (size before relaxing)
 .stab          0x000000000000225c       0xcc /usr/lib/gcc/avr/4.5.3/../../../avr/lib/avr35/libc.a(strncpy.o)
                                         0xd8 (size before relaxing)
 .stab          0x0000000000002328       0x90 /usr/lib/gcc/avr/4.5.3/../../../avr/lib/avr35/libc.a(mul10.o)
                                         0x9c (size before relaxing)
 .stab          0x00000000000023b8       0x90 /usr/lib/gcc/avr/4.5.3/../../../avr/lib/avr35/libc.a(eerd_byte_atmega32u2.o)
                                         0x9c (size before relaxing)
 .stab          0x0000000000002448      0x114 /usr/lib/gcc/avr/4.5.3/../../../avr/lib/avr35/libc.a(eeupd_byte_atmega32u2.o)
                                        0x120 (size before relaxing)

.stabstr        0x0000000000000000      0x4d5
 *(.stabstr)
 .stabstr       0x0000000000000000      0x4d5 /usr/lib/gcc/avr/4.5.3/../../../avr/lib/avr35/crtm32u2.o

.stab.excl
 *(.stab.excl)

.stab.exclstr
 *(.stab.exclstr)

.stab.index
 *(.stab.index)

.stab.indexstr
 *(.stab.indexstr)

.comment
 *(.comment)

.debug
 *(.debug)

.line
 *(.line)

.debug_srcinfo
 *(.debug_srcinfo)

.debug_sfnames
 *(.debug_sfnames)

.debug_aranges  0x0000000000000000      0x5a0
 *(.debug_aranges)
 .debug_aranges
                0x0000000000000000      0x170 USBtoSerial.o
 .debug_aranges
                0x0000000000000170       0x20 Descriptors.o
 .debug_aranges
                0x0000000000000190       0x38 ../../LUFA/Drivers/USB/Class/Common/HIDParser.o
 .debug_aranges
                0x00000000000001c8       0x20 ../../LUFA/Drivers/USB/Core/AVR8/Device_AVR8.o
 .debug_aranges
                0x00000000000001e8       0xc8 ../../LUFA/Drivers/USB/Core/AVR8/EndpointStream_AVR8.o
 .debug_aranges
                0x00000000000002b0       0x40 ../../LUFA/Drivers/USB/Core/AVR8/Endpoint_AVR8.o
 .debug_aranges
                0x00000000000002f0       0x30 ../../LUFA/Drivers/USB/Core/AVR8/USBController_AVR8.o
 .debug_aranges
                0x0000000000000320       0x38 ../../LUFA/Drivers/USB/Core/AVR8/USBInterrupt_AVR8.o
 .debug_aranges
                0x0000000000000358       0x38 ../../LUFA/Drivers/USB/Core/ConfigDescriptors.o
 .debug_aranges
                0x0000000000000390       0x20 ../../LUFA/Drivers/USB/Core/DeviceStandardReq.o
 .debug_aranges
                0x00000000000003b0       0x20 ../../LUFA/Drivers/USB/Core/Events.o
 .debug_aranges
                0x00000000000003d0       0x20 ../../LUFA/Drivers/USB/Core/USBTask.o
 .debug_aranges
                0x00000000000003f0       0x30 ../../LUFA/Drivers/USB/Class/Device/AudioClassDevice.o
 .debug_aranges
                0x0000000000000420       0x98 ../../LUFA/Drivers/USB/Class/Device/CDCClassDevice.o
 .debug_aranges
                0x00000000000004b8       0x30 ../../LUFA/Drivers/USB/Class/Device/HIDClassDevice.o
 .debug_aranges
                0x00000000000004e8       0x30 ../../LUFA/Drivers/USB/Class/Device/MassStorageClassDevice.o
 .debug_aranges
                0x0000000000000518       0x40 ../../LUFA/Drivers/USB/Class/Device/MIDIClassDevice.o
 .debug_aranges
                0x0000000000000558       0x48 ../../LUFA/Drivers/USB/Class/Device/RNDISClassDevice.o

.debug_pubnames
                0x0000000000000000      0xf39
 *(.debug_pubnames)
 .debug_pubnames
                0x0000000000000000      0x39e USBtoSerial.o
 .debug_pubnames
                0x000000000000039e       0x9e Descriptors.o
 .debug_pubnames
                0x000000000000043c       0x7e ../../LUFA/Drivers/USB/Class/Common/HIDParser.o
 .debug_pubnames
                0x00000000000004ba       0x32 ../../LUFA/Drivers/USB/Core/AVR8/Device_AVR8.o
 .debug_pubnames
                0x00000000000004ec      0x2df ../../LUFA/Drivers/USB/Core/AVR8/EndpointStream_AVR8.o
 .debug_pubnames
                0x00000000000007cb       0xaf ../../LUFA/Drivers/USB/Core/AVR8/Endpoint_AVR8.o
 .debug_pubnames
                0x000000000000087a       0x46 ../../LUFA/Drivers/USB/Core/AVR8/USBController_AVR8.o
 .debug_pubnames
                0x00000000000008c0       0x72 ../../LUFA/Drivers/USB/Core/AVR8/USBInterrupt_AVR8.o
 .debug_pubnames
                0x0000000000000932       0x9b ../../LUFA/Drivers/USB/Core/ConfigDescriptors.o
 .debug_pubnames
                0x00000000000009cd       0xa1 ../../LUFA/Drivers/USB/Core/DeviceStandardReq.o
 .debug_pubnames
                0x0000000000000a6e       0x25 ../../LUFA/Drivers/USB/Core/Events.o
 .debug_pubnames
                0x0000000000000a93       0x4f ../../LUFA/Drivers/USB/Core/USBTask.o
 .debug_pubnames
                0x0000000000000ae2       0x79 ../../LUFA/Drivers/USB/Class/Device/AudioClassDevice.o
 .debug_pubnames
                0x0000000000000b5b      0x18b ../../LUFA/Drivers/USB/Class/Device/CDCClassDevice.o
 .debug_pubnames
                0x0000000000000ce6       0x70 ../../LUFA/Drivers/USB/Class/Device/HIDClassDevice.o
 .debug_pubnames
                0x0000000000000d56       0x6d ../../LUFA/Drivers/USB/Class/Device/MassStorageClassDevice.o
 .debug_pubnames
                0x0000000000000dc3       0xa6 ../../LUFA/Drivers/USB/Class/Device/MIDIClassDevice.o
 .debug_pubnames
                0x0000000000000e69       0xd0 ../../LUFA/Drivers/USB/Class/Device/RNDISClassDevice.o

.debug_info     0x0000000000000000     0x92a1
 *(.debug_info)
 .debug_info    0x0000000000000000     0x14e3 USBtoSerial.o
 .debug_info    0x00000000000014e3      0x77d Descriptors.o
 .debug_info    0x0000000000001c60      0x6f9 ../../LUFA/Drivers/USB/Class/Common/HIDParser.o
 .debug_info    0x0000000000002359       0xd8 ../../LUFA/Drivers/USB/Core/AVR8/Device_AVR8.o
 .debug_info    0x0000000000002431     0x154c ../../LUFA/Drivers/USB/Core/AVR8/EndpointStream_AVR8.o
 .debug_info    0x000000000000397d      0x603 ../../LUFA/Drivers/USB/Core/AVR8/Endpoint_AVR8.o
 .debug_info    0x0000000000003f80       0x6c ../../LUFA/Drivers/USB/Core/AVR8/Host_AVR8.o
 .debug_info    0x0000000000003fec       0x6c ../../LUFA/Drivers/USB/Core/AVR8/PipeStream_AVR8.o
 .debug_info    0x0000000000004058       0x6c ../../LUFA/Drivers/USB/Core/AVR8/Pipe_AVR8.o
 .debug_info    0x00000000000040c4      0x412 ../../LUFA/Drivers/USB/Core/AVR8/USBController_AVR8.o
 .debug_info    0x00000000000044d6      0x662 ../../LUFA/Drivers/USB/Core/AVR8/USBInterrupt_AVR8.o
 .debug_info    0x0000000000004b38      0x38c ../../LUFA/Drivers/USB/Core/ConfigDescriptors.o
 .debug_info    0x0000000000004ec4      0x973 ../../LUFA/Drivers/USB/Core/DeviceStandardReq.o
 .debug_info    0x0000000000005837       0x85 ../../LUFA/Drivers/USB/Core/Events.o
 .debug_info    0x00000000000058bc       0x6c ../../LUFA/Drivers/USB/Core/HostStandardReq.o
 .debug_info    0x0000000000005928      0x245 ../../LUFA/Drivers/USB/Core/USBTask.o
 .debug_info    0x0000000000005b6d      0x56c ../../LUFA/Drivers/USB/Class/Device/AudioClassDevice.o
 .debug_info    0x00000000000060d9      0xc3b ../../LUFA/Drivers/USB/Class/Device/CDCClassDevice.o
 .debug_info    0x0000000000006d14      0x67a ../../LUFA/Drivers/USB/Class/Device/HIDClassDevice.o
 .debug_info    0x000000000000738e      0x7ca ../../LUFA/Drivers/USB/Class/Device/MassStorageClassDevice.o
 .debug_info    0x0000000000007b58      0x4c1 ../../LUFA/Drivers/USB/Class/Device/MIDIClassDevice.o
 .debug_info    0x0000000000008019      0xebc ../../LUFA/Drivers/USB/Class/Device/RNDISClassDevice.o
 .debug_info    0x0000000000008ed5       0x6c ../../LUFA/Drivers/USB/Class/Host/AndroidAccessoryClassHost.o
 .debug_info    0x0000000000008f41       0x6c ../../LUFA/Drivers/USB/Class/Host/AudioClassHost.o
 .debug_info    0x0000000000008fad       0x6c ../../LUFA/Drivers/USB/Class/Host/CDCClassHost.o
 .debug_info    0x0000000000009019       0x6c ../../LUFA/Drivers/USB/Class/Host/HIDClassHost.o
 .debug_info    0x0000000000009085       0x6c ../../LUFA/Drivers/USB/Class/Host/MassStorageClassHost.o
 .debug_info    0x00000000000090f1       0x6c ../../LUFA/Drivers/USB/Class/Host/MIDIClassHost.o
 .debug_info    0x000000000000915d       0x6c ../../LUFA/Drivers/USB/Class/Host/PrinterClassHost.o
 .debug_info    0x00000000000091c9       0x6c ../../LUFA/Drivers/USB/Class/Host/RNDISClassHost.o
 .debug_info    0x0000000000009235       0x6c ../../LUFA/Drivers/USB/Class/Host/StillImageClassHost.o
 *(.gnu.linkonce.wi.*)

.debug_abbrev   0x0000000000000000     0x220b
 *(.debug_abbrev)
 .debug_abbrev  0x0000000000000000      0x482 USBtoSerial.o
 .debug_abbrev  0x0000000000000482      0x153 Descriptors.o
 .debug_abbrev  0x00000000000005d5      0x1ec ../../LUFA/Drivers/USB/Class/Common/HIDParser.o
 .debug_abbrev  0x00000000000007c1       0x7d ../../LUFA/Drivers/USB/Core/AVR8/Device_AVR8.o
 .debug_abbrev  0x000000000000083e      0x18b ../../LUFA/Drivers/USB/Core/AVR8/EndpointStream_AVR8.o
 .debug_abbrev  0x00000000000009c9      0x1ee ../../LUFA/Drivers/USB/Core/AVR8/Endpoint_AVR8.o
 .debug_abbrev  0x0000000000000bb7       0x2a ../../LUFA/Drivers/USB/Core/AVR8/Host_AVR8.o
 .debug_abbrev  0x0000000000000be1       0x2a ../../LUFA/Drivers/USB/Core/AVR8/PipeStream_AVR8.o
 .debug_abbrev  0x0000000000000c0b       0x2a ../../LUFA/Drivers/USB/Core/AVR8/Pipe_AVR8.o
 .debug_abbrev  0x0000000000000c35      0x14d ../../LUFA/Drivers/USB/Core/AVR8/USBController_AVR8.o
 .debug_abbrev  0x0000000000000d82      0x1e2 ../../LUFA/Drivers/USB/Core/AVR8/USBInterrupt_AVR8.o
 .debug_abbrev  0x0000000000000f64      0x148 ../../LUFA/Drivers/USB/Core/ConfigDescriptors.o
 .debug_abbrev  0x00000000000010ac      0x20b ../../LUFA/Drivers/USB/Core/DeviceStandardReq.o
 .debug_abbrev  0x00000000000012b7       0x41 ../../LUFA/Drivers/USB/Core/Events.o
 .debug_abbrev  0x00000000000012f8       0x2a ../../LUFA/Drivers/USB/Core/HostStandardReq.o
 .debug_abbrev  0x0000000000001322      0x14b ../../LUFA/Drivers/USB/Core/USBTask.o
 .debug_abbrev  0x000000000000146d      0x160 ../../LUFA/Drivers/USB/Class/Device/AudioClassDevice.o
 .debug_abbrev  0x00000000000015cd      0x2ec ../../LUFA/Drivers/USB/Class/Device/CDCClassDevice.o
 .debug_abbrev  0x00000000000018b9      0x1b5 ../../LUFA/Drivers/USB/Class/Device/HIDClassDevice.o
 .debug_abbrev  0x0000000000001a6e      0x205 ../../LUFA/Drivers/USB/Class/Device/MassStorageClassDevice.o
 .debug_abbrev  0x0000000000001c73      0x16c ../../LUFA/Drivers/USB/Class/Device/MIDIClassDevice.o
 .debug_abbrev  0x0000000000001ddf      0x2b2 ../../LUFA/Drivers/USB/Class/Device/RNDISClassDevice.o
 .debug_abbrev  0x0000000000002091       0x2a ../../LUFA/Drivers/USB/Class/Host/AndroidAccessoryClassHost.o
 .debug_abbrev  0x00000000000020bb       0x2a ../../LUFA/Drivers/USB/Class/Host/AudioClassHost.o
 .debug_abbrev  0x00000000000020e5       0x2a ../../LUFA/Drivers/USB/Class/Host/CDCClassHost.o
 .debug_abbrev  0x000000000000210f       0x2a ../../LUFA/Drivers/USB/Class/Host/HIDClassHost.o
 .debug_abbrev  0x0000000000002139       0x2a ../../LUFA/Drivers/USB/Class/Host/MassStorageClassHost.o
 .debug_abbrev  0x0000000000002163       0x2a ../../LUFA/Drivers/USB/Class/Host/MIDIClassHost.o
 .debug_abbrev  0x000000000000218d       0x2a ../../LUFA/Drivers/USB/Class/Host/PrinterClassHost.o
 .debug_abbrev  0x00000000000021b7       0x2a ../../LUFA/Drivers/USB/Class/Host/RNDISClassHost.o
 .debug_abbrev  0x00000000000021e1       0x2a ../../LUFA/Drivers/USB/Class/Host/StillImageClassHost.o

.debug_line     0x0000000000000000     0x7bee
 *(.debug_line)
 .debug_line    0x0000000000000000     0x160b USBtoSerial.o
 .debug_line    0x000000000000160b      0x1d9 Descriptors.o
 .debug_line    0x00000000000017e4      0x762 ../../LUFA/Drivers/USB/Class/Common/HIDParser.o
 .debug_line    0x0000000000001f46      0x15f ../../LUFA/Drivers/USB/Core/AVR8/Device_AVR8.o
 .debug_line    0x00000000000020a5     0x1a80 ../../LUFA/Drivers/USB/Core/AVR8/EndpointStream_AVR8.o
 .debug_line    0x0000000000003b25      0x5a1 ../../LUFA/Drivers/USB/Core/AVR8/Endpoint_AVR8.o
 .debug_line    0x00000000000040c6       0x3e ../../LUFA/Drivers/USB/Core/AVR8/Host_AVR8.o
 .debug_line    0x0000000000004104       0x3e ../../LUFA/Drivers/USB/Core/AVR8/PipeStream_AVR8.o
 .debug_line    0x0000000000004142       0x3e ../../LUFA/Drivers/USB/Core/AVR8/Pipe_AVR8.o
 .debug_line    0x0000000000004180      0x312 ../../LUFA/Drivers/USB/Core/AVR8/USBController_AVR8.o
 .debug_line    0x0000000000004492      0x55a ../../LUFA/Drivers/USB/Core/AVR8/USBInterrupt_AVR8.o
 .debug_line    0x00000000000049ec      0x269 ../../LUFA/Drivers/USB/Core/ConfigDescriptors.o
 .debug_line    0x0000000000004c55      0x5a2 ../../LUFA/Drivers/USB/Core/DeviceStandardReq.o
 .debug_line    0x00000000000051f7       0x80 ../../LUFA/Drivers/USB/Core/Events.o
 .debug_line    0x0000000000005277       0x3e ../../LUFA/Drivers/USB/Core/HostStandardReq.o
 .debug_line    0x00000000000052b5      0x1ae ../../LUFA/Drivers/USB/Core/USBTask.o
 .debug_line    0x0000000000005463      0x4be ../../LUFA/Drivers/USB/Class/Device/AudioClassDevice.o
 .debug_line    0x0000000000005921      0x9c2 ../../LUFA/Drivers/USB/Class/Device/CDCClassDevice.o
 .debug_line    0x00000000000062e3      0x5c3 ../../LUFA/Drivers/USB/Class/Device/HIDClassDevice.o
 .debug_line    0x00000000000068a6      0x5c6 ../../LUFA/Drivers/USB/Class/Device/MassStorageClassDevice.o
 .debug_line    0x0000000000006e6c      0x3bc ../../LUFA/Drivers/USB/Class/Device/MIDIClassDevice.o
 .debug_line    0x0000000000007228      0x798 ../../LUFA/Drivers/USB/Class/Device/RNDISClassDevice.o
 .debug_line    0x00000000000079c0       0x3e ../../LUFA/Drivers/USB/Class/Host/AndroidAccessoryClassHost.o
 .debug_line    0x00000000000079fe       0x3e ../../LUFA/Drivers/USB/Class/Host/AudioClassHost.o
 .debug_line    0x0000000000007a3c       0x3e ../../LUFA/Drivers/USB/Class/Host/CDCClassHost.o
 .debug_line    0x0000000000007a7a       0x3e ../../LUFA/Drivers/USB/Class/Host/HIDClassHost.o
 .debug_line    0x0000000000007ab8       0x3e ../../LUFA/Drivers/USB/Class/Host/MassStorageClassHost.o
 .debug_line    0x0000000000007af6       0x3e ../../LUFA/Drivers/USB/Class/Host/MIDIClassHost.o
 .debug_line    0x0000000000007b34       0x3e ../../LUFA/Drivers/USB/Class/Host/PrinterClassHost.o
 .debug_line    0x0000000000007b72       0x3e ../../LUFA/Drivers/USB/Class/Host/RNDISClassHost.o
 .debug_line    0x0000000000007bb0       0x3e ../../LUFA/Drivers/USB/Class/Host/StillImageClassHost.o

.debug_frame    0x0000000000000000      0x900
 *(.debug_frame)
 .debug_frame   0x0000000000000000      0x2c0 USBtoSerial.o
 .debug_frame   0x00000000000002c0       0x20 Descriptors.o
 .debug_frame   0x00000000000002e0       0x50 ../../LUFA/Drivers/USB/Class/Common/HIDParser.o
 .debug_frame   0x0000000000000330       0x20 ../../LUFA/Drivers/USB/Core/AVR8/Device_AVR8.o
 .debug_frame   0x0000000000000350      0x170 ../../LUFA/Drivers/USB/Core/AVR8/EndpointStream_AVR8.o
 .debug_frame   0x00000000000004c0       0x60 ../../LUFA/Drivers/USB/Core/AVR8/Endpoint_AVR8.o
 .debug_frame   0x0000000000000520       0x40 ../../LUFA/Drivers/USB/Core/AVR8/USBController_AVR8.o
 .debug_frame   0x0000000000000560       0x50 ../../LUFA/Drivers/USB/Core/AVR8/USBInterrupt_AVR8.o
 .debug_frame   0x00000000000005b0       0x50 ../../LUFA/Drivers/USB/Core/ConfigDescriptors.o
 .debug_frame   0x0000000000000600       0x20 ../../LUFA/Drivers/USB/Core/DeviceStandardReq.o
 .debug_frame   0x0000000000000620       0x20 ../../LUFA/Drivers/USB/Core/Events.o
 .debug_frame   0x0000000000000640       0x20 ../../LUFA/Drivers/USB/Core/USBTask.o
 .debug_frame   0x0000000000000660       0x40 ../../LUFA/Drivers/USB/Class/Device/AudioClassDevice.o
 .debug_frame   0x00000000000006a0      0x110 ../../LUFA/Drivers/USB/Class/Device/CDCClassDevice.o
 .debug_frame   0x00000000000007b0       0x40 ../../LUFA/Drivers/USB/Class/Device/HIDClassDevice.o
 .debug_frame   0x00000000000007f0       0x40 ../../LUFA/Drivers/USB/Class/Device/MassStorageClassDevice.o
 .debug_frame   0x0000000000000830       0x60 ../../LUFA/Drivers/USB/Class/Device/MIDIClassDevice.o
 .debug_frame   0x0000000000000890       0x70 ../../LUFA/Drivers/USB/Class/Device/RNDISClassDevice.o

.debug_str      0x0000000000000000     0x3d74
 *(.debug_str)
 .debug_str     0x0000000000000000      0xab6 USBtoSerial.o
                                        0xb6e (size before relaxing)
 .debug_str     0x0000000000000ab6      0x8ba Descriptors.o
                                        0x9e5 (size before relaxing)
 .debug_str     0x0000000000001370      0x47c ../../LUFA/Drivers/USB/Class/Common/HIDParser.o
                                        0x5c5 (size before relaxing)
 .debug_str     0x00000000000017ec       0x77 ../../LUFA/Drivers/USB/Core/AVR8/Device_AVR8.o
                                        0x128 (size before relaxing)
 .debug_str     0x0000000000001863      0x592 ../../LUFA/Drivers/USB/Core/AVR8/EndpointStream_AVR8.o
                                        0x73e (size before relaxing)
 .debug_str     0x0000000000001df5      0x212 ../../LUFA/Drivers/USB/Core/AVR8/Endpoint_AVR8.o
                                        0x53a (size before relaxing)
 .debug_str     0x0000000000002007       0x2d ../../LUFA/Drivers/USB/Core/AVR8/Host_AVR8.o
                                         0xd0 (size before relaxing)
 .debug_str     0x0000000000002034       0x33 ../../LUFA/Drivers/USB/Core/AVR8/PipeStream_AVR8.o
                                         0xd6 (size before relaxing)
 .debug_str     0x0000000000002067       0x2d ../../LUFA/Drivers/USB/Core/AVR8/Pipe_AVR8.o
                                         0xd0 (size before relaxing)
 .debug_str     0x0000000000002094      0x209 ../../LUFA/Drivers/USB/Core/AVR8/USBController_AVR8.o
                                        0x3f9 (size before relaxing)
 .debug_str     0x000000000000229d      0x113 ../../LUFA/Drivers/USB/Core/AVR8/USBInterrupt_AVR8.o
                                        0x3fb (size before relaxing)
 .debug_str     0x00000000000023b0      0x227 ../../LUFA/Drivers/USB/Core/ConfigDescriptors.o
                                        0x310 (size before relaxing)
 .debug_str     0x00000000000025d7      0x3b2 ../../LUFA/Drivers/USB/Core/DeviceStandardReq.o
                                        0x82e (size before relaxing)
 .debug_str     0x0000000000002989       0x34 ../../LUFA/Drivers/USB/Core/Events.o
                                         0xd7 (size before relaxing)
 .debug_str     0x00000000000029bd       0x2e ../../LUFA/Drivers/USB/Core/HostStandardReq.o
                                         0xd1 (size before relaxing)
 .debug_str     0x00000000000029eb       0x4e ../../LUFA/Drivers/USB/Core/USBTask.o
                                        0x27e (size before relaxing)
 .debug_str     0x0000000000002a39      0x239 ../../LUFA/Drivers/USB/Class/Device/AudioClassDevice.o
                                        0x4fe (size before relaxing)
 .debug_str     0x0000000000002c72      0x2fa ../../LUFA/Drivers/USB/Class/Device/CDCClassDevice.o
                                        0x8b2 (size before relaxing)
 .debug_str     0x0000000000002f6c      0x1ed ../../LUFA/Drivers/USB/Class/Device/HIDClassDevice.o
                                        0x52d (size before relaxing)
 .debug_str     0x0000000000003159      0x23d ../../LUFA/Drivers/USB/Class/Device/MassStorageClassDevice.o
                                        0x68e (size before relaxing)
 .debug_str     0x0000000000003396      0x118 ../../LUFA/Drivers/USB/Class/Device/MIDIClassDevice.o
                                        0x515 (size before relaxing)
 .debug_str     0x00000000000034ae      0x6e8 ../../LUFA/Drivers/USB/Class/Device/RNDISClassDevice.o
                                        0xbc6 (size before relaxing)
 .debug_str     0x0000000000003b96       0x3e ../../LUFA/Drivers/USB/Class/Host/AndroidAccessoryClassHost.o
                                         0xe1 (size before relaxing)
 .debug_str     0x0000000000003bd4       0x33 ../../LUFA/Drivers/USB/Class/Host/AudioClassHost.o
                                         0xd6 (size before relaxing)
 .debug_str     0x0000000000003c07       0x31 ../../LUFA/Drivers/USB/Class/Host/CDCClassHost.o
                                         0xd4 (size before relaxing)
 .debug_str     0x0000000000003c38       0x31 ../../LUFA/Drivers/USB/Class/Host/HIDClassHost.o
                                         0xd4 (size before relaxing)
 .debug_str     0x0000000000003c69       0x39 ../../LUFA/Drivers/USB/Class/Host/MassStorageClassHost.o
                                         0xdc (size before relaxing)
 .debug_str     0x0000000000003ca2       0x32 ../../LUFA/Drivers/USB/Class/Host/MIDIClassHost.o
                                         0xd5 (size before relaxing)
 .debug_str     0x0000000000003cd4       0x35 ../../LUFA/Drivers/USB/Class/Host/PrinterClassHost.o
                                         0xd8 (size before relaxing)
 .debug_str     0x0000000000003d09       0x33 ../../LUFA/Drivers/USB/Class/Host/RNDISClassHost.o
                                         0xd6 (size before relaxing)
 .debug_str     0x0000000000003d3c       0x38 ../../LUFA/Drivers/USB/Class/Host/StillImageClassHost.o
                                         0xdb (size before relaxing)

.debug_loc      0x0000000000000000     0x4b3c
 *(.debug_loc)
 .debug_loc     0x0000000000000000      0xaa0 USBtoSerial.o
 .debug_loc     0x0000000000000aa0       0xd3 Descriptors.o
 .debug_loc     0x0000000000000b73      0x88f ../../LUFA/Drivers/USB/Class/Common/HIDParser.o
 .debug_loc     0x0000000000001402     0x1982 ../../LUFA/Drivers/USB/Core/AVR8/EndpointStream_AVR8.o
 .debug_loc     0x0000000000002d84      0x390 ../../LUFA/Drivers/USB/Core/AVR8/Endpoint_AVR8.o
 .debug_loc     0x0000000000003114      0x190 ../../LUFA/Drivers/USB/Core/AVR8/USBInterrupt_AVR8.o
 .debug_loc     0x00000000000032a4      0x2bc ../../LUFA/Drivers/USB/Core/ConfigDescriptors.o
 .debug_loc     0x0000000000003560      0x22a ../../LUFA/Drivers/USB/Core/DeviceStandardReq.o
 .debug_loc     0x000000000000378a       0x27 ../../LUFA/Drivers/USB/Core/USBTask.o
 .debug_loc     0x00000000000037b1      0x16d ../../LUFA/Drivers/USB/Class/Device/AudioClassDevice.o
 .debug_loc     0x000000000000391e      0x52b ../../LUFA/Drivers/USB/Class/Device/CDCClassDevice.o
 .debug_loc     0x0000000000003e49      0x249 ../../LUFA/Drivers/USB/Class/Device/HIDClassDevice.o
 .debug_loc     0x0000000000004092      0x152 ../../LUFA/Drivers/USB/Class/Device/MassStorageClassDevice.o
 .debug_loc     0x00000000000041e4      0x1f6 ../../LUFA/Drivers/USB/Class/Device/MIDIClassDevice.o
 .debug_loc     0x00000000000043da      0x762 ../../LUFA/Drivers/USB/Class/Device/RNDISClassDevice.o

.debug_macinfo
 *(.debug_macinfo)
OUTPUT(USBtoSerial.elf elf32-avr)
LOAD linker stubs

.debug_pubtypes
                0x0000000000000000     0x1111
 .debug_pubtypes
                0x0000000000000000      0x15a USBtoSerial.o
 .debug_pubtypes
                0x000000000000015a      0x1f1 Descriptors.o
 .debug_pubtypes
                0x000000000000034b      0x145 ../../LUFA/Drivers/USB/Class/Common/HIDParser.o
 .debug_pubtypes
                0x0000000000000490       0x1e ../../LUFA/Drivers/USB/Core/AVR8/Device_AVR8.o
 .debug_pubtypes
                0x00000000000004ae       0xab ../../LUFA/Drivers/USB/Core/AVR8/EndpointStream_AVR8.o
 .debug_pubtypes
                0x0000000000000559       0x9e ../../LUFA/Drivers/USB/Core/AVR8/Endpoint_AVR8.o
 .debug_pubtypes
                0x00000000000005f7       0x12 ../../LUFA/Drivers/USB/Core/AVR8/Host_AVR8.o
 .debug_pubtypes
                0x0000000000000609       0x12 ../../LUFA/Drivers/USB/Core/AVR8/PipeStream_AVR8.o
 .debug_pubtypes
                0x000000000000061b       0x12 ../../LUFA/Drivers/USB/Core/AVR8/Pipe_AVR8.o
 .debug_pubtypes
                0x000000000000062d       0x68 ../../LUFA/Drivers/USB/Core/AVR8/USBController_AVR8.o
 .debug_pubtypes
                0x0000000000000695       0x58 ../../LUFA/Drivers/USB/Core/AVR8/USBInterrupt_AVR8.o
 .debug_pubtypes
                0x00000000000006ed       0xb4 ../../LUFA/Drivers/USB/Core/ConfigDescriptors.o
 .debug_pubtypes
                0x00000000000007a1       0xd7 ../../LUFA/Drivers/USB/Core/DeviceStandardReq.o
 .debug_pubtypes
                0x0000000000000878       0x12 ../../LUFA/Drivers/USB/Core/Events.o
 .debug_pubtypes
                0x000000000000088a       0x12 ../../LUFA/Drivers/USB/Core/HostStandardReq.o
 .debug_pubtypes
                0x000000000000089c       0x5c ../../LUFA/Drivers/USB/Core/USBTask.o
 .debug_pubtypes
                0x00000000000008f8       0xb2 ../../LUFA/Drivers/USB/Class/Device/AudioClassDevice.o
 .debug_pubtypes
                0x00000000000009aa      0x151 ../../LUFA/Drivers/USB/Class/Device/CDCClassDevice.o
 .debug_pubtypes
                0x0000000000000afb       0xc6 ../../LUFA/Drivers/USB/Class/Device/HIDClassDevice.o
 .debug_pubtypes
                0x0000000000000bc1      0x132 ../../LUFA/Drivers/USB/Class/Device/MassStorageClassDevice.o
 .debug_pubtypes
                0x0000000000000cf3       0xe0 ../../LUFA/Drivers/USB/Class/Device/MIDIClassDevice.o
 .debug_pubtypes
                0x0000000000000dd3      0x29c ../../LUFA/Drivers/USB/Class/Device/RNDISClassDevice.o
 .debug_pubtypes
                0x000000000000106f       0x12 ../../LUFA/Drivers/USB/Class/Host/AndroidAccessoryClassHost.o
 .debug_pubtypes
                0x0000000000001081       0x12 ../../LUFA/Drivers/USB/Class/Host/AudioClassHost.o
 .debug_pubtypes
                0x0000000000001093       0x12 ../../LUFA/Drivers/USB/Class/Host/CDCClassHost.o
 .debug_pubtypes
                0x00000000000010a5       0x12 ../../LUFA/Drivers/USB/Class/Host/HIDClassHost.o
 .debug_pubtypes
                0x00000000000010b7       0x12 ../../LUFA/Drivers/USB/Class/Host/MassStorageClassHost.o
 .debug_pubtypes
                0x00000000000010c9       0x12 ../../LUFA/Drivers/USB/Class/Host/MIDIClassHost.o
 .debug_pubtypes
                0x00000000000010db       0x12 ../../LUFA/Drivers/USB/Class/Host/PrinterClassHost.o
 .debug_pubtypes
                0x00000000000010ed       0x12 ../../LUFA/Drivers/USB/Class/Host/RNDISClassHost.o
 .debug_pubtypes
                0x00000000000010ff       0x12 ../../LUFA/Drivers/USB/Class/Host/StillImageClassHost.o

.debug_ranges   0x0000000000000000      0x828
 .debug_ranges  0x0000000000000000      0x190 USBtoSerial.o
 .debug_ranges  0x0000000000000190       0x10 Descriptors.o
 .debug_ranges  0x00000000000001a0      0x100 ../../LUFA/Drivers/USB/Class/Common/HIDParser.o
 .debug_ranges  0x00000000000002a0       0x10 ../../LUFA/Drivers/USB/Core/AVR8/Device_AVR8.o
 .debug_ranges  0x00000000000002b0      0x298 ../../LUFA/Drivers/USB/Core/AVR8/EndpointStream_AVR8.o
 .debug_ranges  0x0000000000000548       0xa8 ../../LUFA/Drivers/USB/Core/AVR8/Endpoint_AVR8.o
 .debug_ranges  0x00000000000005f0       0x20 ../../LUFA/Drivers/USB/Core/AVR8/USBController_AVR8.o
 .debug_ranges  0x0000000000000610       0x28 ../../LUFA/Drivers/USB/Core/AVR8/USBInterrupt_AVR8.o
 .debug_ranges  0x0000000000000638       0x28 ../../LUFA/Drivers/USB/Core/ConfigDescriptors.o
 .debug_ranges  0x0000000000000660       0x10 ../../LUFA/Drivers/USB/Core/DeviceStandardReq.o
 .debug_ranges  0x0000000000000670       0x10 ../../LUFA/Drivers/USB/Core/Events.o
 .debug_ranges  0x0000000000000680       0x10 ../../LUFA/Drivers/USB/Core/USBTask.o
 .debug_ranges  0x0000000000000690       0x20 ../../LUFA/Drivers/USB/Class/Device/AudioClassDevice.o
 .debug_ranges  0x00000000000006b0       0x88 ../../LUFA/Drivers/USB/Class/Device/CDCClassDevice.o
 .debug_ranges  0x0000000000000738       0x20 ../../LUFA/Drivers/USB/Class/Device/HIDClassDevice.o
 .debug_ranges  0x0000000000000758       0x20 ../../LUFA/Drivers/USB/Class/Device/MassStorageClassDevice.o
 .debug_ranges  0x0000000000000778       0x30 ../../LUFA/Drivers/USB/Class/Device/MIDIClassDevice.o
 .debug_ranges  0x00000000000007a8       0x80 ../../LUFA/Drivers/USB/Class/Device/RNDISClassDevice.o

Cross Reference Table

Symbol                                            File
Audio_Device_ConfigureEndpoints                   ../../LUFA/Drivers/USB/Class/Device/AudioClassDevice.o
Audio_Device_Event_Stub                           ../../LUFA/Drivers/USB/Class/Device/AudioClassDevice.o
Audio_Device_ProcessControlRequest                ../../LUFA/Drivers/USB/Class/Device/AudioClassDevice.o
CALLBACK_Audio_Device_GetSetEndpointProperty      ../../LUFA/Drivers/USB/Class/Device/AudioClassDevice.o
CALLBACK_Audio_Device_GetSetInterfaceProperty     ../../LUFA/Drivers/USB/Class/Device/AudioClassDevice.o
CALLBACK_HIDParser_FilterHIDReportItem            ../../LUFA/Drivers/USB/Class/Common/HIDParser.o
CALLBACK_HID_Device_CreateHIDReport               ../../LUFA/Drivers/USB/Class/Device/HIDClassDevice.o
CALLBACK_HID_Device_ProcessHIDReport              ../../LUFA/Drivers/USB/Class/Device/HIDClassDevice.o
CALLBACK_MS_Device_SCSICommandReceived            ../../LUFA/Drivers/USB/Class/Device/MassStorageClassDevice.o
CALLBACK_USB_GetDescriptor                        Descriptors.o
                                                  ../../LUFA/Drivers/USB/Core/DeviceStandardReq.o
CDC_Device_BytesReceived                          ../../LUFA/Drivers/USB/Class/Device/CDCClassDevice.o
CDC_Device_ConfigureEndpoints                     ../../LUFA/Drivers/USB/Class/Device/CDCClassDevice.o
                                                  USBtoSerial.o
CDC_Device_CreateBlockingStream                   ../../LUFA/Drivers/USB/Class/Device/CDCClassDevice.o
CDC_Device_CreateStream                           ../../LUFA/Drivers/USB/Class/Device/CDCClassDevice.o
CDC_Device_Event_Stub                             ../../LUFA/Drivers/USB/Class/Device/CDCClassDevice.o
CDC_Device_Flush                                  ../../LUFA/Drivers/USB/Class/Device/CDCClassDevice.o
CDC_Device_ProcessControlRequest                  ../../LUFA/Drivers/USB/Class/Device/CDCClassDevice.o
                                                  USBtoSerial.o
CDC_Device_ReceiveByte                            ../../LUFA/Drivers/USB/Class/Device/CDCClassDevice.o
                                                  USBtoSerial.o
CDC_Device_SendByte                               ../../LUFA/Drivers/USB/Class/Device/CDCClassDevice.o
                                                  USBtoSerial.o
CDC_Device_SendControlLineStateChange             ../../LUFA/Drivers/USB/Class/Device/CDCClassDevice.o
CDC_Device_SendData                               ../../LUFA/Drivers/USB/Class/Device/CDCClassDevice.o
CDC_Device_SendString                             ../../LUFA/Drivers/USB/Class/Device/CDCClassDevice.o
CDC_Device_USBTask                                ../../LUFA/Drivers/USB/Class/Device/CDCClassDevice.o
                                                  USBtoSerial.o
ConfigurationDescriptor                           Descriptors.o
DeviceDescriptor                                  Descriptors.o
EVENT_Audio_Device_StreamStartStop                ../../LUFA/Drivers/USB/Class/Device/AudioClassDevice.o
EVENT_CDC_Device_BreakSent                        ../../LUFA/Drivers/USB/Class/Device/CDCClassDevice.o
EVENT_CDC_Device_ControLineStateChanged           ../../LUFA/Drivers/USB/Class/Device/CDCClassDevice.o
EVENT_CDC_Device_LineEncodingChanged              USBtoSerial.o
EVENT_USB_Device_ConfigurationChanged             USBtoSerial.o
                                                  ../../LUFA/Drivers/USB/Core/DeviceStandardReq.o
EVENT_USB_Device_Connect                          USBtoSerial.o
                                                  ../../LUFA/Drivers/USB/Core/AVR8/USBInterrupt_AVR8.o
EVENT_USB_Device_ControlRequest                   USBtoSerial.o
                                                  ../../LUFA/Drivers/USB/Core/DeviceStandardReq.o
EVENT_USB_Device_Disconnect                       USBtoSerial.o
                                                  ../../LUFA/Drivers/USB/Core/AVR8/USBInterrupt_AVR8.o
EVENT_USB_Device_Reset                            ../../LUFA/Drivers/USB/Core/Events.o
                                                  ../../LUFA/Drivers/USB/Core/AVR8/USBInterrupt_AVR8.o
EVENT_USB_Device_StartOfFrame                     ../../LUFA/Drivers/USB/Core/Events.o
                                                  ../../LUFA/Drivers/USB/Core/AVR8/USBInterrupt_AVR8.o
EVENT_USB_Device_Suspend                          ../../LUFA/Drivers/USB/Core/Events.o
EVENT_USB_Device_WakeUp                           ../../LUFA/Drivers/USB/Core/Events.o
Endpoint_ClearEndpoints                           ../../LUFA/Drivers/USB/Core/AVR8/Endpoint_AVR8.o
Endpoint_ClearStatusStage                         ../../LUFA/Drivers/USB/Core/AVR8/Endpoint_AVR8.o
                                                  ../../LUFA/Drivers/USB/Class/Device/MassStorageClassDevice.o
                                                  ../../LUFA/Drivers/USB/Class/Device/HIDClassDevice.o
                                                  ../../LUFA/Drivers/USB/Class/Device/CDCClassDevice.o
                                                  ../../LUFA/Drivers/USB/Class/Device/AudioClassDevice.o
                                                  ../../LUFA/Drivers/USB/Core/DeviceStandardReq.o
Endpoint_ConfigureEndpointTable                   ../../LUFA/Drivers/USB/Core/AVR8/Endpoint_AVR8.o
                                                  ../../LUFA/Drivers/USB/Class/Device/RNDISClassDevice.o
                                                  ../../LUFA/Drivers/USB/Class/Device/MIDIClassDevice.o
                                                  ../../LUFA/Drivers/USB/Class/Device/MassStorageClassDevice.o
                                                  ../../LUFA/Drivers/USB/Class/Device/HIDClassDevice.o
                                                  ../../LUFA/Drivers/USB/Class/Device/CDCClassDevice.o
                                                  ../../LUFA/Drivers/USB/Class/Device/AudioClassDevice.o
Endpoint_ConfigureEndpoint_Prv                    ../../LUFA/Drivers/USB/Core/AVR8/Endpoint_AVR8.o
                                                  ../../LUFA/Drivers/USB/Core/AVR8/USBInterrupt_AVR8.o
                                                  ../../LUFA/Drivers/USB/Core/AVR8/USBController_AVR8.o
Endpoint_Discard_Stream                           ../../LUFA/Drivers/USB/Core/AVR8/EndpointStream_AVR8.o
Endpoint_Null_Stream                              ../../LUFA/Drivers/USB/Core/AVR8/EndpointStream_AVR8.o
Endpoint_Read_Control_EStream_BE                  ../../LUFA/Drivers/USB/Core/AVR8/EndpointStream_AVR8.o
Endpoint_Read_Control_EStream_LE                  ../../LUFA/Drivers/USB/Core/AVR8/EndpointStream_AVR8.o
Endpoint_Read_Control_Stream_BE                   ../../LUFA/Drivers/USB/Core/AVR8/EndpointStream_AVR8.o
Endpoint_Read_Control_Stream_LE                   ../../LUFA/Drivers/USB/Core/AVR8/EndpointStream_AVR8.o
                                                  ../../LUFA/Drivers/USB/Class/Device/RNDISClassDevice.o
                                                  ../../LUFA/Drivers/USB/Class/Device/HIDClassDevice.o
                                                  ../../LUFA/Drivers/USB/Class/Device/AudioClassDevice.o
Endpoint_Read_EStream_BE                          ../../LUFA/Drivers/USB/Core/AVR8/EndpointStream_AVR8.o
Endpoint_Read_EStream_LE                          ../../LUFA/Drivers/USB/Core/AVR8/EndpointStream_AVR8.o
Endpoint_Read_Stream_BE                           ../../LUFA/Drivers/USB/Core/AVR8/EndpointStream_AVR8.o
Endpoint_Read_Stream_LE                           ../../LUFA/Drivers/USB/Core/AVR8/EndpointStream_AVR8.o
                                                  ../../LUFA/Drivers/USB/Class/Device/RNDISClassDevice.o
                                                  ../../LUFA/Drivers/USB/Class/Device/MIDIClassDevice.o
                                                  ../../LUFA/Drivers/USB/Class/Device/MassStorageClassDevice.o
Endpoint_WaitUntilReady                           ../../LUFA/Drivers/USB/Core/AVR8/Endpoint_AVR8.o
                                                  ../../LUFA/Drivers/USB/Class/Device/RNDISClassDevice.o
                                                  ../../LUFA/Drivers/USB/Class/Device/MIDIClassDevice.o
                                                  ../../LUFA/Drivers/USB/Class/Device/CDCClassDevice.o
                                                  ../../LUFA/Drivers/USB/Core/AVR8/EndpointStream_AVR8.o
Endpoint_Write_Control_EStream_BE                 ../../LUFA/Drivers/USB/Core/AVR8/EndpointStream_AVR8.o
Endpoint_Write_Control_EStream_LE                 ../../LUFA/Drivers/USB/Core/AVR8/EndpointStream_AVR8.o
Endpoint_Write_Control_PStream_BE                 ../../LUFA/Drivers/USB/Core/AVR8/EndpointStream_AVR8.o
Endpoint_Write_Control_PStream_LE                 ../../LUFA/Drivers/USB/Core/AVR8/EndpointStream_AVR8.o
                                                  ../../LUFA/Drivers/USB/Core/DeviceStandardReq.o
Endpoint_Write_Control_Stream_BE                  ../../LUFA/Drivers/USB/Core/AVR8/EndpointStream_AVR8.o
Endpoint_Write_Control_Stream_LE                  ../../LUFA/Drivers/USB/Core/AVR8/EndpointStream_AVR8.o
                                                  ../../LUFA/Drivers/USB/Class/Device/RNDISClassDevice.o
                                                  ../../LUFA/Drivers/USB/Class/Device/HIDClassDevice.o
                                                  ../../LUFA/Drivers/USB/Class/Device/AudioClassDevice.o
                                                  ../../LUFA/Drivers/USB/Core/DeviceStandardReq.o
Endpoint_Write_EStream_BE                         ../../LUFA/Drivers/USB/Core/AVR8/EndpointStream_AVR8.o
Endpoint_Write_EStream_LE                         ../../LUFA/Drivers/USB/Core/AVR8/EndpointStream_AVR8.o
Endpoint_Write_PStream_BE                         ../../LUFA/Drivers/USB/Core/AVR8/EndpointStream_AVR8.o
Endpoint_Write_PStream_LE                         ../../LUFA/Drivers/USB/Core/AVR8/EndpointStream_AVR8.o
Endpoint_Write_Stream_BE                          ../../LUFA/Drivers/USB/Core/AVR8/EndpointStream_AVR8.o
Endpoint_Write_Stream_LE                          ../../LUFA/Drivers/USB/Core/AVR8/EndpointStream_AVR8.o
                                                  ../../LUFA/Drivers/USB/Class/Device/RNDISClassDevice.o
                                                  ../../LUFA/Drivers/USB/Class/Device/MIDIClassDevice.o
                                                  ../../LUFA/Drivers/USB/Class/Device/MassStorageClassDevice.o
                                                  ../../LUFA/Drivers/USB/Class/Device/HIDClassDevice.o
                                                  ../../LUFA/Drivers/USB/Class/Device/CDCClassDevice.o
HID_Device_ConfigureEndpoints                     ../../LUFA/Drivers/USB/Class/Device/HIDClassDevice.o
HID_Device_ProcessControlRequest                  ../../LUFA/Drivers/USB/Class/Device/HIDClassDevice.o
HID_Device_USBTask                                ../../LUFA/Drivers/USB/Class/Device/HIDClassDevice.o
LanguageString                                    Descriptors.o
MIDI_Device_ConfigureEndpoints                    ../../LUFA/Drivers/USB/Class/Device/MIDIClassDevice.o
MIDI_Device_Flush                                 ../../LUFA/Drivers/USB/Class/Device/MIDIClassDevice.o
MIDI_Device_ReceiveEventPacket                    ../../LUFA/Drivers/USB/Class/Device/MIDIClassDevice.o
MIDI_Device_SendEventPacket                       ../../LUFA/Drivers/USB/Class/Device/MIDIClassDevice.o
MIDI_Device_USBTask                               ../../LUFA/Drivers/USB/Class/Device/MIDIClassDevice.o
MS_Device_ConfigureEndpoints                      ../../LUFA/Drivers/USB/Class/Device/MassStorageClassDevice.o
MS_Device_ProcessControlRequest                   ../../LUFA/Drivers/USB/Class/Device/MassStorageClassDevice.o
MS_Device_USBTask                                 ../../LUFA/Drivers/USB/Class/Device/MassStorageClassDevice.o
ManufacturerString                                Descriptors.o
ProductString                                     Descriptors.o
RNDIS_Device_ConfigureEndpoints                   ../../LUFA/Drivers/USB/Class/Device/RNDISClassDevice.o
RNDIS_Device_IsPacketReceived                     ../../LUFA/Drivers/USB/Class/Device/RNDISClassDevice.o
RNDIS_Device_ProcessControlRequest                ../../LUFA/Drivers/USB/Class/Device/RNDISClassDevice.o
RNDIS_Device_ReadPacket                           ../../LUFA/Drivers/USB/Class/Device/RNDISClassDevice.o
RNDIS_Device_SendPacket                           ../../LUFA/Drivers/USB/Class/Device/RNDISClassDevice.o
RNDIS_Device_USBTask                              ../../LUFA/Drivers/USB/Class/Device/RNDISClassDevice.o
SetupHardware                                     USBtoSerial.o
USB_ControlRequest                                ../../LUFA/Drivers/USB/Class/Device/RNDISClassDevice.o
                                                  ../../LUFA/Drivers/USB/Class/Device/MassStorageClassDevice.o
                                                  ../../LUFA/Drivers/USB/Class/Device/HIDClassDevice.o
                                                  ../../LUFA/Drivers/USB/Class/Device/CDCClassDevice.o
                                                  ../../LUFA/Drivers/USB/Class/Device/AudioClassDevice.o
                                                  ../../LUFA/Drivers/USB/Core/USBTask.o
                                                  ../../LUFA/Drivers/USB/Core/DeviceStandardReq.o
                                                  ../../LUFA/Drivers/USB/Core/AVR8/Endpoint_AVR8.o
                                                  ../../LUFA/Drivers/USB/Core/AVR8/EndpointStream_AVR8.o
USB_Device_ConfigurationNumber                    ../../LUFA/Drivers/USB/Core/DeviceStandardReq.o
                                                  ../../LUFA/Drivers/USB/Core/AVR8/USBInterrupt_AVR8.o
                                                  ../../LUFA/Drivers/USB/Core/AVR8/USBController_AVR8.o
USB_Device_CurrentlySelfPowered                   ../../LUFA/Drivers/USB/Core/DeviceStandardReq.o
                                                  ../../LUFA/Drivers/USB/Core/AVR8/USBController_AVR8.o
USB_Device_ProcessControlRequest                  ../../LUFA/Drivers/USB/Core/DeviceStandardReq.o
                                                  ../../LUFA/Drivers/USB/Core/USBTask.o
                                                  ../../LUFA/Drivers/USB/Core/AVR8/USBInterrupt_AVR8.o
USB_Device_RemoteWakeupEnabled                    ../../LUFA/Drivers/USB/Core/DeviceStandardReq.o
                                                  ../../LUFA/Drivers/USB/Core/AVR8/USBController_AVR8.o
USB_Device_SendRemoteWakeup                       ../../LUFA/Drivers/USB/Core/AVR8/Device_AVR8.o
USB_Disable                                       ../../LUFA/Drivers/USB/Core/AVR8/USBController_AVR8.o
USB_Event_Stub                                    ../../LUFA/Drivers/USB/Core/Events.o
USB_GetHIDReportItemInfo                          ../../LUFA/Drivers/USB/Class/Common/HIDParser.o
USB_GetHIDReportSize                              ../../LUFA/Drivers/USB/Class/Common/HIDParser.o
USB_GetNextDescriptorComp                         ../../LUFA/Drivers/USB/Core/ConfigDescriptors.o
USB_GetNextDescriptorOfType                       ../../LUFA/Drivers/USB/Core/ConfigDescriptors.o
USB_GetNextDescriptorOfTypeAfter                  ../../LUFA/Drivers/USB/Core/ConfigDescriptors.o
USB_GetNextDescriptorOfTypeBefore                 ../../LUFA/Drivers/USB/Core/ConfigDescriptors.o
USB_INT_ClearAllInterrupts                        ../../LUFA/Drivers/USB/Core/AVR8/USBInterrupt_AVR8.o
                                                  ../../LUFA/Drivers/USB/Core/AVR8/USBController_AVR8.o
USB_INT_DisableAllInterrupts                      ../../LUFA/Drivers/USB/Core/AVR8/USBInterrupt_AVR8.o
                                                  ../../LUFA/Drivers/USB/Core/AVR8/USBController_AVR8.o
USB_Init                                          ../../LUFA/Drivers/USB/Core/AVR8/USBController_AVR8.o
                                                  USBtoSerial.o
USB_IsInitialized                                 ../../LUFA/Drivers/USB/Core/USBTask.o
                                                  ../../LUFA/Drivers/USB/Core/AVR8/USBController_AVR8.o
USB_ProcessHIDReport                              ../../LUFA/Drivers/USB/Class/Common/HIDParser.o
USB_ResetInterface                                ../../LUFA/Drivers/USB/Core/AVR8/USBController_AVR8.o
USB_SetHIDReportItemInfo                          ../../LUFA/Drivers/USB/Class/Common/HIDParser.o
USB_USBTask                                       ../../LUFA/Drivers/USB/Core/USBTask.o
                                                  ../../LUFA/Drivers/USB/Class/Device/CDCClassDevice.o
                                                  USBtoSerial.o
Usb2SerialTask                                    USBtoSerial.o
VirtualSerial_CDC_Interface                       USBtoSerial.o
__addsf3                                          /usr/lib/gcc/avr/4.5.3/../../../avr/lib/avr35/libm.a(addsf3.o)
                                                  USBtoSerial.o
__addsf3x                                         /usr/lib/gcc/avr/4.5.3/../../../avr/lib/avr35/libm.a(addsf3x.o)
                                                  /usr/lib/gcc/avr/4.5.3/../../../avr/lib/avr35/libm.a(addsf3.o)
__bad_interrupt                                   /usr/lib/gcc/avr/4.5.3/../../../avr/lib/avr35/crtm32u2.o
__bss_end                                         /usr/lib/gcc/avr/4.5.3/avr35/libgcc.a(_clear_bss.o)
__bss_start                                       /usr/lib/gcc/avr/4.5.3/avr35/libgcc.a(_clear_bss.o)
__cmpsf2                                          /usr/lib/gcc/avr/4.5.3/../../../avr/lib/avr35/libm.a(cmpsf2.o)
__data_end                                        /usr/lib/gcc/avr/4.5.3/avr35/libgcc.a(_copy_data.o)
__data_load_start                                 /usr/lib/gcc/avr/4.5.3/avr35/libgcc.a(_copy_data.o)
__data_start                                      /usr/lib/gcc/avr/4.5.3/avr35/libgcc.a(_copy_data.o)
__divmodhi4                                       /usr/lib/gcc/avr/4.5.3/avr35/libgcc.a(_divmodhi4.o)
                                                  USBtoSerial.o
__divsf3                                          /usr/lib/gcc/avr/4.5.3/../../../avr/lib/avr35/libm.a(divsf3.o)
                                                  USBtoSerial.o
__divsf3_pse                                      /usr/lib/gcc/avr/4.5.3/../../../avr/lib/avr35/libm.a(divsf3x.o)
__divsf3x                                         /usr/lib/gcc/avr/4.5.3/../../../avr/lib/avr35/libm.a(divsf3x.o)
                                                  /usr/lib/gcc/avr/4.5.3/../../../avr/lib/avr35/libm.a(divsf3.o)
__do_clear_bss                                    /usr/lib/gcc/avr/4.5.3/avr35/libgcc.a(_clear_bss.o)
                                                  ../../LUFA/Drivers/USB/Core/USBTask.o
                                                  ../../LUFA/Drivers/USB/Core/DeviceStandardReq.o
                                                  USBtoSerial.o
__do_copy_data                                    /usr/lib/gcc/avr/4.5.3/avr35/libgcc.a(_copy_data.o)
                                                  ../../LUFA/Drivers/USB/Class/Device/RNDISClassDevice.o
                                                  ../../LUFA/Drivers/USB/Class/Device/CDCClassDevice.o
                                                  USBtoSerial.o
__eerd_byte_m32u2                                 /usr/lib/gcc/avr/4.5.3/../../../avr/lib/avr35/libc.a(eerd_byte_atmega32u2.o)
                                                  ../../LUFA/Drivers/USB/Core/AVR8/EndpointStream_AVR8.o
__eeupd_byte_m32u2                                /usr/lib/gcc/avr/4.5.3/../../../avr/lib/avr35/libc.a(eeupd_byte_atmega32u2.o)
                                                  ../../LUFA/Drivers/USB/Core/AVR8/EndpointStream_AVR8.o
__eeupd_r18_m32u2                                 /usr/lib/gcc/avr/4.5.3/../../../avr/lib/avr35/libc.a(eeupd_byte_atmega32u2.o)
__eqsf2                                           /usr/lib/gcc/avr/4.5.3/../../../avr/lib/avr35/libm.a(cmpsf2.o)
__fixunssfsi                                      /usr/lib/gcc/avr/4.5.3/../../../avr/lib/avr35/libm.a(fixunssfsi.o)
                                                  USBtoSerial.o
__floatsisf                                       /usr/lib/gcc/avr/4.5.3/../../../avr/lib/avr35/libm.a(floatsisf.o)
__floatunsisf                                     /usr/lib/gcc/avr/4.5.3/../../../avr/lib/avr35/libm.a(floatsisf.o)
                                                  USBtoSerial.o
__fp_cmp                                          /usr/lib/gcc/avr/4.5.3/../../../avr/lib/avr35/libm.a(fp_cmp.o)
                                                  /usr/lib/gcc/avr/4.5.3/../../../avr/lib/avr35/libm.a(gesf2.o)
                                                  /usr/lib/gcc/avr/4.5.3/../../../avr/lib/avr35/libm.a(cmpsf2.o)
__fp_inf                                          /usr/lib/gcc/avr/4.5.3/../../../avr/lib/avr35/libm.a(fp_inf.o)
                                                  /usr/lib/gcc/avr/4.5.3/../../../avr/lib/avr35/libm.a(divsf3x.o)
                                                  /usr/lib/gcc/avr/4.5.3/../../../avr/lib/avr35/libm.a(addsf3x.o)
__fp_nan                                          /usr/lib/gcc/avr/4.5.3/../../../avr/lib/avr35/libm.a(fp_nan.o)
                                                  /usr/lib/gcc/avr/4.5.3/../../../avr/lib/avr35/libm.a(divsf3x.o)
                                                  /usr/lib/gcc/avr/4.5.3/../../../avr/lib/avr35/libm.a(addsf3x.o)
__fp_pscA                                         /usr/lib/gcc/avr/4.5.3/../../../avr/lib/avr35/libm.a(fp_pscA.o)
                                                  /usr/lib/gcc/avr/4.5.3/../../../avr/lib/avr35/libm.a(divsf3x.o)
                                                  /usr/lib/gcc/avr/4.5.3/../../../avr/lib/avr35/libm.a(addsf3x.o)
__fp_pscB                                         /usr/lib/gcc/avr/4.5.3/../../../avr/lib/avr35/libm.a(fp_pscB.o)
                                                  /usr/lib/gcc/avr/4.5.3/../../../avr/lib/avr35/libm.a(divsf3x.o)
                                                  /usr/lib/gcc/avr/4.5.3/../../../avr/lib/avr35/libm.a(addsf3x.o)
__fp_round                                        /usr/lib/gcc/avr/4.5.3/../../../avr/lib/avr35/libm.a(fp_round.o)
                                                  /usr/lib/gcc/avr/4.5.3/../../../avr/lib/avr35/libm.a(divsf3.o)
                                                  /usr/lib/gcc/avr/4.5.3/../../../avr/lib/avr35/libm.a(addsf3.o)
__fp_split3                                       /usr/lib/gcc/avr/4.5.3/../../../avr/lib/avr35/libm.a(fp_split3.o)
                                                  /usr/lib/gcc/avr/4.5.3/../../../avr/lib/avr35/libm.a(divsf3x.o)
                                                  /usr/lib/gcc/avr/4.5.3/../../../avr/lib/avr35/libm.a(addsf3x.o)
__fp_splitA                                       /usr/lib/gcc/avr/4.5.3/../../../avr/lib/avr35/libm.a(fp_split3.o)
                                                  /usr/lib/gcc/avr/4.5.3/../../../avr/lib/avr35/libm.a(fixunssfsi.o)
__fp_szero                                        /usr/lib/gcc/avr/4.5.3/../../../avr/lib/avr35/libm.a(fp_zero.o)
                                                  /usr/lib/gcc/avr/4.5.3/../../../avr/lib/avr35/libm.a(divsf3x.o)
__fp_zero                                         /usr/lib/gcc/avr/4.5.3/../../../avr/lib/avr35/libm.a(fp_zero.o)
                                                  /usr/lib/gcc/avr/4.5.3/../../../avr/lib/avr35/libm.a(fixunssfsi.o)
                                                  /usr/lib/gcc/avr/4.5.3/../../../avr/lib/avr35/libm.a(addsf3x.o)
__gesf2                                           /usr/lib/gcc/avr/4.5.3/../../../avr/lib/avr35/libm.a(gesf2.o)
__gtsf2                                           /usr/lib/gcc/avr/4.5.3/../../../avr/lib/avr35/libm.a(gesf2.o)
                                                  USBtoSerial.o
__heap_end                                        /usr/lib/gcc/avr/4.5.3/../../../avr/lib/avr35/crtm32u2.o
__init                                            /usr/lib/gcc/avr/4.5.3/../../../avr/lib/avr35/crtm32u2.o
__lesf2                                           /usr/lib/gcc/avr/4.5.3/../../../avr/lib/avr35/libm.a(cmpsf2.o)
__ltsf2                                           /usr/lib/gcc/avr/4.5.3/../../../avr/lib/avr35/libm.a(cmpsf2.o)
                                                  USBtoSerial.o
__mulhi3                                          /usr/lib/gcc/avr/4.5.3/avr35/libgcc.a(_mulhi3.o)
                                                  ../../LUFA/Drivers/USB/Class/Common/HIDParser.o
                                                  USBtoSerial.o
__mulhi_const_10                                  /usr/lib/gcc/avr/4.5.3/../../../avr/lib/avr35/libc.a(mul10.o)
                                                  /usr/lib/gcc/avr/4.5.3/../../../avr/lib/avr35/libc.a(atoi.o)
__mulsi3                                          /usr/lib/gcc/avr/4.5.3/avr35/libgcc.a(_mulsi3.o)
                                                  USBtoSerial.o
__nesf2                                           /usr/lib/gcc/avr/4.5.3/../../../avr/lib/avr35/libm.a(cmpsf2.o)
__stack                                           /usr/lib/gcc/avr/4.5.3/../../../avr/lib/avr35/crtm32u2.o
__subsf3                                          /usr/lib/gcc/avr/4.5.3/../../../avr/lib/avr35/libm.a(addsf3.o)
                                                  USBtoSerial.o
__udivmodhi4                                      /usr/lib/gcc/avr/4.5.3/avr35/libgcc.a(_udivmodhi4.o)
                                                  /usr/lib/gcc/avr/4.5.3/avr35/libgcc.a(_divmodhi4.o)
                                                  USBtoSerial.o
__udivmodsi4                                      /usr/lib/gcc/avr/4.5.3/avr35/libgcc.a(_udivmodsi4.o)
                                                  USBtoSerial.o
__vector_1                                        /usr/lib/gcc/avr/4.5.3/../../../avr/lib/avr35/crtm32u2.o
__vector_10                                       /usr/lib/gcc/avr/4.5.3/../../../avr/lib/avr35/crtm32u2.o
__vector_11                                       ../../LUFA/Drivers/USB/Core/AVR8/USBInterrupt_AVR8.o
                                                  /usr/lib/gcc/avr/4.5.3/../../../avr/lib/avr35/crtm32u2.o
__vector_12                                       ../../LUFA/Drivers/USB/Core/AVR8/USBInterrupt_AVR8.o
                                                  /usr/lib/gcc/avr/4.5.3/../../../avr/lib/avr35/crtm32u2.o
__vector_13                                       /usr/lib/gcc/avr/4.5.3/../../../avr/lib/avr35/crtm32u2.o
__vector_14                                       /usr/lib/gcc/avr/4.5.3/../../../avr/lib/avr35/crtm32u2.o
__vector_15                                       /usr/lib/gcc/avr/4.5.3/../../../avr/lib/avr35/crtm32u2.o
__vector_16                                       /usr/lib/gcc/avr/4.5.3/../../../avr/lib/avr35/crtm32u2.o
__vector_17                                       /usr/lib/gcc/avr/4.5.3/../../../avr/lib/avr35/crtm32u2.o
__vector_18                                       /usr/lib/gcc/avr/4.5.3/../../../avr/lib/avr35/crtm32u2.o
__vector_19                                       /usr/lib/gcc/avr/4.5.3/../../../avr/lib/avr35/crtm32u2.o
__vector_2                                        /usr/lib/gcc/avr/4.5.3/../../../avr/lib/avr35/crtm32u2.o
__vector_20                                       /usr/lib/gcc/avr/4.5.3/../../../avr/lib/avr35/crtm32u2.o
__vector_21                                       USBtoSerial.o
                                                  /usr/lib/gcc/avr/4.5.3/../../../avr/lib/avr35/crtm32u2.o
__vector_22                                       /usr/lib/gcc/avr/4.5.3/../../../avr/lib/avr35/crtm32u2.o
__vector_23                                       USBtoSerial.o
                                                  /usr/lib/gcc/avr/4.5.3/../../../avr/lib/avr35/crtm32u2.o
__vector_24                                       /usr/lib/gcc/avr/4.5.3/../../../avr/lib/avr35/crtm32u2.o
__vector_25                                       /usr/lib/gcc/avr/4.5.3/../../../avr/lib/avr35/crtm32u2.o
__vector_26                                       /usr/lib/gcc/avr/4.5.3/../../../avr/lib/avr35/crtm32u2.o
__vector_27                                       /usr/lib/gcc/avr/4.5.3/../../../avr/lib/avr35/crtm32u2.o
__vector_28                                       /usr/lib/gcc/avr/4.5.3/../../../avr/lib/avr35/crtm32u2.o
__vector_29                                       /usr/lib/gcc/avr/4.5.3/../../../avr/lib/avr35/crtm32u2.o
__vector_3                                        /usr/lib/gcc/avr/4.5.3/../../../avr/lib/avr35/crtm32u2.o
__vector_30                                       /usr/lib/gcc/avr/4.5.3/../../../avr/lib/avr35/crtm32u2.o
__vector_31                                       /usr/lib/gcc/avr/4.5.3/../../../avr/lib/avr35/crtm32u2.o
__vector_32                                       /usr/lib/gcc/avr/4.5.3/../../../avr/lib/avr35/crtm32u2.o
__vector_33                                       /usr/lib/gcc/avr/4.5.3/../../../avr/lib/avr35/crtm32u2.o
__vector_34                                       /usr/lib/gcc/avr/4.5.3/../../../avr/lib/avr35/crtm32u2.o
__vector_35                                       /usr/lib/gcc/avr/4.5.3/../../../avr/lib/avr35/crtm32u2.o
__vector_36                                       /usr/lib/gcc/avr/4.5.3/../../../avr/lib/avr35/crtm32u2.o
__vector_37                                       /usr/lib/gcc/avr/4.5.3/../../../avr/lib/avr35/crtm32u2.o
__vector_4                                        /usr/lib/gcc/avr/4.5.3/../../../avr/lib/avr35/crtm32u2.o
__vector_5                                        /usr/lib/gcc/avr/4.5.3/../../../avr/lib/avr35/crtm32u2.o
__vector_6                                        /usr/lib/gcc/avr/4.5.3/../../../avr/lib/avr35/crtm32u2.o
__vector_7                                        /usr/lib/gcc/avr/4.5.3/../../../avr/lib/avr35/crtm32u2.o
__vector_8                                        /usr/lib/gcc/avr/4.5.3/../../../avr/lib/avr35/crtm32u2.o
__vector_9                                        /usr/lib/gcc/avr/4.5.3/../../../avr/lib/avr35/crtm32u2.o
__vector_default                                  /usr/lib/gcc/avr/4.5.3/../../../avr/lib/avr35/crtm32u2.o
__vectors                                         /usr/lib/gcc/avr/4.5.3/../../../avr/lib/avr35/crtm32u2.o
_div                                              /usr/lib/gcc/avr/4.5.3/avr35/libgcc.a(_divmodhi4.o)
_exit                                             /usr/lib/gcc/avr/4.5.3/avr35/libgcc.a(_exit.o)
adb                                               USBtoSerial.o
adb_data_length                                   USBtoSerial.o
adb_werte                                         USBtoSerial.o
atoi                                              /usr/lib/gcc/avr/4.5.3/../../../avr/lib/avr35/libc.a(atoi.o)
                                                  USBtoSerial.o
decode_field                                      USBtoSerial.o
delta_x                                           USBtoSerial.o
delta_y                                           USBtoSerial.o
exit                                              /usr/lib/gcc/avr/4.5.3/avr35/libgcc.a(_exit.o)
                                                  /usr/lib/gcc/avr/4.5.3/../../../avr/lib/avr35/crtm32u2.o
init_motors                                       USBtoSerial.o
main                                              USBtoSerial.o
                                                  /usr/lib/gcc/avr/4.5.3/../../../avr/lib/avr35/crtm32u2.o
memcmp                                            /usr/lib/gcc/avr/4.5.3/../../../avr/lib/avr35/libc.a(memcmp.o)
                                                  ../../LUFA/Drivers/USB/Class/Device/HIDClassDevice.o
memcpy                                            /usr/lib/gcc/avr/4.5.3/../../../avr/lib/avr35/libc.a(memcpy.o)
                                                  ../../LUFA/Drivers/USB/Class/Device/RNDISClassDevice.o
                                                  ../../LUFA/Drivers/USB/Class/Device/HIDClassDevice.o
memcpy_P                                          /usr/lib/gcc/avr/4.5.3/../../../avr/lib/avr35/libc.a(memcpy_P.o)
                                                  ../../LUFA/Drivers/USB/Class/Device/RNDISClassDevice.o
memset                                            /usr/lib/gcc/avr/4.5.3/../../../avr/lib/avr35/libc.a(memset.o)
                                                  ../../LUFA/Drivers/USB/Class/Device/HIDClassDevice.o
motor_step                                        USBtoSerial.o
move_plate                                        USBtoSerial.o
my_uitoa                                          USBtoSerial.o
parse_command                                     USBtoSerial.o
phase_pattern                                     USBtoSerial.o
plate_pos_x                                       USBtoSerial.o
plate_pos_y                                       USBtoSerial.o
pos_report                                        USBtoSerial.o
print_steps_in_mm                                 USBtoSerial.o
set_x                                             USBtoSerial.o
set_y                                             USBtoSerial.o
sign                                              USBtoSerial.o
stringbuffer                                      USBtoSerial.o
strncpy                                           /usr/lib/gcc/avr/4.5.3/../../../avr/lib/avr35/libc.a(strncpy.o)
                                                  USBtoSerial.o
t0ext                                             USBtoSerial.o
t0ovfcount                                        USBtoSerial.o
t0rst                                             USBtoSerial.o
times_ten_pow                                     USBtoSerial.o
touchpad_init                                     USBtoSerial.o
touchpad_read                                     USBtoSerial.o
touchpad_set_abs_mode                             USBtoSerial.o
touchpad_set_rel_mode_100dpi                      USBtoSerial.o
touchpad_set_rel_mode_200dpi                      USBtoSerial.o
uart_print_number                                 USBtoSerial.o
uart_print_number_wlzeros                         USBtoSerial.o
uart_print_signed_number                          USBtoSerial.o
uart_putc                                         USBtoSerial.o
uart_puts                                         USBtoSerial.o
x_abs                                             USBtoSerial.o
y_abs                                             USBtoSerial.o
z_pressure                                        USBtoSerial.o