Archive member included because of file (symbol)

/usr/lib/gcc/avr/4.5.3/../../../avr/lib/avr35/libm.a(addsf3.o)
                              USBtoSerial.o (__subsf3)
/usr/lib/gcc/avr/4.5.3/../../../avr/lib/avr35/libm.a(addsf3x.o)
                              /usr/lib/gcc/avr/4.5.3/../../../avr/lib/avr35/libm.a(addsf3.o) (__addsf3x)
/usr/lib/gcc/avr/4.5.3/../../../avr/lib/avr35/libm.a(cmpsf2.o)
                              USBtoSerial.o (__ltsf2)
/usr/lib/gcc/avr/4.5.3/../../../avr/lib/avr35/libm.a(divsf3.o)
                              USBtoSerial.o (__divsf3)
/usr/lib/gcc/avr/4.5.3/../../../avr/lib/avr35/libm.a(divsf3x.o)
                              /usr/lib/gcc/avr/4.5.3/../../../avr/lib/avr35/libm.a(divsf3.o) (__divsf3x)
/usr/lib/gcc/avr/4.5.3/../../../avr/lib/avr35/libm.a(fixunssfsi.o)
                              USBtoSerial.o (__fixunssfsi)
/usr/lib/gcc/avr/4.5.3/../../../avr/lib/avr35/libm.a(floatsisf.o)
                              USBtoSerial.o (__floatunsisf)
/usr/lib/gcc/avr/4.5.3/../../../avr/lib/avr35/libm.a(fp_cmp.o)
                              /usr/lib/gcc/avr/4.5.3/../../../avr/lib/avr35/libm.a(cmpsf2.o) (__fp_cmp)
/usr/lib/gcc/avr/4.5.3/../../../avr/lib/avr35/libm.a(fp_inf.o)
                              /usr/lib/gcc/avr/4.5.3/../../../avr/lib/avr35/libm.a(addsf3x.o) (__fp_inf)
/usr/lib/gcc/avr/4.5.3/../../../avr/lib/avr35/libm.a(fp_nan.o)
                              /usr/lib/gcc/avr/4.5.3/../../../avr/lib/avr35/libm.a(addsf3x.o) (__fp_nan)
/usr/lib/gcc/avr/4.5.3/../../../avr/lib/avr35/libm.a(fp_pscA.o)
                              /usr/lib/gcc/avr/4.5.3/../../../avr/lib/avr35/libm.a(addsf3x.o) (__fp_pscA)
/usr/lib/gcc/avr/4.5.3/../../../avr/lib/avr35/libm.a(fp_pscB.o)
                              /usr/lib/gcc/avr/4.5.3/../../../avr/lib/avr35/libm.a(addsf3x.o) (__fp_pscB)
/usr/lib/gcc/avr/4.5.3/../../../avr/lib/avr35/libm.a(fp_round.o)
                              /usr/lib/gcc/avr/4.5.3/../../../avr/lib/avr35/libm.a(addsf3.o) (__fp_round)
/usr/lib/gcc/avr/4.5.3/../../../avr/lib/avr35/libm.a(fp_split3.o)
                              /usr/lib/gcc/avr/4.5.3/../../../avr/lib/avr35/libm.a(addsf3x.o) (__fp_split3)
/usr/lib/gcc/avr/4.5.3/../../../avr/lib/avr35/libm.a(fp_zero.o)
                              /usr/lib/gcc/avr/4.5.3/../../../avr/lib/avr35/libm.a(addsf3x.o) (__fp_zero)
/usr/lib/gcc/avr/4.5.3/../../../avr/lib/avr35/libm.a(gesf2.o)
                              USBtoSerial.o (__gtsf2)
/usr/lib/gcc/avr/4.5.3/avr35/libgcc.a(_mulhi3.o)
                              ../../LUFA/Drivers/USB/Class/Common/HIDParser.o (__mulhi3)
/usr/lib/gcc/avr/4.5.3/avr35/libgcc.a(_udivmodhi4.o)
                              USBtoSerial.o (__udivmodhi4)
/usr/lib/gcc/avr/4.5.3/avr35/libgcc.a(_udivmodsi4.o)
                              USBtoSerial.o (__udivmodsi4)
/usr/lib/gcc/avr/4.5.3/avr35/libgcc.a(_exit.o)
                              /usr/lib/gcc/avr/4.5.3/../../../avr/lib/avr35/crtm32u2.o (exit)
/usr/lib/gcc/avr/4.5.3/avr35/libgcc.a(_copy_data.o)
                              USBtoSerial.o (__do_copy_data)
/usr/lib/gcc/avr/4.5.3/avr35/libgcc.a(_clear_bss.o)
                              USBtoSerial.o (__do_clear_bss)
/usr/lib/gcc/avr/4.5.3/../../../avr/lib/avr35/libc.a(memcpy_P.o)
                              ../../LUFA/Drivers/USB/Class/Device/RNDISClassDevice.o (memcpy_P)
/usr/lib/gcc/avr/4.5.3/../../../avr/lib/avr35/libc.a(memcmp.o)
                              ../../LUFA/Drivers/USB/Class/Device/HIDClassDevice.o (memcmp)
/usr/lib/gcc/avr/4.5.3/../../../avr/lib/avr35/libc.a(memcpy.o)
                              ../../LUFA/Drivers/USB/Class/Device/HIDClassDevice.o (memcpy)
/usr/lib/gcc/avr/4.5.3/../../../avr/lib/avr35/libc.a(memset.o)
                              ../../LUFA/Drivers/USB/Class/Device/HIDClassDevice.o (memset)
/usr/lib/gcc/avr/4.5.3/../../../avr/lib/avr35/libc.a(eerd_byte_atmega32u2.o)
                              ../../LUFA/Drivers/USB/Core/AVR8/EndpointStream_AVR8.o (__eerd_byte_m32u2)
/usr/lib/gcc/avr/4.5.3/../../../avr/lib/avr35/libc.a(eeupd_byte_atmega32u2.o)
                              ../../LUFA/Drivers/USB/Core/AVR8/EndpointStream_AVR8.o (__eeupd_byte_m32u2)

Allocating common symbols
Common symbol       size              file

adb_werte           0x9               USBtoSerial.o
USB_IsInitialized   0x1               ../../LUFA/Drivers/USB/Core/USBTask.o
USB_DeviceState     0x1               ../../LUFA/Drivers/USB/Core/USBTask.o
USB_Device_ConfigurationNumber
                    0x1               ../../LUFA/Drivers/USB/Core/DeviceStandardReq.o
USB_Device_CurrentlySelfPowered
                    0x1               ../../LUFA/Drivers/USB/Core/DeviceStandardReq.o
USB_ControlRequest  0x8               ../../LUFA/Drivers/USB/Core/USBTask.o
USB_Device_RemoteWakeupEnabled
                    0x1               ../../LUFA/Drivers/USB/Core/DeviceStandardReq.o
t0ovfcount          0x1               USBtoSerial.o
adb_data_length     0x1               USBtoSerial.o

[...]
Memory Configuration

Name             Origin             Length             Attributes
text             0x0000000000000000 0x0000000000010000 xr
data             0x0000000000800060 0x000000000000ffa0 rw !x
eeprom           0x0000000000810000 0x0000000000010000 rw !x
fuse             0x0000000000820000 0x0000000000000400 rw !x
lock             0x0000000000830000 0x0000000000000400 rw !x
signature        0x0000000000840000 0x0000000000000400 rw !x
*default*        0x0000000000000000 0xffffffffffffffff

Linker script and memory map

Address of section .data set to 0x800100
LOAD /usr/lib/gcc/avr/4.5.3/../../../avr/lib/avr35/crtm32u2.o
LOAD USBtoSerial.o
LOAD Descriptors.o
LOAD ../../LUFA/Drivers/USB/Class/Common/HIDParser.o
LOAD ../../LUFA/Drivers/USB/Core/AVR8/Device_AVR8.o
LOAD ../../LUFA/Drivers/USB/Core/AVR8/EndpointStream_AVR8.o
LOAD ../../LUFA/Drivers/USB/Core/AVR8/Endpoint_AVR8.o
LOAD ../../LUFA/Drivers/USB/Core/AVR8/Host_AVR8.o
LOAD ../../LUFA/Drivers/USB/Core/AVR8/PipeStream_AVR8.o
LOAD ../../LUFA/Drivers/USB/Core/AVR8/Pipe_AVR8.o
LOAD ../../LUFA/Drivers/USB/Core/AVR8/USBController_AVR8.o
LOAD ../../LUFA/Drivers/USB/Core/AVR8/USBInterrupt_AVR8.o
LOAD ../../LUFA/Drivers/USB/Core/ConfigDescriptors.o
LOAD ../../LUFA/Drivers/USB/Core/DeviceStandardReq.o
LOAD ../../LUFA/Drivers/USB/Core/Events.o
LOAD ../../LUFA/Drivers/USB/Core/HostStandardReq.o
LOAD ../../LUFA/Drivers/USB/Core/USBTask.o
LOAD ../../LUFA/Drivers/USB/Class/Device/AudioClassDevice.o
LOAD ../../LUFA/Drivers/USB/Class/Device/CDCClassDevice.o
LOAD ../../LUFA/Drivers/USB/Class/Device/HIDClassDevice.o
LOAD ../../LUFA/Drivers/USB/Class/Device/MassStorageClassDevice.o
LOAD ../../LUFA/Drivers/USB/Class/Device/MIDIClassDevice.o
LOAD ../../LUFA/Drivers/USB/Class/Device/RNDISClassDevice.o
LOAD ../../LUFA/Drivers/USB/Class/Host/AndroidAccessoryClassHost.o
LOAD ../../LUFA/Drivers/USB/Class/Host/AudioClassHost.o
LOAD ../../LUFA/Drivers/USB/Class/Host/CDCClassHost.o
LOAD ../../LUFA/Drivers/USB/Class/Host/HIDClassHost.o
LOAD ../../LUFA/Drivers/USB/Class/Host/MassStorageClassHost.o
LOAD ../../LUFA/Drivers/USB/Class/Host/MIDIClassHost.o
LOAD ../../LUFA/Drivers/USB/Class/Host/PrinterClassHost.o
LOAD ../../LUFA/Drivers/USB/Class/Host/RNDISClassHost.o
LOAD ../../LUFA/Drivers/USB/Class/Host/StillImageClassHost.o
LOAD /usr/lib/gcc/avr/4.5.3/../../../avr/lib/avr35/libm.a
LOAD /usr/lib/gcc/avr/4.5.3/avr35/libgcc.a
LOAD /usr/lib/gcc/avr/4.5.3/../../../avr/lib/avr35/libc.a
LOAD /usr/lib/gcc/avr/4.5.3/avr35/libgcc.a

.hash
 *(.hash)

.dynsym
 *(.dynsym)

.dynstr
 *(.dynstr)

.gnu.version
 *(.gnu.version)

.gnu.version_d
 *(.gnu.version_d)

.gnu.version_r
 *(.gnu.version_r)

.rel.init
 *(.rel.init)

.rela.init
 *(.rela.init)

.rel.text
 *(.rel.text)
 *(.rel.text.*)
 *(.rel.gnu.linkonce.t*)

.rela.text
 *(.rela.text)
 *(.rela.text.*)
 *(.rela.gnu.linkonce.t*)

.rel.fini
 *(.rel.fini)

.rela.fini
 *(.rela.fini)

.rel.rodata
 *(.rel.rodata)
 *(.rel.rodata.*)
 *(.rel.gnu.linkonce.r*)

.rela.rodata
 *(.rela.rodata)
 *(.rela.rodata.*)
 *(.rela.gnu.linkonce.r*)

.rel.data
 *(.rel.data)
 *(.rel.data.*)
 *(.rel.gnu.linkonce.d*)

.rela.data
 *(.rela.data)
 *(.rela.data.*)
 *(.rela.gnu.linkonce.d*)

.rel.ctors
 *(.rel.ctors)

.rela.ctors
 *(.rela.ctors)

.rel.dtors
 *(.rel.dtors)

.rela.dtors
 *(.rela.dtors)

.rel.got
 *(.rel.got)

.rela.got
 *(.rela.got)

.rel.bss
 *(.rel.bss)

.rela.bss
 *(.rela.bss)

.rel.plt
 *(.rel.plt)

.rela.plt
 *(.rela.plt)

.text           0x0000000000000000     0x17fa
 *(.vectors)
 .vectors       0x0000000000000000       0x98 /usr/lib/gcc/avr/4.5.3/../../../avr/lib/avr35/crtm32u2.o
                0x0000000000000000                __vectors
                0x0000000000000000                __vector_default
 *(.vectors)
 *(.progmem.gcc*)
 *(.progmem*)
 .progmem.data  0x0000000000000098       0x9e Descriptors.o
                0x0000000000000098                DeviceDescriptor
                0x00000000000000aa                ConfigurationDescriptor
                0x00000000000000e8                LanguageString
                0x00000000000000ec                ManufacturerString
                0x0000000000000106                ProductString
                0x0000000000000136                . = ALIGN (0x2)
                0x0000000000000136                __trampolines_start = .
 *(.trampolines)
 .trampolines   0x0000000000000136        0x0 linker stubs
 *(.trampolines*)
                0x0000000000000136                __trampolines_end = .
 *(.jumptables)
 *(.jumptables*)
 *(.lowtext)
 *(.lowtext*)
                0x0000000000000136                __ctors_start = .
 *(.ctors)
                0x0000000000000136                __ctors_end = .
                0x0000000000000136                __dtors_start = .
 *(.dtors)
                0x0000000000000136                __dtors_end = .
 SORT(*)(.ctors)
 SORT(*)(.dtors)
 *(.init0)
 .init0         0x0000000000000136        0x0 /usr/lib/gcc/avr/4.5.3/../../../avr/lib/avr35/crtm32u2.o
                0x0000000000000136                __init
 *(.init0)
 *(.init1)
 *(.init1)
 *(.init2)
 .init2         0x0000000000000136        0xc /usr/lib/gcc/avr/4.5.3/../../../avr/lib/avr35/crtm32u2.o
 *(.init2)
 *(.init3)
 *(.init3)
 *(.init4)
 .init4         0x0000000000000142       0x16 /usr/lib/gcc/avr/4.5.3/avr35/libgcc.a(_copy_data.o)
                0x0000000000000142                __do_copy_data
 .init4         0x0000000000000158       0x10 /usr/lib/gcc/avr/4.5.3/avr35/libgcc.a(_clear_bss.o)
                0x0000000000000158                __do_clear_bss
 *(.init4)
 *(.init5)
 *(.init5)
 *(.init6)
 *(.init6)
 *(.init7)
 *(.init7)
 *(.init8)
 *(.init8)
 *(.init9)
 .init9         0x0000000000000168        0x6 /usr/lib/gcc/avr/4.5.3/../../../avr/lib/avr35/crtm32u2.o
 *(.init9)
 *(.text)
 .text          0x000000000000016e        0x2 /usr/lib/gcc/avr/4.5.3/../../../avr/lib/avr35/crtm32u2.o
                0x000000000000016e                __vector_22
                0x000000000000016e                __vector_28
                0x000000000000016e                __vector_1
                0x000000000000016e                __vector_32
                0x000000000000016e                __vector_34
                0x000000000000016e                __vector_24
                0x000000000000016e                __vector_12
                0x000000000000016e                __bad_interrupt
                0x000000000000016e                __vector_6
                0x000000000000016e                __vector_31
                0x000000000000016e                __vector_35
                0x000000000000016e                __vector_3
                0x000000000000016e                __vector_30
                0x000000000000016e                __vector_25
                0x000000000000016e                __vector_13
                0x000000000000016e                __vector_17
                0x000000000000016e                __vector_19
                0x000000000000016e                __vector_7
                0x000000000000016e                __vector_27
                0x000000000000016e                __vector_5
                0x000000000000016e                __vector_33
                0x000000000000016e                __vector_37
                0x000000000000016e                __vector_4
                0x000000000000016e                __vector_9
                0x000000000000016e                __vector_2
                0x000000000000016e                __vector_15
                0x000000000000016e                __vector_36
                0x000000000000016e                __vector_29
                0x000000000000016e                __vector_8
                0x000000000000016e                __vector_26
                0x000000000000016e                __vector_14
                0x000000000000016e                __vector_10
                0x000000000000016e                __vector_16
                0x000000000000016e                __vector_18
                0x000000000000016e                __vector_20
                0x0000000000000170                . = ALIGN (0x2)
 *(.text.*)
 .text.RingBuffer_Insert
                0x0000000000000170       0x36 USBtoSerial.o
 .text.RingBuffer_Remove
                0x00000000000001a6       0x32 USBtoSerial.o
 .text.RingBuffer_InitBuffer.clone.0
                0x00000000000001d8       0x2a USBtoSerial.o
 .text.__vector_21
                0x0000000000000202       0x22 USBtoSerial.o
                0x0000000000000202                __vector_21
 .text.t0ext    0x0000000000000224       0x10 USBtoSerial.o
                0x0000000000000224                t0ext
 .text.t0rst    0x0000000000000234        0x8 USBtoSerial.o
                0x0000000000000234                t0rst
 .text.adb      0x000000000000023c      0x220 USBtoSerial.o
                0x000000000000023c                adb
 .text.touchpad_init
                0x000000000000045c       0x10 USBtoSerial.o
                0x000000000000045c                touchpad_init
 .text.touchpad_read
                0x000000000000046c       0x12 USBtoSerial.o
                0x000000000000046c                touchpad_read
 .text.touchpad_set_abs_mode
                0x000000000000047e       0x3c USBtoSerial.o
                0x000000000000047e                touchpad_set_abs_mode
 .text.touchpad_set_rel_mode_100dpi
                0x00000000000004ba       0x28 USBtoSerial.o
                0x00000000000004ba                touchpad_set_rel_mode_100dpi
 .text.delta_y  0x00000000000004e2       0x20 USBtoSerial.o
                0x00000000000004e2                delta_y
 .text.delta_x  0x0000000000000502       0x20 USBtoSerial.o
                0x0000000000000502                delta_x
 .text.Usb2SerialTask
                0x0000000000000522       0xb2 USBtoSerial.o
                0x0000000000000522                Usb2SerialTask
 .text.SetupHardware
                0x00000000000005d4       0x2a USBtoSerial.o
                0x00000000000005d4                SetupHardware
 .text.EVENT_USB_Device_Connect
                0x00000000000005fe        0x2 USBtoSerial.o
                0x00000000000005fe                EVENT_USB_Device_Connect
 .text.EVENT_USB_Device_Disconnect
                0x0000000000000600        0x2 USBtoSerial.o
                0x0000000000000600                EVENT_USB_Device_Disconnect
 .text.EVENT_USB_Device_ConfigurationChanged
                0x0000000000000602        0x6 USBtoSerial.o
                0x0000000000000602                EVENT_USB_Device_ConfigurationChanged
 .text.EVENT_USB_Device_ControlRequest
                0x0000000000000608        0x6 USBtoSerial.o
                0x0000000000000608                EVENT_USB_Device_ControlRequest
 .text.__vector_23
                0x000000000000060e       0x54 USBtoSerial.o
                0x000000000000060e                __vector_23
 .text.EVENT_CDC_Device_LineEncodingChanged
                0x0000000000000662       0xc0 USBtoSerial.o
                0x0000000000000662                EVENT_CDC_Device_LineEncodingChanged
 .text.uart_putc
                0x0000000000000722       0x10 USBtoSerial.o
                0x0000000000000722                uart_putc
 .text.uart_puts
                0x0000000000000732       0x26 USBtoSerial.o
                0x0000000000000732                uart_puts
 .text.my_uitoa
                0x0000000000000758       0xcc USBtoSerial.o
                0x0000000000000758                my_uitoa
 .text.main     0x0000000000000824      0x100 USBtoSerial.o
                0x0000000000000824                main
 .text.CALLBACK_USB_GetDescriptor
                0x0000000000000924       0x5a Descriptors.o
                0x0000000000000924                CALLBACK_USB_GetDescriptor
 .text.Endpoint_Write_Control_Stream_LE
                0x000000000000097e       0xb8 ../../LUFA/Drivers/USB/Core/AVR8/EndpointStream_AVR8.o
                0x000000000000097e                Endpoint_Write_Control_Stream_LE
 .text.Endpoint_Write_Control_PStream_LE
                0x0000000000000a36       0xba ../../LUFA/Drivers/USB/Core/AVR8/EndpointStream_AVR8.o
                0x0000000000000a36                Endpoint_Write_Control_PStream_LE
 .text.Endpoint_ConfigureEndpoint_Prv
                0x0000000000000af0       0x6e ../../LUFA/Drivers/USB/Core/AVR8/Endpoint_AVR8.o
                0x0000000000000af0                Endpoint_ConfigureEndpoint_Prv
 .text.Endpoint_ConfigureEndpointTable
                0x0000000000000b5e       0x88 ../../LUFA/Drivers/USB/Core/AVR8/Endpoint_AVR8.o
                0x0000000000000b5e                Endpoint_ConfigureEndpointTable
 .text.Endpoint_ClearStatusStage
                0x0000000000000be6       0x42 ../../LUFA/Drivers/USB/Core/AVR8/Endpoint_AVR8.o
                0x0000000000000be6                Endpoint_ClearStatusStage
 .text.Endpoint_WaitUntilReady
                0x0000000000000c28       0x68 ../../LUFA/Drivers/USB/Core/AVR8/Endpoint_AVR8.o
                0x0000000000000c28                Endpoint_WaitUntilReady
 .text.USB_ResetInterface
                0x0000000000000c90       0x72 ../../LUFA/Drivers/USB/Core/AVR8/USBController_AVR8.o
                0x0000000000000c90                USB_ResetInterface
 .text.USB_Init
                0x0000000000000d02       0x12 ../../LUFA/Drivers/USB/Core/AVR8/USBController_AVR8.o
                0x0000000000000d02                USB_Init
 .text.USB_INT_DisableAllInterrupts
                0x0000000000000d14        0x6 ../../LUFA/Drivers/USB/Core/AVR8/USBInterrupt_AVR8.o
                0x0000000000000d14                USB_INT_DisableAllInterrupts
 .text.USB_INT_ClearAllInterrupts
                0x0000000000000d1a        0x6 ../../LUFA/Drivers/USB/Core/AVR8/USBInterrupt_AVR8.o
                0x0000000000000d1a                USB_INT_ClearAllInterrupts
 .text.__vector_11
                0x0000000000000d20      0x144 ../../LUFA/Drivers/USB/Core/AVR8/USBInterrupt_AVR8.o
                0x0000000000000d20                __vector_11
 .text.USB_Device_ProcessControlRequest
                0x0000000000000e64      0x2c6 ../../LUFA/Drivers/USB/Core/DeviceStandardReq.o
                0x0000000000000e64                USB_Device_ProcessControlRequest
 .text.USB_Event_Stub
                0x000000000000112a        0x2 ../../LUFA/Drivers/USB/Core/Events.o
                0x000000000000112a                EVENT_USB_Device_WakeUp
                0x000000000000112a                USB_Event_Stub
                0x000000000000112a                EVENT_USB_Device_Suspend
                0x000000000000112a                EVENT_USB_Device_StartOfFrame
                0x000000000000112a                EVENT_USB_Device_Reset
 .text.USB_USBTask
                0x000000000000112c       0x38 ../../LUFA/Drivers/USB/Core/USBTask.o
                0x000000000000112c                USB_USBTask
 .text.CDC_Device_ProcessControlRequest
                0x0000000000001164      0x15a ../../LUFA/Drivers/USB/Class/Device/CDCClassDevice.o
                0x0000000000001164                CDC_Device_ProcessControlRequest
 .text.CDC_Device_ConfigureEndpoints
                0x00000000000012be       0x48 ../../LUFA/Drivers/USB/Class/Device/CDCClassDevice.o
                0x00000000000012be                CDC_Device_ConfigureEndpoints
 .text.CDC_Device_SendByte
                0x0000000000001306       0x5c ../../LUFA/Drivers/USB/Class/Device/CDCClassDevice.o
                0x0000000000001306                CDC_Device_SendByte
 .text.CDC_Device_Flush
                0x0000000000001362       0x5c ../../LUFA/Drivers/USB/Class/Device/CDCClassDevice.o
                0x0000000000001362                CDC_Device_Flush
 .text.CDC_Device_USBTask
                0x00000000000013be       0x30 ../../LUFA/Drivers/USB/Class/Device/CDCClassDevice.o
                0x00000000000013be                CDC_Device_USBTask
 .text.CDC_Device_ReceiveByte
                0x00000000000013ee       0x5c ../../LUFA/Drivers/USB/Class/Device/CDCClassDevice.o
                0x00000000000013ee                CDC_Device_ReceiveByte
 .text.CDC_Device_Event_Stub
                0x000000000000144a        0x2 ../../LUFA/Drivers/USB/Class/Device/CDCClassDevice.o
                0x000000000000144a                EVENT_CDC_Device_ControLineStateChanged
                0x000000000000144a                EVENT_CDC_Device_BreakSent
                0x000000000000144a                CDC_Device_Event_Stub
 .text.avr-libc.fplib
                0x000000000000144c        0xa /usr/lib/gcc/avr/4.5.3/../../../avr/lib/avr35/libm.a(addsf3.o)
                0x000000000000144c                __subsf3
                0x000000000000144e                __addsf3
 .text.avr-libc.fplib
                0x0000000000001456       0xc0 /usr/lib/gcc/avr/4.5.3/../../../avr/lib/avr35/libm.a(addsf3x.o)
                0x0000000000001470                __addsf3x
 .text.avr-libc.fplib
                0x0000000000001516        0x8 /usr/lib/gcc/avr/4.5.3/../../../avr/lib/avr35/libm.a(cmpsf2.o)
                0x0000000000001516                __lesf2
                0x0000000000001516                __nesf2
                0x0000000000001516                __eqsf2
                0x0000000000001516                __cmpsf2
                0x0000000000001516                __ltsf2
 .text.avr-libc.fplib
                0x000000000000151e        0x4 /usr/lib/gcc/avr/4.5.3/../../../avr/lib/avr35/libm.a(divsf3.o)
                0x000000000000151e                __divsf3
 .text.avr-libc.fplib
                0x0000000000001522       0xcc /usr/lib/gcc/avr/4.5.3/../../../avr/lib/avr35/libm.a(divsf3x.o)
                0x0000000000001538                __divsf3x
                0x000000000000153c                __divsf3_pse
 .text.avr-libc.fplib
                0x00000000000015ee       0x58 /usr/lib/gcc/avr/4.5.3/../../../avr/lib/avr35/libm.a(fixunssfsi.o)
                0x00000000000015ee                __fixunssfsi
 .text.avr-libc.fplib
                0x0000000000001646       0x7a /usr/lib/gcc/avr/4.5.3/../../../avr/lib/avr35/libm.a(floatsisf.o)
                0x0000000000001646                __floatunsisf
                0x000000000000164a                __floatsisf
 .text.avr-libc.fplib
                0x00000000000016c0       0x48 /usr/lib/gcc/avr/4.5.3/../../../avr/lib/avr35/libm.a(fp_cmp.o)
                0x00000000000016c0                __fp_cmp
 .text.avr-libc.fplib
                0x0000000000001708        0xc /usr/lib/gcc/avr/4.5.3/../../../avr/lib/avr35/libm.a(fp_inf.o)
                0x0000000000001708                __fp_inf
 .text.avr-libc.fplib
                0x0000000000001714        0x6 /usr/lib/gcc/avr/4.5.3/../../../avr/lib/avr35/libm.a(fp_nan.o)
                0x0000000000001714                __fp_nan
 .text.avr-libc.fplib
                0x000000000000171a        0xe /usr/lib/gcc/avr/4.5.3/../../../avr/lib/avr35/libm.a(fp_pscA.o)
                0x000000000000171a                __fp_pscA
 .text.avr-libc.fplib
                0x0000000000001728        0xe /usr/lib/gcc/avr/4.5.3/../../../avr/lib/avr35/libm.a(fp_pscB.o)
                0x0000000000001728                __fp_pscB
 .text.avr-libc.fplib
                0x0000000000001736       0x22 /usr/lib/gcc/avr/4.5.3/../../../avr/lib/avr35/libm.a(fp_round.o)
                0x0000000000001736                __fp_round
 .text.avr-libc.fplib
                0x0000000000001758       0x44 /usr/lib/gcc/avr/4.5.3/../../../avr/lib/avr35/libm.a(fp_split3.o)
                0x0000000000001758                __fp_split3
                0x0000000000001768                __fp_splitA
 .text.avr-libc.fplib
                0x000000000000179c        0xe /usr/lib/gcc/avr/4.5.3/../../../avr/lib/avr35/libm.a(fp_zero.o)
                0x000000000000179c                __fp_zero
                0x000000000000179e                __fp_szero
 .text.avr-libc.fplib
                0x00000000000017aa        0x8 /usr/lib/gcc/avr/4.5.3/../../../avr/lib/avr35/libm.a(gesf2.o)
                0x00000000000017aa                __gtsf2
                0x00000000000017aa                __gesf2
 .text.libgcc   0x00000000000017b2       0x44 /usr/lib/gcc/avr/4.5.3/avr35/libgcc.a(_udivmodsi4.o)
                0x00000000000017b2                __udivmodsi4
                0x00000000000017f6                . = ALIGN (0x2)
 *(.fini9)
 .fini9         0x00000000000017f6        0x0 /usr/lib/gcc/avr/4.5.3/avr35/libgcc.a(_exit.o)
                0x00000000000017f6                exit
                0x00000000000017f6                _exit
 *(.fini9)
 *(.fini8)
 *(.fini8)
 *(.fini7)
 *(.fini7)
 *(.fini6)
 *(.fini6)
 *(.fini5)
 *(.fini5)
 *(.fini4)
 *(.fini4)
 *(.fini3)
 *(.fini3)
 *(.fini2)
 *(.fini2)
 *(.fini1)
 *(.fini1)
 *(.fini0)
 .fini0         0x00000000000017f6        0x4 /usr/lib/gcc/avr/4.5.3/avr35/libgcc.a(_exit.o)
 *(.fini0)
                0x00000000000017fa                _etext = .

.data           0x0000000000800100       0x62 load address 0x00000000000017fa
                0x0000000000800100                PROVIDE (__data_start, .)
 *(.data)
 .data          0x0000000000800100       0x62 USBtoSerial.o
                0x0000000000800145                VirtualSerial_CDC_Interface
 *(.data*)
 *(.rodata)
 *(.rodata*)
 *(.gnu.linkonce.d*)
                0x0000000000800162                . = ALIGN (0x2)
                0x0000000000800162                _edata = .
                0x0000000000800162                PROVIDE (__data_end, .)

.bss            0x0000000000800162      0x135
                0x0000000000800162                PROVIDE (__bss_start, .)
 *(.bss)
 .bss           0x0000000000800162      0x11d USBtoSerial.o
 *(.bss*)
 *(COMMON)
 COMMON         0x000000000080027f        0xb USBtoSerial.o
                0x000000000080027f                adb_werte
                0x0000000000800288                t0ovfcount
                0x0000000000800289                adb_data_length
 COMMON         0x000000000080028a        0x3 ../../LUFA/Drivers/USB/Core/DeviceStandardReq.o
                0x000000000080028a                USB_Device_ConfigurationNumber
                0x000000000080028b                USB_Device_CurrentlySelfPowered
                0x000000000080028c                USB_Device_RemoteWakeupEnabled
 COMMON         0x000000000080028d        0xa ../../LUFA/Drivers/USB/Core/USBTask.o
                0x000000000080028d                USB_IsInitialized
                0x000000000080028e                USB_DeviceState
                0x000000000080028f                USB_ControlRequest
                0x0000000000800297                PROVIDE (__bss_end, .)
                0x00000000000017fa                __data_load_start = LOADADDR (.data)
                0x000000000000185c                __data_load_end = (__data_load_start + SIZEOF (.data))

.noinit         0x0000000000800297        0x0
                0x0000000000800297                PROVIDE (__noinit_start, .)
 *(.noinit*)
                0x0000000000800297                PROVIDE (__noinit_end, .)
                0x0000000000800297                _end = .
                0x0000000000800297                PROVIDE (__heap_start, .)

.eeprom         0x0000000000810000        0x0
 *(.eeprom*)
                0x0000000000810000                __eeprom_end = .

.fuse
 *(.fuse)
 *(.lfuse)
 *(.hfuse)
 *(.efuse)

.lock
 *(.lock*)

.signature
 *(.signature*)

.stab           0x0000000000000000     0x228c
 *(.stab)
 .stab          0x0000000000000000      0x6cc /usr/lib/gcc/avr/4.5.3/../../../avr/lib/avr35/crtm32u2.o
 .stab          0x00000000000006cc       0x78 /usr/lib/gcc/avr/4.5.3/../../../avr/lib/avr35/libm.a(addsf3.o)
                                         0x84 (size before relaxing)
 .stab          0x0000000000000744      0x4bc /usr/lib/gcc/avr/4.5.3/../../../avr/lib/avr35/libm.a(addsf3x.o)
                                        0x4c8 (size before relaxing)
 .stab          0x0000000000000c00       0x90 /usr/lib/gcc/avr/4.5.3/../../../avr/lib/avr35/libm.a(cmpsf2.o)
                                         0x9c (size before relaxing)
 .stab          0x0000000000000c90       0x48 /usr/lib/gcc/avr/4.5.3/../../../avr/lib/avr35/libm.a(divsf3.o)
                                         0x54 (size before relaxing)
 .stab          0x0000000000000cd8      0x510 /usr/lib/gcc/avr/4.5.3/../../../avr/lib/avr35/libm.a(divsf3x.o)
                                        0x51c (size before relaxing)
 .stab          0x00000000000011e8      0x240 /usr/lib/gcc/avr/4.5.3/../../../avr/lib/avr35/libm.a(fixunssfsi.o)
                                        0x24c (size before relaxing)
 .stab          0x0000000000001428      0x318 /usr/lib/gcc/avr/4.5.3/../../../avr/lib/avr35/libm.a(floatsisf.o)
                                        0x324 (size before relaxing)
 .stab          0x0000000000001740      0x1e0 /usr/lib/gcc/avr/4.5.3/../../../avr/lib/avr35/libm.a(fp_cmp.o)
                                        0x1ec (size before relaxing)
 .stab          0x0000000000001920       0x78 /usr/lib/gcc/avr/4.5.3/../../../avr/lib/avr35/libm.a(fp_inf.o)
                                         0x84 (size before relaxing)
 .stab          0x0000000000001998       0x54 /usr/lib/gcc/avr/4.5.3/../../../avr/lib/avr35/libm.a(fp_nan.o)
                                         0x60 (size before relaxing)
 .stab          0x00000000000019ec       0x84 /usr/lib/gcc/avr/4.5.3/../../../avr/lib/avr35/libm.a(fp_pscA.o)
                                         0x90 (size before relaxing)
 .stab          0x0000000000001a70       0x84 /usr/lib/gcc/avr/4.5.3/../../../avr/lib/avr35/libm.a(fp_pscB.o)
                                         0x90 (size before relaxing)
 .stab          0x0000000000001af4       0xfc /usr/lib/gcc/avr/4.5.3/../../../avr/lib/avr35/libm.a(fp_round.o)
                                        0x108 (size before relaxing)
 .stab          0x0000000000001bf0      0x1d4 /usr/lib/gcc/avr/4.5.3/../../../avr/lib/avr35/libm.a(fp_split3.o)
                                        0x1e0 (size before relaxing)
 .stab          0x0000000000001dc4       0x90 /usr/lib/gcc/avr/4.5.3/../../../avr/lib/avr35/libm.a(fp_zero.o)
                                         0x9c (size before relaxing)
 .stab          0x0000000000001e54       0x6c /usr/lib/gcc/avr/4.5.3/../../../avr/lib/avr35/libm.a(gesf2.o)
                                         0x78 (size before relaxing)
 .stab          0x0000000000001ec0       0x84 /usr/lib/gcc/avr/4.5.3/../../../avr/lib/avr35/libc.a(memcpy_P.o)
                                         0x90 (size before relaxing)
 .stab          0x0000000000001f44       0xb4 /usr/lib/gcc/avr/4.5.3/../../../avr/lib/avr35/libc.a(memcmp.o)
                                         0xc0 (size before relaxing)
 .stab          0x0000000000001ff8       0x84 /usr/lib/gcc/avr/4.5.3/../../../avr/lib/avr35/libc.a(memcpy.o)
                                         0x90 (size before relaxing)
 .stab          0x000000000000207c       0x6c /usr/lib/gcc/avr/4.5.3/../../../avr/lib/avr35/libc.a(memset.o)
                                         0x78 (size before relaxing)
 .stab          0x00000000000020e8       0x90 /usr/lib/gcc/avr/4.5.3/../../../avr/lib/avr35/libc.a(eerd_byte_atmega32u2.o)
                                         0x9c (size before relaxing)
 .stab          0x0000000000002178      0x114 /usr/lib/gcc/avr/4.5.3/../../../avr/lib/avr35/libc.a(eeupd_byte_atmega32u2.o)
                                        0x120 (size before relaxing)

.stabstr        0x0000000000000000      0x44f
 *(.stabstr)
 .stabstr       0x0000000000000000      0x44f /usr/lib/gcc/avr/4.5.3/../../../avr/lib/avr35/crtm32u2.o

.stab.excl
 *(.stab.excl)

.stab.exclstr
 *(.stab.exclstr)

.stab.index
 *(.stab.index)

.stab.indexstr
 *(.stab.indexstr)

.comment
 *(.comment)

.debug
 *(.debug)

.line
 *(.line)

.debug_srcinfo
 *(.debug_srcinfo)

.debug_sfnames
 *(.debug_sfnames)

.debug_aranges  0x0000000000000000      0x530
 *(.debug_aranges)
 .debug_aranges
                0x0000000000000000      0x108 USBtoSerial.o
 .debug_aranges
                0x0000000000000108       0x20 Descriptors.o
 .debug_aranges
                0x0000000000000128       0x38 ../../LUFA/Drivers/USB/Class/Common/HIDParser.o
 .debug_aranges
                0x0000000000000160       0x20 ../../LUFA/Drivers/USB/Core/AVR8/Device_AVR8.o
 .debug_aranges
                0x0000000000000180       0xc8 ../../LUFA/Drivers/USB/Core/AVR8/EndpointStream_AVR8.o
 .debug_aranges
                0x0000000000000248       0x40 ../../LUFA/Drivers/USB/Core/AVR8/Endpoint_AVR8.o
 .debug_aranges
                0x0000000000000288       0x30 ../../LUFA/Drivers/USB/Core/AVR8/USBController_AVR8.o
 .debug_aranges
                0x00000000000002b8       0x30 ../../LUFA/Drivers/USB/Core/AVR8/USBInterrupt_AVR8.o
 .debug_aranges
                0x00000000000002e8       0x38 ../../LUFA/Drivers/USB/Core/ConfigDescriptors.o
 .debug_aranges
                0x0000000000000320       0x20 ../../LUFA/Drivers/USB/Core/DeviceStandardReq.o
 .debug_aranges
                0x0000000000000340       0x20 ../../LUFA/Drivers/USB/Core/Events.o
 .debug_aranges
                0x0000000000000360       0x20 ../../LUFA/Drivers/USB/Core/USBTask.o
 .debug_aranges
                0x0000000000000380       0x30 ../../LUFA/Drivers/USB/Class/Device/AudioClassDevice.o
 .debug_aranges
                0x00000000000003b0       0x98 ../../LUFA/Drivers/USB/Class/Device/CDCClassDevice.o
 .debug_aranges
                0x0000000000000448       0x30 ../../LUFA/Drivers/USB/Class/Device/HIDClassDevice.o
 .debug_aranges
                0x0000000000000478       0x30 ../../LUFA/Drivers/USB/Class/Device/MassStorageClassDevice.o
 .debug_aranges
                0x00000000000004a8       0x40 ../../LUFA/Drivers/USB/Class/Device/MIDIClassDevice.o
 .debug_aranges
                0x00000000000004e8       0x48 ../../LUFA/Drivers/USB/Class/Device/RNDISClassDevice.o

.debug_pubnames
                0x0000000000000000      0xe15
 *(.debug_pubnames)
 .debug_pubnames
                0x0000000000000000      0x276 USBtoSerial.o
 .debug_pubnames
                0x0000000000000276       0x9e Descriptors.o
 .debug_pubnames
                0x0000000000000314       0x7e ../../LUFA/Drivers/USB/Class/Common/HIDParser.o
 .debug_pubnames
                0x0000000000000392       0x32 ../../LUFA/Drivers/USB/Core/AVR8/Device_AVR8.o
 .debug_pubnames
                0x00000000000003c4      0x2df ../../LUFA/Drivers/USB/Core/AVR8/EndpointStream_AVR8.o
 .debug_pubnames
                0x00000000000006a3       0xaf ../../LUFA/Drivers/USB/Core/AVR8/Endpoint_AVR8.o
 .debug_pubnames
                0x0000000000000752       0x46 ../../LUFA/Drivers/USB/Core/AVR8/USBController_AVR8.o
 .debug_pubnames
                0x0000000000000798       0x62 ../../LUFA/Drivers/USB/Core/AVR8/USBInterrupt_AVR8.o
 .debug_pubnames
                0x00000000000007fa       0x9b ../../LUFA/Drivers/USB/Core/ConfigDescriptors.o
 .debug_pubnames
                0x0000000000000895       0xa1 ../../LUFA/Drivers/USB/Core/DeviceStandardReq.o
 .debug_pubnames
                0x0000000000000936       0x25 ../../LUFA/Drivers/USB/Core/Events.o
 .debug_pubnames
                0x000000000000095b       0x63 ../../LUFA/Drivers/USB/Core/USBTask.o
 .debug_pubnames
                0x00000000000009be       0x79 ../../LUFA/Drivers/USB/Class/Device/AudioClassDevice.o
 .debug_pubnames
                0x0000000000000a37      0x18b ../../LUFA/Drivers/USB/Class/Device/CDCClassDevice.o
 .debug_pubnames
                0x0000000000000bc2       0x70 ../../LUFA/Drivers/USB/Class/Device/HIDClassDevice.o
 .debug_pubnames
                0x0000000000000c32       0x6d ../../LUFA/Drivers/USB/Class/Device/MassStorageClassDevice.o
 .debug_pubnames
                0x0000000000000c9f       0xa6 ../../LUFA/Drivers/USB/Class/Device/MIDIClassDevice.o
 .debug_pubnames
                0x0000000000000d45       0xd0 ../../LUFA/Drivers/USB/Class/Device/RNDISClassDevice.o

.debug_info     0x0000000000000000     0x8daf
 *(.debug_info)
 .debug_info    0x0000000000000000      0xfb1 USBtoSerial.o
 .debug_info    0x0000000000000fb1      0x77d Descriptors.o
 .debug_info    0x000000000000172e      0x6f9 ../../LUFA/Drivers/USB/Class/Common/HIDParser.o
 .debug_info    0x0000000000001e27       0xd8 ../../LUFA/Drivers/USB/Core/AVR8/Device_AVR8.o
 .debug_info    0x0000000000001eff     0x156b ../../LUFA/Drivers/USB/Core/AVR8/EndpointStream_AVR8.o
 .debug_info    0x000000000000346a      0x622 ../../LUFA/Drivers/USB/Core/AVR8/Endpoint_AVR8.o
 .debug_info    0x0000000000003a8c       0x6c ../../LUFA/Drivers/USB/Core/AVR8/Host_AVR8.o
 .debug_info    0x0000000000003af8       0x6c ../../LUFA/Drivers/USB/Core/AVR8/PipeStream_AVR8.o
 .debug_info    0x0000000000003b64       0x6c ../../LUFA/Drivers/USB/Core/AVR8/Pipe_AVR8.o
 .debug_info    0x0000000000003bd0      0x431 ../../LUFA/Drivers/USB/Core/AVR8/USBController_AVR8.o
 .debug_info    0x0000000000004001      0x548 ../../LUFA/Drivers/USB/Core/AVR8/USBInterrupt_AVR8.o
 .debug_info    0x0000000000004549      0x38c ../../LUFA/Drivers/USB/Core/ConfigDescriptors.o
 .debug_info    0x00000000000048d5      0x992 ../../LUFA/Drivers/USB/Core/DeviceStandardReq.o
 .debug_info    0x0000000000005267       0x85 ../../LUFA/Drivers/USB/Core/Events.o
 .debug_info    0x00000000000052ec       0x6c ../../LUFA/Drivers/USB/Core/HostStandardReq.o
 .debug_info    0x0000000000005358      0x269 ../../LUFA/Drivers/USB/Core/USBTask.o
 .debug_info    0x00000000000055c1      0x58b ../../LUFA/Drivers/USB/Class/Device/AudioClassDevice.o
 .debug_info    0x0000000000005b4c      0xc5a ../../LUFA/Drivers/USB/Class/Device/CDCClassDevice.o
 .debug_info    0x00000000000067a6      0x699 ../../LUFA/Drivers/USB/Class/Device/HIDClassDevice.o
 .debug_info    0x0000000000006e3f      0x7e9 ../../LUFA/Drivers/USB/Class/Device/MassStorageClassDevice.o
 .debug_info    0x0000000000007628      0x4e0 ../../LUFA/Drivers/USB/Class/Device/MIDIClassDevice.o
 .debug_info    0x0000000000007b08      0xedb ../../LUFA/Drivers/USB/Class/Device/RNDISClassDevice.o
 .debug_info    0x00000000000089e3       0x6c ../../LUFA/Drivers/USB/Class/Host/AndroidAccessoryClassHost.o
 .debug_info    0x0000000000008a4f       0x6c ../../LUFA/Drivers/USB/Class/Host/AudioClassHost.o
 .debug_info    0x0000000000008abb       0x6c ../../LUFA/Drivers/USB/Class/Host/CDCClassHost.o
 .debug_info    0x0000000000008b27       0x6c ../../LUFA/Drivers/USB/Class/Host/HIDClassHost.o
 .debug_info    0x0000000000008b93       0x6c ../../LUFA/Drivers/USB/Class/Host/MassStorageClassHost.o
 .debug_info    0x0000000000008bff       0x6c ../../LUFA/Drivers/USB/Class/Host/MIDIClassHost.o
 .debug_info    0x0000000000008c6b       0x6c ../../LUFA/Drivers/USB/Class/Host/PrinterClassHost.o
 .debug_info    0x0000000000008cd7       0x6c ../../LUFA/Drivers/USB/Class/Host/RNDISClassHost.o
 .debug_info    0x0000000000008d43       0x6c ../../LUFA/Drivers/USB/Class/Host/StillImageClassHost.o
 *(.gnu.linkonce.wi.*)

.debug_abbrev   0x0000000000000000     0x219a
 *(.debug_abbrev)
 .debug_abbrev  0x0000000000000000      0x41b USBtoSerial.o
 .debug_abbrev  0x000000000000041b      0x153 Descriptors.o
 .debug_abbrev  0x000000000000056e      0x1ec ../../LUFA/Drivers/USB/Class/Common/HIDParser.o
 .debug_abbrev  0x000000000000075a       0x7d ../../LUFA/Drivers/USB/Core/AVR8/Device_AVR8.o
 .debug_abbrev  0x00000000000007d7      0x192 ../../LUFA/Drivers/USB/Core/AVR8/EndpointStream_AVR8.o
 .debug_abbrev  0x0000000000000969      0x1f5 ../../LUFA/Drivers/USB/Core/AVR8/Endpoint_AVR8.o
 .debug_abbrev  0x0000000000000b5e       0x2a ../../LUFA/Drivers/USB/Core/AVR8/Host_AVR8.o
 .debug_abbrev  0x0000000000000b88       0x2a ../../LUFA/Drivers/USB/Core/AVR8/PipeStream_AVR8.o
 .debug_abbrev  0x0000000000000bb2       0x2a ../../LUFA/Drivers/USB/Core/AVR8/Pipe_AVR8.o
 .debug_abbrev  0x0000000000000bdc      0x14d ../../LUFA/Drivers/USB/Core/AVR8/USBController_AVR8.o
 .debug_abbrev  0x0000000000000d29      0x17e ../../LUFA/Drivers/USB/Core/AVR8/USBInterrupt_AVR8.o
 .debug_abbrev  0x0000000000000ea7      0x148 ../../LUFA/Drivers/USB/Core/ConfigDescriptors.o
 .debug_abbrev  0x0000000000000fef      0x212 ../../LUFA/Drivers/USB/Core/DeviceStandardReq.o
 .debug_abbrev  0x0000000000001201       0x41 ../../LUFA/Drivers/USB/Core/Events.o
 .debug_abbrev  0x0000000000001242       0x2a ../../LUFA/Drivers/USB/Core/HostStandardReq.o
 .debug_abbrev  0x000000000000126c      0x15c ../../LUFA/Drivers/USB/Core/USBTask.o
 .debug_abbrev  0x00000000000013c8      0x167 ../../LUFA/Drivers/USB/Class/Device/AudioClassDevice.o
 .debug_abbrev  0x000000000000152f      0x2f3 ../../LUFA/Drivers/USB/Class/Device/CDCClassDevice.o
 .debug_abbrev  0x0000000000001822      0x1bc ../../LUFA/Drivers/USB/Class/Device/HIDClassDevice.o
 .debug_abbrev  0x00000000000019de      0x205 ../../LUFA/Drivers/USB/Class/Device/MassStorageClassDevice.o
 .debug_abbrev  0x0000000000001be3      0x184 ../../LUFA/Drivers/USB/Class/Device/MIDIClassDevice.o
 .debug_abbrev  0x0000000000001d67      0x2b9 ../../LUFA/Drivers/USB/Class/Device/RNDISClassDevice.o
 .debug_abbrev  0x0000000000002020       0x2a ../../LUFA/Drivers/USB/Class/Host/AndroidAccessoryClassHost.o
 .debug_abbrev  0x000000000000204a       0x2a ../../LUFA/Drivers/USB/Class/Host/AudioClassHost.o
 .debug_abbrev  0x0000000000002074       0x2a ../../LUFA/Drivers/USB/Class/Host/CDCClassHost.o
 .debug_abbrev  0x000000000000209e       0x2a ../../LUFA/Drivers/USB/Class/Host/HIDClassHost.o
 .debug_abbrev  0x00000000000020c8       0x2a ../../LUFA/Drivers/USB/Class/Host/MassStorageClassHost.o
 .debug_abbrev  0x00000000000020f2       0x2a ../../LUFA/Drivers/USB/Class/Host/MIDIClassHost.o
 .debug_abbrev  0x000000000000211c       0x2a ../../LUFA/Drivers/USB/Class/Host/PrinterClassHost.o
 .debug_abbrev  0x0000000000002146       0x2a ../../LUFA/Drivers/USB/Class/Host/RNDISClassHost.o
 .debug_abbrev  0x0000000000002170       0x2a ../../LUFA/Drivers/USB/Class/Host/StillImageClassHost.o

.debug_line     0x0000000000000000     0x77dd
 *(.debug_line)
 .debug_line    0x0000000000000000     0x1022 USBtoSerial.o
 .debug_line    0x0000000000001022      0x1d9 Descriptors.o
 .debug_line    0x00000000000011fb      0x768 ../../LUFA/Drivers/USB/Class/Common/HIDParser.o
 .debug_line    0x0000000000001963      0x16b ../../LUFA/Drivers/USB/Core/AVR8/Device_AVR8.o
 .debug_line    0x0000000000001ace     0x1aee ../../LUFA/Drivers/USB/Core/AVR8/EndpointStream_AVR8.o
 .debug_line    0x00000000000035bc      0x5fe ../../LUFA/Drivers/USB/Core/AVR8/Endpoint_AVR8.o
 .debug_line    0x0000000000003bba       0x3e ../../LUFA/Drivers/USB/Core/AVR8/Host_AVR8.o
 .debug_line    0x0000000000003bf8       0x3e ../../LUFA/Drivers/USB/Core/AVR8/PipeStream_AVR8.o
 .debug_line    0x0000000000003c36       0x3e ../../LUFA/Drivers/USB/Core/AVR8/Pipe_AVR8.o
 .debug_line    0x0000000000003c74      0x323 ../../LUFA/Drivers/USB/Core/AVR8/USBController_AVR8.o
 .debug_line    0x0000000000003f97      0x4a2 ../../LUFA/Drivers/USB/Core/AVR8/USBInterrupt_AVR8.o
 .debug_line    0x0000000000004439      0x275 ../../LUFA/Drivers/USB/Core/ConfigDescriptors.o
 .debug_line    0x00000000000046ae      0x5ba ../../LUFA/Drivers/USB/Core/DeviceStandardReq.o
 .debug_line    0x0000000000004c68       0x86 ../../LUFA/Drivers/USB/Core/Events.o
 .debug_line    0x0000000000004cee       0x3e ../../LUFA/Drivers/USB/Core/HostStandardReq.o
 .debug_line    0x0000000000004d2c      0x1cd ../../LUFA/Drivers/USB/Core/USBTask.o
 .debug_line    0x0000000000004ef9      0x515 ../../LUFA/Drivers/USB/Class/Device/AudioClassDevice.o
 .debug_line    0x000000000000540e      0x9e0 ../../LUFA/Drivers/USB/Class/Device/CDCClassDevice.o
 .debug_line    0x0000000000005dee      0x5e1 ../../LUFA/Drivers/USB/Class/Device/HIDClassDevice.o
 .debug_line    0x00000000000063cf      0x5f4 ../../LUFA/Drivers/USB/Class/Device/MassStorageClassDevice.o
 .debug_line    0x00000000000069c3      0x436 ../../LUFA/Drivers/USB/Class/Device/MIDIClassDevice.o
 .debug_line    0x0000000000006df9      0x7b6 ../../LUFA/Drivers/USB/Class/Device/RNDISClassDevice.o
 .debug_line    0x00000000000075af       0x3e ../../LUFA/Drivers/USB/Class/Host/AndroidAccessoryClassHost.o
 .debug_line    0x00000000000075ed       0x3e ../../LUFA/Drivers/USB/Class/Host/AudioClassHost.o
 .debug_line    0x000000000000762b       0x3e ../../LUFA/Drivers/USB/Class/Host/CDCClassHost.o
 .debug_line    0x0000000000007669       0x3e ../../LUFA/Drivers/USB/Class/Host/HIDClassHost.o
 .debug_line    0x00000000000076a7       0x3e ../../LUFA/Drivers/USB/Class/Host/MassStorageClassHost.o
 .debug_line    0x00000000000076e5       0x3e ../../LUFA/Drivers/USB/Class/Host/MIDIClassHost.o
 .debug_line    0x0000000000007723       0x3e ../../LUFA/Drivers/USB/Class/Host/PrinterClassHost.o
 .debug_line    0x0000000000007761       0x3e ../../LUFA/Drivers/USB/Class/Host/RNDISClassHost.o
 .debug_line    0x000000000000779f       0x3e ../../LUFA/Drivers/USB/Class/Host/StillImageClassHost.o

.debug_frame    0x0000000000000000      0x820
 *(.debug_frame)
 .debug_frame   0x0000000000000000      0x1f0 USBtoSerial.o
 .debug_frame   0x00000000000001f0       0x20 Descriptors.o
 .debug_frame   0x0000000000000210       0x50 ../../LUFA/Drivers/USB/Class/Common/HIDParser.o
 .debug_frame   0x0000000000000260       0x20 ../../LUFA/Drivers/USB/Core/AVR8/Device_AVR8.o
 .debug_frame   0x0000000000000280      0x170 ../../LUFA/Drivers/USB/Core/AVR8/EndpointStream_AVR8.o
 .debug_frame   0x00000000000003f0       0x60 ../../LUFA/Drivers/USB/Core/AVR8/Endpoint_AVR8.o
 .debug_frame   0x0000000000000450       0x40 ../../LUFA/Drivers/USB/Core/AVR8/USBController_AVR8.o
 .debug_frame   0x0000000000000490       0x40 ../../LUFA/Drivers/USB/Core/AVR8/USBInterrupt_AVR8.o
 .debug_frame   0x00000000000004d0       0x50 ../../LUFA/Drivers/USB/Core/ConfigDescriptors.o
 .debug_frame   0x0000000000000520       0x20 ../../LUFA/Drivers/USB/Core/DeviceStandardReq.o
 .debug_frame   0x0000000000000540       0x20 ../../LUFA/Drivers/USB/Core/Events.o
 .debug_frame   0x0000000000000560       0x20 ../../LUFA/Drivers/USB/Core/USBTask.o
 .debug_frame   0x0000000000000580       0x40 ../../LUFA/Drivers/USB/Class/Device/AudioClassDevice.o
 .debug_frame   0x00000000000005c0      0x110 ../../LUFA/Drivers/USB/Class/Device/CDCClassDevice.o
 .debug_frame   0x00000000000006d0       0x40 ../../LUFA/Drivers/USB/Class/Device/HIDClassDevice.o
 .debug_frame   0x0000000000000710       0x40 ../../LUFA/Drivers/USB/Class/Device/MassStorageClassDevice.o
 .debug_frame   0x0000000000000750       0x60 ../../LUFA/Drivers/USB/Class/Device/MIDIClassDevice.o
 .debug_frame   0x00000000000007b0       0x70 ../../LUFA/Drivers/USB/Class/Device/RNDISClassDevice.o

.debug_str      0x0000000000000000     0x3ce7
 *(.debug_str)
 .debug_str     0x0000000000000000      0x939 USBtoSerial.o
                                        0x9db (size before relaxing)
 .debug_str     0x0000000000000939      0x8ba Descriptors.o
                                        0xa0a (size before relaxing)
 .debug_str     0x00000000000011f3      0x4d5 ../../LUFA/Drivers/USB/Class/Common/HIDParser.o
                                        0x5fa (size before relaxing)
 .debug_str     0x00000000000016c8       0x7d ../../LUFA/Drivers/USB/Core/AVR8/Device_AVR8.o
                                        0x15d (size before relaxing)
 .debug_str     0x0000000000001745      0x5a8 ../../LUFA/Drivers/USB/Core/AVR8/EndpointStream_AVR8.o
                                        0x783 (size before relaxing)
 .debug_str     0x0000000000001ced      0x218 ../../LUFA/Drivers/USB/Core/AVR8/Endpoint_AVR8.o
                                        0x57f (size before relaxing)
 .debug_str     0x0000000000001f05       0x33 ../../LUFA/Drivers/USB/Core/AVR8/Host_AVR8.o
                                        0x105 (size before relaxing)
 .debug_str     0x0000000000001f38       0x39 ../../LUFA/Drivers/USB/Core/AVR8/PipeStream_AVR8.o
                                        0x10b (size before relaxing)
 .debug_str     0x0000000000001f71       0x33 ../../LUFA/Drivers/USB/Core/AVR8/Pipe_AVR8.o
                                        0x105 (size before relaxing)
 .debug_str     0x0000000000001fa4      0x20f ../../LUFA/Drivers/USB/Core/AVR8/USBController_AVR8.o
                                        0x43e (size before relaxing)
 .debug_str     0x00000000000021b3       0xdc ../../LUFA/Drivers/USB/Core/AVR8/USBInterrupt_AVR8.o
                                        0x3b7 (size before relaxing)
 .debug_str     0x000000000000228f      0x22d ../../LUFA/Drivers/USB/Core/ConfigDescriptors.o
                                        0x345 (size before relaxing)
 .debug_str     0x00000000000024bc      0x3b8 ../../LUFA/Drivers/USB/Core/DeviceStandardReq.o
                                        0x873 (size before relaxing)
 .debug_str     0x0000000000002874       0x3a ../../LUFA/Drivers/USB/Core/Events.o
                                        0x10c (size before relaxing)
 .debug_str     0x00000000000028ae       0x34 ../../LUFA/Drivers/USB/Core/HostStandardReq.o
                                        0x106 (size before relaxing)
 .debug_str     0x00000000000028e2       0x70 ../../LUFA/Drivers/USB/Core/USBTask.o
                                        0x2c3 (size before relaxing)
 .debug_str     0x0000000000002952      0x23f ../../LUFA/Drivers/USB/Class/Device/AudioClassDevice.o
                                        0x543 (size before relaxing)
 .debug_str     0x0000000000002b91      0x300 ../../LUFA/Drivers/USB/Class/Device/CDCClassDevice.o
                                        0x8f7 (size before relaxing)
 .debug_str     0x0000000000002e91      0x1f3 ../../LUFA/Drivers/USB/Class/Device/HIDClassDevice.o
                                        0x572 (size before relaxing)
 .debug_str     0x0000000000003084      0x243 ../../LUFA/Drivers/USB/Class/Device/MassStorageClassDevice.o
                                        0x6d3 (size before relaxing)
 .debug_str     0x00000000000032c7      0x11e ../../LUFA/Drivers/USB/Class/Device/MIDIClassDevice.o
                                        0x55a (size before relaxing)
 .debug_str     0x00000000000033e5      0x6ee ../../LUFA/Drivers/USB/Class/Device/RNDISClassDevice.o
                                        0xc0b (size before relaxing)
 .debug_str     0x0000000000003ad3       0x44 ../../LUFA/Drivers/USB/Class/Host/AndroidAccessoryClassHost.o
                                        0x116 (size before relaxing)
 .debug_str     0x0000000000003b17       0x39 ../../LUFA/Drivers/USB/Class/Host/AudioClassHost.o
                                        0x10b (size before relaxing)
 .debug_str     0x0000000000003b50       0x37 ../../LUFA/Drivers/USB/Class/Host/CDCClassHost.o
                                        0x109 (size before relaxing)
 .debug_str     0x0000000000003b87       0x37 ../../LUFA/Drivers/USB/Class/Host/HIDClassHost.o
                                        0x109 (size before relaxing)
 .debug_str     0x0000000000003bbe       0x3f ../../LUFA/Drivers/USB/Class/Host/MassStorageClassHost.o
                                        0x111 (size before relaxing)
 .debug_str     0x0000000000003bfd       0x38 ../../LUFA/Drivers/USB/Class/Host/MIDIClassHost.o
                                        0x10a (size before relaxing)
 .debug_str     0x0000000000003c35       0x3b ../../LUFA/Drivers/USB/Class/Host/PrinterClassHost.o
                                        0x10d (size before relaxing)
 .debug_str     0x0000000000003c70       0x39 ../../LUFA/Drivers/USB/Class/Host/RNDISClassHost.o
                                        0x10b (size before relaxing)
 .debug_str     0x0000000000003ca9       0x3e ../../LUFA/Drivers/USB/Class/Host/StillImageClassHost.o
                                        0x110 (size before relaxing)

.debug_loc      0x0000000000000000     0x4631
 *(.debug_loc)
 .debug_loc     0x0000000000000000      0x5a9 USBtoSerial.o
 .debug_loc     0x00000000000005a9       0xd3 Descriptors.o
 .debug_loc     0x000000000000067c      0x88f ../../LUFA/Drivers/USB/Class/Common/HIDParser.o
 .debug_loc     0x0000000000000f0b     0x1982 ../../LUFA/Drivers/USB/Core/AVR8/EndpointStream_AVR8.o
 .debug_loc     0x000000000000288d      0x390 ../../LUFA/Drivers/USB/Core/AVR8/Endpoint_AVR8.o
 .debug_loc     0x0000000000002c1d      0x17c ../../LUFA/Drivers/USB/Core/AVR8/USBInterrupt_AVR8.o
 .debug_loc     0x0000000000002d99      0x2bc ../../LUFA/Drivers/USB/Core/ConfigDescriptors.o
 .debug_loc     0x0000000000003055      0x22a ../../LUFA/Drivers/USB/Core/DeviceStandardReq.o
 .debug_loc     0x000000000000327f       0x27 ../../LUFA/Drivers/USB/Core/USBTask.o
 .debug_loc     0x00000000000032a6      0x16d ../../LUFA/Drivers/USB/Class/Device/AudioClassDevice.o
 .debug_loc     0x0000000000003413      0x52b ../../LUFA/Drivers/USB/Class/Device/CDCClassDevice.o
 .debug_loc     0x000000000000393e      0x249 ../../LUFA/Drivers/USB/Class/Device/HIDClassDevice.o
 .debug_loc     0x0000000000003b87      0x152 ../../LUFA/Drivers/USB/Class/Device/MassStorageClassDevice.o
 .debug_loc     0x0000000000003cd9      0x1f6 ../../LUFA/Drivers/USB/Class/Device/MIDIClassDevice.o
 .debug_loc     0x0000000000003ecf      0x762 ../../LUFA/Drivers/USB/Class/Device/RNDISClassDevice.o

.debug_macinfo
 *(.debug_macinfo)
OUTPUT(USBtoSerial.elf elf32-avr)
LOAD linker stubs

.debug_pubtypes
                0x0000000000000000     0x1111
 .debug_pubtypes
                0x0000000000000000      0x15a USBtoSerial.o
 .debug_pubtypes
                0x000000000000015a      0x1f1 Descriptors.o
 .debug_pubtypes
                0x000000000000034b      0x145 ../../LUFA/Drivers/USB/Class/Common/HIDParser.o
 .debug_pubtypes
                0x0000000000000490       0x1e ../../LUFA/Drivers/USB/Core/AVR8/Device_AVR8.o
 .debug_pubtypes
                0x00000000000004ae       0xab ../../LUFA/Drivers/USB/Core/AVR8/EndpointStream_AVR8.o
 .debug_pubtypes
                0x0000000000000559       0x9e ../../LUFA/Drivers/USB/Core/AVR8/Endpoint_AVR8.o
 .debug_pubtypes
                0x00000000000005f7       0x12 ../../LUFA/Drivers/USB/Core/AVR8/Host_AVR8.o
 .debug_pubtypes
                0x0000000000000609       0x12 ../../LUFA/Drivers/USB/Core/AVR8/PipeStream_AVR8.o
 .debug_pubtypes
                0x000000000000061b       0x12 ../../LUFA/Drivers/USB/Core/AVR8/Pipe_AVR8.o
 .debug_pubtypes
                0x000000000000062d       0x68 ../../LUFA/Drivers/USB/Core/AVR8/USBController_AVR8.o
 .debug_pubtypes
                0x0000000000000695       0x58 ../../LUFA/Drivers/USB/Core/AVR8/USBInterrupt_AVR8.o
 .debug_pubtypes
                0x00000000000006ed       0xb4 ../../LUFA/Drivers/USB/Core/ConfigDescriptors.o
 .debug_pubtypes
                0x00000000000007a1       0xd7 ../../LUFA/Drivers/USB/Core/DeviceStandardReq.o
 .debug_pubtypes
                0x0000000000000878       0x12 ../../LUFA/Drivers/USB/Core/Events.o
 .debug_pubtypes
                0x000000000000088a       0x12 ../../LUFA/Drivers/USB/Core/HostStandardReq.o
 .debug_pubtypes
                0x000000000000089c       0x5c ../../LUFA/Drivers/USB/Core/USBTask.o
 .debug_pubtypes
                0x00000000000008f8       0xb2 ../../LUFA/Drivers/USB/Class/Device/AudioClassDevice.o
 .debug_pubtypes
                0x00000000000009aa      0x151 ../../LUFA/Drivers/USB/Class/Device/CDCClassDevice.o
 .debug_pubtypes
                0x0000000000000afb       0xc6 ../../LUFA/Drivers/USB/Class/Device/HIDClassDevice.o
 .debug_pubtypes
                0x0000000000000bc1      0x132 ../../LUFA/Drivers/USB/Class/Device/MassStorageClassDevice.o
 .debug_pubtypes
                0x0000000000000cf3       0xe0 ../../LUFA/Drivers/USB/Class/Device/MIDIClassDevice.o
 .debug_pubtypes
                0x0000000000000dd3      0x29c ../../LUFA/Drivers/USB/Class/Device/RNDISClassDevice.o
 .debug_pubtypes
                0x000000000000106f       0x12 ../../LUFA/Drivers/USB/Class/Host/AndroidAccessoryClassHost.o
 .debug_pubtypes
                0x0000000000001081       0x12 ../../LUFA/Drivers/USB/Class/Host/AudioClassHost.o
 .debug_pubtypes
                0x0000000000001093       0x12 ../../LUFA/Drivers/USB/Class/Host/CDCClassHost.o
 .debug_pubtypes
                0x00000000000010a5       0x12 ../../LUFA/Drivers/USB/Class/Host/HIDClassHost.o
 .debug_pubtypes
                0x00000000000010b7       0x12 ../../LUFA/Drivers/USB/Class/Host/MassStorageClassHost.o
 .debug_pubtypes
                0x00000000000010c9       0x12 ../../LUFA/Drivers/USB/Class/Host/MIDIClassHost.o
 .debug_pubtypes
                0x00000000000010db       0x12 ../../LUFA/Drivers/USB/Class/Host/PrinterClassHost.o
 .debug_pubtypes
                0x00000000000010ed       0x12 ../../LUFA/Drivers/USB/Class/Host/RNDISClassHost.o
 .debug_pubtypes
                0x00000000000010ff       0x12 ../../LUFA/Drivers/USB/Class/Host/StillImageClassHost.o

.debug_ranges   0x0000000000000000      0x788
 .debug_ranges  0x0000000000000000       0xf8 USBtoSerial.o
 .debug_ranges  0x00000000000000f8       0x10 Descriptors.o
 .debug_ranges  0x0000000000000108      0x100 ../../LUFA/Drivers/USB/Class/Common/HIDParser.o
 .debug_ranges  0x0000000000000208       0x10 ../../LUFA/Drivers/USB/Core/AVR8/Device_AVR8.o
 .debug_ranges  0x0000000000000218      0x298 ../../LUFA/Drivers/USB/Core/AVR8/EndpointStream_AVR8.o
 .debug_ranges  0x00000000000004b0       0xa8 ../../LUFA/Drivers/USB/Core/AVR8/Endpoint_AVR8.o
 .debug_ranges  0x0000000000000558       0x20 ../../LUFA/Drivers/USB/Core/AVR8/USBController_AVR8.o
 .debug_ranges  0x0000000000000578       0x20 ../../LUFA/Drivers/USB/Core/AVR8/USBInterrupt_AVR8.o
 .debug_ranges  0x0000000000000598       0x28 ../../LUFA/Drivers/USB/Core/ConfigDescriptors.o
 .debug_ranges  0x00000000000005c0       0x10 ../../LUFA/Drivers/USB/Core/DeviceStandardReq.o
 .debug_ranges  0x00000000000005d0       0x10 ../../LUFA/Drivers/USB/Core/Events.o
 .debug_ranges  0x00000000000005e0       0x10 ../../LUFA/Drivers/USB/Core/USBTask.o
 .debug_ranges  0x00000000000005f0       0x20 ../../LUFA/Drivers/USB/Class/Device/AudioClassDevice.o
 .debug_ranges  0x0000000000000610       0x88 ../../LUFA/Drivers/USB/Class/Device/CDCClassDevice.o
 .debug_ranges  0x0000000000000698       0x20 ../../LUFA/Drivers/USB/Class/Device/HIDClassDevice.o
 .debug_ranges  0x00000000000006b8       0x20 ../../LUFA/Drivers/USB/Class/Device/MassStorageClassDevice.o
 .debug_ranges  0x00000000000006d8       0x30 ../../LUFA/Drivers/USB/Class/Device/MIDIClassDevice.o
 .debug_ranges  0x0000000000000708       0x80 ../../LUFA/Drivers/USB/Class/Device/RNDISClassDevice.o

Cross Reference Table

Symbol                                            File
Audio_Device_ConfigureEndpoints                   ../../LUFA/Drivers/USB/Class/Device/AudioClassDevice.o
Audio_Device_Event_Stub                           ../../LUFA/Drivers/USB/Class/Device/AudioClassDevice.o
Audio_Device_ProcessControlRequest                ../../LUFA/Drivers/USB/Class/Device/AudioClassDevice.o
CALLBACK_Audio_Device_GetSetEndpointProperty      ../../LUFA/Drivers/USB/Class/Device/AudioClassDevice.o
CALLBACK_Audio_Device_GetSetInterfaceProperty     ../../LUFA/Drivers/USB/Class/Device/AudioClassDevice.o
CALLBACK_HIDParser_FilterHIDReportItem            ../../LUFA/Drivers/USB/Class/Common/HIDParser.o
CALLBACK_HID_Device_CreateHIDReport               ../../LUFA/Drivers/USB/Class/Device/HIDClassDevice.o
CALLBACK_HID_Device_ProcessHIDReport              ../../LUFA/Drivers/USB/Class/Device/HIDClassDevice.o
CALLBACK_MS_Device_SCSICommandReceived            ../../LUFA/Drivers/USB/Class/Device/MassStorageClassDevice.o
CALLBACK_USB_GetDescriptor                        Descriptors.o
                                                  ../../LUFA/Drivers/USB/Core/DeviceStandardReq.o
CDC_Device_BytesReceived                          ../../LUFA/Drivers/USB/Class/Device/CDCClassDevice.o
CDC_Device_ConfigureEndpoints                     ../../LUFA/Drivers/USB/Class/Device/CDCClassDevice.o
                                                  USBtoSerial.o
CDC_Device_CreateBlockingStream                   ../../LUFA/Drivers/USB/Class/Device/CDCClassDevice.o
CDC_Device_CreateStream                           ../../LUFA/Drivers/USB/Class/Device/CDCClassDevice.o
CDC_Device_Event_Stub                             ../../LUFA/Drivers/USB/Class/Device/CDCClassDevice.o
CDC_Device_Flush                                  ../../LUFA/Drivers/USB/Class/Device/CDCClassDevice.o
CDC_Device_ProcessControlRequest                  ../../LUFA/Drivers/USB/Class/Device/CDCClassDevice.o
                                                  USBtoSerial.o
CDC_Device_ReceiveByte                            ../../LUFA/Drivers/USB/Class/Device/CDCClassDevice.o
                                                  USBtoSerial.o
CDC_Device_SendByte                               ../../LUFA/Drivers/USB/Class/Device/CDCClassDevice.o
                                                  USBtoSerial.o
CDC_Device_SendControlLineStateChange             ../../LUFA/Drivers/USB/Class/Device/CDCClassDevice.o
CDC_Device_SendData                               ../../LUFA/Drivers/USB/Class/Device/CDCClassDevice.o
CDC_Device_SendString                             ../../LUFA/Drivers/USB/Class/Device/CDCClassDevice.o
CDC_Device_USBTask                                ../../LUFA/Drivers/USB/Class/Device/CDCClassDevice.o
                                                  USBtoSerial.o
ConfigurationDescriptor                           Descriptors.o
DeviceDescriptor                                  Descriptors.o
EVENT_Audio_Device_StreamStartStop                ../../LUFA/Drivers/USB/Class/Device/AudioClassDevice.o
EVENT_CDC_Device_BreakSent                        ../../LUFA/Drivers/USB/Class/Device/CDCClassDevice.o
EVENT_CDC_Device_ControLineStateChanged           ../../LUFA/Drivers/USB/Class/Device/CDCClassDevice.o
EVENT_CDC_Device_LineEncodingChanged              USBtoSerial.o
EVENT_USB_Device_ConfigurationChanged             USBtoSerial.o
                                                  ../../LUFA/Drivers/USB/Core/DeviceStandardReq.o
EVENT_USB_Device_Connect                          USBtoSerial.o
                                                  ../../LUFA/Drivers/USB/Core/AVR8/USBInterrupt_AVR8.o
EVENT_USB_Device_ControlRequest                   USBtoSerial.o
                                                  ../../LUFA/Drivers/USB/Core/DeviceStandardReq.o
EVENT_USB_Device_Disconnect                       USBtoSerial.o
                                                  ../../LUFA/Drivers/USB/Core/AVR8/USBInterrupt_AVR8.o
EVENT_USB_Device_Reset                            ../../LUFA/Drivers/USB/Core/Events.o
                                                  ../../LUFA/Drivers/USB/Core/AVR8/USBInterrupt_AVR8.o
EVENT_USB_Device_StartOfFrame                     ../../LUFA/Drivers/USB/Core/Events.o
                                                  ../../LUFA/Drivers/USB/Core/AVR8/USBInterrupt_AVR8.o
EVENT_USB_Device_Suspend                          ../../LUFA/Drivers/USB/Core/Events.o
EVENT_USB_Device_WakeUp                           ../../LUFA/Drivers/USB/Core/Events.o
Endpoint_ClearEndpoints                           ../../LUFA/Drivers/USB/Core/AVR8/Endpoint_AVR8.o
Endpoint_ClearStatusStage                         ../../LUFA/Drivers/USB/Core/AVR8/Endpoint_AVR8.o
                                                  ../../LUFA/Drivers/USB/Class/Device/MassStorageClassDevice.o
                                                  ../../LUFA/Drivers/USB/Class/Device/HIDClassDevice.o
                                                  ../../LUFA/Drivers/USB/Class/Device/CDCClassDevice.o
                                                  ../../LUFA/Drivers/USB/Class/Device/AudioClassDevice.o
                                                  ../../LUFA/Drivers/USB/Core/DeviceStandardReq.o
Endpoint_ConfigureEndpointTable                   ../../LUFA/Drivers/USB/Core/AVR8/Endpoint_AVR8.o
                                                  ../../LUFA/Drivers/USB/Class/Device/RNDISClassDevice.o
                                                  ../../LUFA/Drivers/USB/Class/Device/MIDIClassDevice.o
                                                  ../../LUFA/Drivers/USB/Class/Device/MassStorageClassDevice.o
                                                  ../../LUFA/Drivers/USB/Class/Device/HIDClassDevice.o
                                                  ../../LUFA/Drivers/USB/Class/Device/CDCClassDevice.o
                                                  ../../LUFA/Drivers/USB/Class/Device/AudioClassDevice.o
Endpoint_ConfigureEndpoint_Prv                    ../../LUFA/Drivers/USB/Core/AVR8/Endpoint_AVR8.o
                                                  ../../LUFA/Drivers/USB/Core/AVR8/USBInterrupt_AVR8.o
                                                  ../../LUFA/Drivers/USB/Core/AVR8/USBController_AVR8.o
Endpoint_Discard_Stream                           ../../LUFA/Drivers/USB/Core/AVR8/EndpointStream_AVR8.o
Endpoint_Null_Stream                              ../../LUFA/Drivers/USB/Core/AVR8/EndpointStream_AVR8.o
Endpoint_Read_Control_EStream_BE                  ../../LUFA/Drivers/USB/Core/AVR8/EndpointStream_AVR8.o
Endpoint_Read_Control_EStream_LE                  ../../LUFA/Drivers/USB/Core/AVR8/EndpointStream_AVR8.o
Endpoint_Read_Control_Stream_BE                   ../../LUFA/Drivers/USB/Core/AVR8/EndpointStream_AVR8.o
Endpoint_Read_Control_Stream_LE                   ../../LUFA/Drivers/USB/Core/AVR8/EndpointStream_AVR8.o
                                                  ../../LUFA/Drivers/USB/Class/Device/RNDISClassDevice.o
                                                  ../../LUFA/Drivers/USB/Class/Device/HIDClassDevice.o
                                                  ../../LUFA/Drivers/USB/Class/Device/AudioClassDevice.o
Endpoint_Read_EStream_BE                          ../../LUFA/Drivers/USB/Core/AVR8/EndpointStream_AVR8.o
Endpoint_Read_EStream_LE                          ../../LUFA/Drivers/USB/Core/AVR8/EndpointStream_AVR8.o
Endpoint_Read_Stream_BE                           ../../LUFA/Drivers/USB/Core/AVR8/EndpointStream_AVR8.o
Endpoint_Read_Stream_LE                           ../../LUFA/Drivers/USB/Core/AVR8/EndpointStream_AVR8.o
                                                  ../../LUFA/Drivers/USB/Class/Device/RNDISClassDevice.o
                                                  ../../LUFA/Drivers/USB/Class/Device/MIDIClassDevice.o
                                                  ../../LUFA/Drivers/USB/Class/Device/MassStorageClassDevice.o
Endpoint_WaitUntilReady                           ../../LUFA/Drivers/USB/Core/AVR8/Endpoint_AVR8.o
                                                  ../../LUFA/Drivers/USB/Class/Device/RNDISClassDevice.o
                                                  ../../LUFA/Drivers/USB/Class/Device/MIDIClassDevice.o
                                                  ../../LUFA/Drivers/USB/Class/Device/CDCClassDevice.o
                                                  ../../LUFA/Drivers/USB/Core/AVR8/EndpointStream_AVR8.o
Endpoint_Write_Control_EStream_BE                 ../../LUFA/Drivers/USB/Core/AVR8/EndpointStream_AVR8.o
Endpoint_Write_Control_EStream_LE                 ../../LUFA/Drivers/USB/Core/AVR8/EndpointStream_AVR8.o
Endpoint_Write_Control_PStream_BE                 ../../LUFA/Drivers/USB/Core/AVR8/EndpointStream_AVR8.o
Endpoint_Write_Control_PStream_LE                 ../../LUFA/Drivers/USB/Core/AVR8/EndpointStream_AVR8.o
                                                  ../../LUFA/Drivers/USB/Core/DeviceStandardReq.o
Endpoint_Write_Control_Stream_BE                  ../../LUFA/Drivers/USB/Core/AVR8/EndpointStream_AVR8.o
Endpoint_Write_Control_Stream_LE                  ../../LUFA/Drivers/USB/Core/AVR8/EndpointStream_AVR8.o
                                                  ../../LUFA/Drivers/USB/Class/Device/RNDISClassDevice.o
                                                  ../../LUFA/Drivers/USB/Class/Device/HIDClassDevice.o
                                                  ../../LUFA/Drivers/USB/Class/Device/AudioClassDevice.o
                                                  ../../LUFA/Drivers/USB/Core/DeviceStandardReq.o
Endpoint_Write_EStream_BE                         ../../LUFA/Drivers/USB/Core/AVR8/EndpointStream_AVR8.o
Endpoint_Write_EStream_LE                         ../../LUFA/Drivers/USB/Core/AVR8/EndpointStream_AVR8.o
Endpoint_Write_PStream_BE                         ../../LUFA/Drivers/USB/Core/AVR8/EndpointStream_AVR8.o
Endpoint_Write_PStream_LE                         ../../LUFA/Drivers/USB/Core/AVR8/EndpointStream_AVR8.o
Endpoint_Write_Stream_BE                          ../../LUFA/Drivers/USB/Core/AVR8/EndpointStream_AVR8.o
Endpoint_Write_Stream_LE                          ../../LUFA/Drivers/USB/Core/AVR8/EndpointStream_AVR8.o
                                                  ../../LUFA/Drivers/USB/Class/Device/RNDISClassDevice.o
                                                  ../../LUFA/Drivers/USB/Class/Device/MIDIClassDevice.o
                                                  ../../LUFA/Drivers/USB/Class/Device/MassStorageClassDevice.o
                                                  ../../LUFA/Drivers/USB/Class/Device/HIDClassDevice.o
                                                  ../../LUFA/Drivers/USB/Class/Device/CDCClassDevice.o
HID_Device_ConfigureEndpoints                     ../../LUFA/Drivers/USB/Class/Device/HIDClassDevice.o
HID_Device_ProcessControlRequest                  ../../LUFA/Drivers/USB/Class/Device/HIDClassDevice.o
HID_Device_USBTask                                ../../LUFA/Drivers/USB/Class/Device/HIDClassDevice.o
LanguageString                                    Descriptors.o
MIDI_Device_ConfigureEndpoints                    ../../LUFA/Drivers/USB/Class/Device/MIDIClassDevice.o
MIDI_Device_Flush                                 ../../LUFA/Drivers/USB/Class/Device/MIDIClassDevice.o
MIDI_Device_ReceiveEventPacket                    ../../LUFA/Drivers/USB/Class/Device/MIDIClassDevice.o
MIDI_Device_SendEventPacket                       ../../LUFA/Drivers/USB/Class/Device/MIDIClassDevice.o
MIDI_Device_USBTask                               ../../LUFA/Drivers/USB/Class/Device/MIDIClassDevice.o
MS_Device_ConfigureEndpoints                      ../../LUFA/Drivers/USB/Class/Device/MassStorageClassDevice.o
MS_Device_ProcessControlRequest                   ../../LUFA/Drivers/USB/Class/Device/MassStorageClassDevice.o
MS_Device_USBTask                                 ../../LUFA/Drivers/USB/Class/Device/MassStorageClassDevice.o
ManufacturerString                                Descriptors.o
ProductString                                     Descriptors.o
RNDIS_Device_ConfigureEndpoints                   ../../LUFA/Drivers/USB/Class/Device/RNDISClassDevice.o
RNDIS_Device_IsPacketReceived                     ../../LUFA/Drivers/USB/Class/Device/RNDISClassDevice.o
RNDIS_Device_ProcessControlRequest                ../../LUFA/Drivers/USB/Class/Device/RNDISClassDevice.o
RNDIS_Device_ReadPacket                           ../../LUFA/Drivers/USB/Class/Device/RNDISClassDevice.o
RNDIS_Device_SendPacket                           ../../LUFA/Drivers/USB/Class/Device/RNDISClassDevice.o
RNDIS_Device_USBTask                              ../../LUFA/Drivers/USB/Class/Device/RNDISClassDevice.o
SetupHardware                                     USBtoSerial.o
USB_ControlRequest                                ../../LUFA/Drivers/USB/Class/Device/RNDISClassDevice.o
                                                  ../../LUFA/Drivers/USB/Class/Device/MassStorageClassDevice.o
                                                  ../../LUFA/Drivers/USB/Class/Device/HIDClassDevice.o
                                                  ../../LUFA/Drivers/USB/Class/Device/CDCClassDevice.o
                                                  ../../LUFA/Drivers/USB/Class/Device/AudioClassDevice.o
                                                  ../../LUFA/Drivers/USB/Core/USBTask.o
                                                  ../../LUFA/Drivers/USB/Core/DeviceStandardReq.o
                                                  ../../LUFA/Drivers/USB/Core/AVR8/Endpoint_AVR8.o
                                                  ../../LUFA/Drivers/USB/Core/AVR8/EndpointStream_AVR8.o
USB_DeviceState                                   ../../LUFA/Drivers/USB/Class/Device/RNDISClassDevice.o
                                                  ../../LUFA/Drivers/USB/Class/Device/MIDIClassDevice.o
                                                  ../../LUFA/Drivers/USB/Class/Device/MassStorageClassDevice.o
                                                  ../../LUFA/Drivers/USB/Class/Device/HIDClassDevice.o
                                                  ../../LUFA/Drivers/USB/Class/Device/CDCClassDevice.o
                                                  ../../LUFA/Drivers/USB/Core/USBTask.o
                                                  ../../LUFA/Drivers/USB/Core/DeviceStandardReq.o
                                                  ../../LUFA/Drivers/USB/Core/AVR8/USBInterrupt_AVR8.o
                                                  ../../LUFA/Drivers/USB/Core/AVR8/USBController_AVR8.o
                                                  ../../LUFA/Drivers/USB/Core/AVR8/Endpoint_AVR8.o
                                                  ../../LUFA/Drivers/USB/Core/AVR8/EndpointStream_AVR8.o
USB_Device_ConfigurationNumber                    ../../LUFA/Drivers/USB/Core/DeviceStandardReq.o
                                                  ../../LUFA/Drivers/USB/Core/AVR8/USBInterrupt_AVR8.o
                                                  ../../LUFA/Drivers/USB/Core/AVR8/USBController_AVR8.o
USB_Device_CurrentlySelfPowered                   ../../LUFA/Drivers/USB/Core/DeviceStandardReq.o
                                                  ../../LUFA/Drivers/USB/Core/AVR8/USBController_AVR8.o
USB_Device_ProcessControlRequest                  ../../LUFA/Drivers/USB/Core/DeviceStandardReq.o
                                                  ../../LUFA/Drivers/USB/Core/USBTask.o
USB_Device_RemoteWakeupEnabled                    ../../LUFA/Drivers/USB/Core/DeviceStandardReq.o
                                                  ../../LUFA/Drivers/USB/Core/AVR8/USBController_AVR8.o
USB_Device_SendRemoteWakeup                       ../../LUFA/Drivers/USB/Core/AVR8/Device_AVR8.o
USB_Disable                                       ../../LUFA/Drivers/USB/Core/AVR8/USBController_AVR8.o
USB_Event_Stub                                    ../../LUFA/Drivers/USB/Core/Events.o
USB_GetHIDReportItemInfo                          ../../LUFA/Drivers/USB/Class/Common/HIDParser.o
USB_GetHIDReportSize                              ../../LUFA/Drivers/USB/Class/Common/HIDParser.o
USB_GetNextDescriptorComp                         ../../LUFA/Drivers/USB/Core/ConfigDescriptors.o
USB_GetNextDescriptorOfType                       ../../LUFA/Drivers/USB/Core/ConfigDescriptors.o
USB_GetNextDescriptorOfTypeAfter                  ../../LUFA/Drivers/USB/Core/ConfigDescriptors.o
USB_GetNextDescriptorOfTypeBefore                 ../../LUFA/Drivers/USB/Core/ConfigDescriptors.o
USB_INT_ClearAllInterrupts                        ../../LUFA/Drivers/USB/Core/AVR8/USBInterrupt_AVR8.o
                                                  ../../LUFA/Drivers/USB/Core/AVR8/USBController_AVR8.o
USB_INT_DisableAllInterrupts                      ../../LUFA/Drivers/USB/Core/AVR8/USBInterrupt_AVR8.o
                                                  ../../LUFA/Drivers/USB/Core/AVR8/USBController_AVR8.o
USB_Init                                          ../../LUFA/Drivers/USB/Core/AVR8/USBController_AVR8.o
                                                  USBtoSerial.o
USB_IsInitialized                                 ../../LUFA/Drivers/USB/Core/USBTask.o
                                                  ../../LUFA/Drivers/USB/Core/AVR8/USBController_AVR8.o
USB_ProcessHIDReport                              ../../LUFA/Drivers/USB/Class/Common/HIDParser.o
USB_ResetInterface                                ../../LUFA/Drivers/USB/Core/AVR8/USBController_AVR8.o
USB_SetHIDReportItemInfo                          ../../LUFA/Drivers/USB/Class/Common/HIDParser.o
USB_USBTask                                       ../../LUFA/Drivers/USB/Core/USBTask.o
                                                  ../../LUFA/Drivers/USB/Class/Device/MassStorageClassDevice.o
                                                  ../../LUFA/Drivers/USB/Class/Device/CDCClassDevice.o
                                                  ../../LUFA/Drivers/USB/Core/AVR8/EndpointStream_AVR8.o
                                                  USBtoSerial.o
Usb2SerialTask                                    USBtoSerial.o
VirtualSerial_CDC_Interface                       USBtoSerial.o
__addsf3                                          /usr/lib/gcc/avr/4.5.3/../../../avr/lib/avr35/libm.a(addsf3.o)
                                                  USBtoSerial.o
__addsf3x                                         /usr/lib/gcc/avr/4.5.3/../../../avr/lib/avr35/libm.a(addsf3x.o)
                                                  /usr/lib/gcc/avr/4.5.3/../../../avr/lib/avr35/libm.a(addsf3.o)
__bad_interrupt                                   /usr/lib/gcc/avr/4.5.3/../../../avr/lib/avr35/crtm32u2.o
__bss_end                                         /usr/lib/gcc/avr/4.5.3/avr35/libgcc.a(_clear_bss.o)
__bss_start                                       /usr/lib/gcc/avr/4.5.3/avr35/libgcc.a(_clear_bss.o)
__cmpsf2                                          /usr/lib/gcc/avr/4.5.3/../../../avr/lib/avr35/libm.a(cmpsf2.o)
__data_end                                        /usr/lib/gcc/avr/4.5.3/avr35/libgcc.a(_copy_data.o)
__data_load_start                                 /usr/lib/gcc/avr/4.5.3/avr35/libgcc.a(_copy_data.o)
__data_start                                      /usr/lib/gcc/avr/4.5.3/avr35/libgcc.a(_copy_data.o)
__divsf3                                          /usr/lib/gcc/avr/4.5.3/../../../avr/lib/avr35/libm.a(divsf3.o)
                                                  USBtoSerial.o
__divsf3_pse                                      /usr/lib/gcc/avr/4.5.3/../../../avr/lib/avr35/libm.a(divsf3x.o)
__divsf3x                                         /usr/lib/gcc/avr/4.5.3/../../../avr/lib/avr35/libm.a(divsf3x.o)
                                                  /usr/lib/gcc/avr/4.5.3/../../../avr/lib/avr35/libm.a(divsf3.o)
__do_clear_bss                                    /usr/lib/gcc/avr/4.5.3/avr35/libgcc.a(_clear_bss.o)
                                                  ../../LUFA/Drivers/USB/Core/USBTask.o
                                                  ../../LUFA/Drivers/USB/Core/DeviceStandardReq.o
                                                  USBtoSerial.o
__do_copy_data                                    /usr/lib/gcc/avr/4.5.3/avr35/libgcc.a(_copy_data.o)
                                                  ../../LUFA/Drivers/USB/Class/Device/RNDISClassDevice.o
                                                  ../../LUFA/Drivers/USB/Class/Device/CDCClassDevice.o
                                                  USBtoSerial.o
__eerd_byte_m32u2                                 /usr/lib/gcc/avr/4.5.3/../../../avr/lib/avr35/libc.a(eerd_byte_atmega32u2.o)
                                                  ../../LUFA/Drivers/USB/Core/AVR8/EndpointStream_AVR8.o
__eeupd_byte_m32u2                                /usr/lib/gcc/avr/4.5.3/../../../avr/lib/avr35/libc.a(eeupd_byte_atmega32u2.o)
                                                  ../../LUFA/Drivers/USB/Core/AVR8/EndpointStream_AVR8.o
__eeupd_r18_m32u2                                 /usr/lib/gcc/avr/4.5.3/../../../avr/lib/avr35/libc.a(eeupd_byte_atmega32u2.o)
__eqsf2                                           /usr/lib/gcc/avr/4.5.3/../../../avr/lib/avr35/libm.a(cmpsf2.o)
__fixunssfsi                                      /usr/lib/gcc/avr/4.5.3/../../../avr/lib/avr35/libm.a(fixunssfsi.o)
                                                  USBtoSerial.o
__floatsisf                                       /usr/lib/gcc/avr/4.5.3/../../../avr/lib/avr35/libm.a(floatsisf.o)
__floatunsisf                                     /usr/lib/gcc/avr/4.5.3/../../../avr/lib/avr35/libm.a(floatsisf.o)
                                                  USBtoSerial.o
__fp_cmp                                          /usr/lib/gcc/avr/4.5.3/../../../avr/lib/avr35/libm.a(fp_cmp.o)
                                                  /usr/lib/gcc/avr/4.5.3/../../../avr/lib/avr35/libm.a(gesf2.o)
                                                  /usr/lib/gcc/avr/4.5.3/../../../avr/lib/avr35/libm.a(cmpsf2.o)
__fp_inf                                          /usr/lib/gcc/avr/4.5.3/../../../avr/lib/avr35/libm.a(fp_inf.o)
                                                  /usr/lib/gcc/avr/4.5.3/../../../avr/lib/avr35/libm.a(divsf3x.o)
                                                  /usr/lib/gcc/avr/4.5.3/../../../avr/lib/avr35/libm.a(addsf3x.o)
__fp_nan                                          /usr/lib/gcc/avr/4.5.3/../../../avr/lib/avr35/libm.a(fp_nan.o)
                                                  /usr/lib/gcc/avr/4.5.3/../../../avr/lib/avr35/libm.a(divsf3x.o)
                                                  /usr/lib/gcc/avr/4.5.3/../../../avr/lib/avr35/libm.a(addsf3x.o)
__fp_pscA                                         /usr/lib/gcc/avr/4.5.3/../../../avr/lib/avr35/libm.a(fp_pscA.o)
                                                  /usr/lib/gcc/avr/4.5.3/../../../avr/lib/avr35/libm.a(divsf3x.o)
                                                  /usr/lib/gcc/avr/4.5.3/../../../avr/lib/avr35/libm.a(addsf3x.o)
__fp_pscB                                         /usr/lib/gcc/avr/4.5.3/../../../avr/lib/avr35/libm.a(fp_pscB.o)
                                                  /usr/lib/gcc/avr/4.5.3/../../../avr/lib/avr35/libm.a(divsf3x.o)
                                                  /usr/lib/gcc/avr/4.5.3/../../../avr/lib/avr35/libm.a(addsf3x.o)
__fp_round                                        /usr/lib/gcc/avr/4.5.3/../../../avr/lib/avr35/libm.a(fp_round.o)
                                                  /usr/lib/gcc/avr/4.5.3/../../../avr/lib/avr35/libm.a(divsf3.o)
                                                  /usr/lib/gcc/avr/4.5.3/../../../avr/lib/avr35/libm.a(addsf3.o)
__fp_split3                                       /usr/lib/gcc/avr/4.5.3/../../../avr/lib/avr35/libm.a(fp_split3.o)
                                                  /usr/lib/gcc/avr/4.5.3/../../../avr/lib/avr35/libm.a(divsf3x.o)
                                                  /usr/lib/gcc/avr/4.5.3/../../../avr/lib/avr35/libm.a(addsf3x.o)
__fp_splitA                                       /usr/lib/gcc/avr/4.5.3/../../../avr/lib/avr35/libm.a(fp_split3.o)
                                                  /usr/lib/gcc/avr/4.5.3/../../../avr/lib/avr35/libm.a(fixunssfsi.o)
__fp_szero                                        /usr/lib/gcc/avr/4.5.3/../../../avr/lib/avr35/libm.a(fp_zero.o)
                                                  /usr/lib/gcc/avr/4.5.3/../../../avr/lib/avr35/libm.a(divsf3x.o)
__fp_zero                                         /usr/lib/gcc/avr/4.5.3/../../../avr/lib/avr35/libm.a(fp_zero.o)
                                                  /usr/lib/gcc/avr/4.5.3/../../../avr/lib/avr35/libm.a(fixunssfsi.o)
                                                  /usr/lib/gcc/avr/4.5.3/../../../avr/lib/avr35/libm.a(addsf3x.o)
__gesf2                                           /usr/lib/gcc/avr/4.5.3/../../../avr/lib/avr35/libm.a(gesf2.o)
__gtsf2                                           /usr/lib/gcc/avr/4.5.3/../../../avr/lib/avr35/libm.a(gesf2.o)
                                                  USBtoSerial.o
__heap_end                                        /usr/lib/gcc/avr/4.5.3/../../../avr/lib/avr35/crtm32u2.o
__init                                            /usr/lib/gcc/avr/4.5.3/../../../avr/lib/avr35/crtm32u2.o
__lesf2                                           /usr/lib/gcc/avr/4.5.3/../../../avr/lib/avr35/libm.a(cmpsf2.o)
__ltsf2                                           /usr/lib/gcc/avr/4.5.3/../../../avr/lib/avr35/libm.a(cmpsf2.o)
                                                  USBtoSerial.o
__mulhi3                                          /usr/lib/gcc/avr/4.5.3/avr35/libgcc.a(_mulhi3.o)
                                                  ../../LUFA/Drivers/USB/Class/Common/HIDParser.o
__nesf2                                           /usr/lib/gcc/avr/4.5.3/../../../avr/lib/avr35/libm.a(cmpsf2.o)
__stack                                           /usr/lib/gcc/avr/4.5.3/../../../avr/lib/avr35/crtm32u2.o
__subsf3                                          /usr/lib/gcc/avr/4.5.3/../../../avr/lib/avr35/libm.a(addsf3.o)
                                                  USBtoSerial.o
__udivmodhi4                                      /usr/lib/gcc/avr/4.5.3/avr35/libgcc.a(_udivmodhi4.o)
                                                  USBtoSerial.o
__udivmodsi4                                      /usr/lib/gcc/avr/4.5.3/avr35/libgcc.a(_udivmodsi4.o)
                                                  USBtoSerial.o
__vector_1                                        /usr/lib/gcc/avr/4.5.3/../../../avr/lib/avr35/crtm32u2.o
__vector_10                                       /usr/lib/gcc/avr/4.5.3/../../../avr/lib/avr35/crtm32u2.o
__vector_11                                       ../../LUFA/Drivers/USB/Core/AVR8/USBInterrupt_AVR8.o
                                                  /usr/lib/gcc/avr/4.5.3/../../../avr/lib/avr35/crtm32u2.o
__vector_12                                       /usr/lib/gcc/avr/4.5.3/../../../avr/lib/avr35/crtm32u2.o
__vector_13                                       /usr/lib/gcc/avr/4.5.3/../../../avr/lib/avr35/crtm32u2.o
__vector_14                                       /usr/lib/gcc/avr/4.5.3/../../../avr/lib/avr35/crtm32u2.o
__vector_15                                       /usr/lib/gcc/avr/4.5.3/../../../avr/lib/avr35/crtm32u2.o
__vector_16                                       /usr/lib/gcc/avr/4.5.3/../../../avr/lib/avr35/crtm32u2.o
__vector_17                                       /usr/lib/gcc/avr/4.5.3/../../../avr/lib/avr35/crtm32u2.o
__vector_18                                       /usr/lib/gcc/avr/4.5.3/../../../avr/lib/avr35/crtm32u2.o
__vector_19                                       /usr/lib/gcc/avr/4.5.3/../../../avr/lib/avr35/crtm32u2.o
__vector_2                                        /usr/lib/gcc/avr/4.5.3/../../../avr/lib/avr35/crtm32u2.o
__vector_20                                       /usr/lib/gcc/avr/4.5.3/../../../avr/lib/avr35/crtm32u2.o
__vector_21                                       USBtoSerial.o
                                                  /usr/lib/gcc/avr/4.5.3/../../../avr/lib/avr35/crtm32u2.o
__vector_22                                       /usr/lib/gcc/avr/4.5.3/../../../avr/lib/avr35/crtm32u2.o
__vector_23                                       USBtoSerial.o
                                                  /usr/lib/gcc/avr/4.5.3/../../../avr/lib/avr35/crtm32u2.o
__vector_24                                       /usr/lib/gcc/avr/4.5.3/../../../avr/lib/avr35/crtm32u2.o
__vector_25                                       /usr/lib/gcc/avr/4.5.3/../../../avr/lib/avr35/crtm32u2.o
__vector_26                                       /usr/lib/gcc/avr/4.5.3/../../../avr/lib/avr35/crtm32u2.o
__vector_27                                       /usr/lib/gcc/avr/4.5.3/../../../avr/lib/avr35/crtm32u2.o
__vector_28                                       /usr/lib/gcc/avr/4.5.3/../../../avr/lib/avr35/crtm32u2.o
__vector_29                                       /usr/lib/gcc/avr/4.5.3/../../../avr/lib/avr35/crtm32u2.o
__vector_3                                        /usr/lib/gcc/avr/4.5.3/../../../avr/lib/avr35/crtm32u2.o
__vector_30                                       /usr/lib/gcc/avr/4.5.3/../../../avr/lib/avr35/crtm32u2.o
__vector_31                                       /usr/lib/gcc/avr/4.5.3/../../../avr/lib/avr35/crtm32u2.o
__vector_32                                       /usr/lib/gcc/avr/4.5.3/../../../avr/lib/avr35/crtm32u2.o
__vector_33                                       /usr/lib/gcc/avr/4.5.3/../../../avr/lib/avr35/crtm32u2.o
__vector_34                                       /usr/lib/gcc/avr/4.5.3/../../../avr/lib/avr35/crtm32u2.o
__vector_35                                       /usr/lib/gcc/avr/4.5.3/../../../avr/lib/avr35/crtm32u2.o
__vector_36                                       /usr/lib/gcc/avr/4.5.3/../../../avr/lib/avr35/crtm32u2.o
__vector_37                                       /usr/lib/gcc/avr/4.5.3/../../../avr/lib/avr35/crtm32u2.o
__vector_4                                        /usr/lib/gcc/avr/4.5.3/../../../avr/lib/avr35/crtm32u2.o
__vector_5                                        /usr/lib/gcc/avr/4.5.3/../../../avr/lib/avr35/crtm32u2.o
__vector_6                                        /usr/lib/gcc/avr/4.5.3/../../../avr/lib/avr35/crtm32u2.o
__vector_7                                        /usr/lib/gcc/avr/4.5.3/../../../avr/lib/avr35/crtm32u2.o
__vector_8                                        /usr/lib/gcc/avr/4.5.3/../../../avr/lib/avr35/crtm32u2.o
__vector_9                                        /usr/lib/gcc/avr/4.5.3/../../../avr/lib/avr35/crtm32u2.o
__vector_default                                  /usr/lib/gcc/avr/4.5.3/../../../avr/lib/avr35/crtm32u2.o
__vectors                                         /usr/lib/gcc/avr/4.5.3/../../../avr/lib/avr35/crtm32u2.o
_exit                                             /usr/lib/gcc/avr/4.5.3/avr35/libgcc.a(_exit.o)
adb                                               USBtoSerial.o
adb_data_length                                   USBtoSerial.o
adb_werte                                         USBtoSerial.o
decode_field                                      USBtoSerial.o
delta_x                                           USBtoSerial.o
delta_y                                           USBtoSerial.o
exit                                              /usr/lib/gcc/avr/4.5.3/avr35/libgcc.a(_exit.o)
                                                  /usr/lib/gcc/avr/4.5.3/../../../avr/lib/avr35/crtm32u2.o
main                                              USBtoSerial.o
                                                  /usr/lib/gcc/avr/4.5.3/../../../avr/lib/avr35/crtm32u2.o
memcmp                                            /usr/lib/gcc/avr/4.5.3/../../../avr/lib/avr35/libc.a(memcmp.o)
                                                  ../../LUFA/Drivers/USB/Class/Device/HIDClassDevice.o
memcpy                                            /usr/lib/gcc/avr/4.5.3/../../../avr/lib/avr35/libc.a(memcpy.o)
                                                  ../../LUFA/Drivers/USB/Class/Device/RNDISClassDevice.o
                                                  ../../LUFA/Drivers/USB/Class/Device/HIDClassDevice.o
memcpy_P                                          /usr/lib/gcc/avr/4.5.3/../../../avr/lib/avr35/libc.a(memcpy_P.o)
                                                  ../../LUFA/Drivers/USB/Class/Device/RNDISClassDevice.o
memset                                            /usr/lib/gcc/avr/4.5.3/../../../avr/lib/avr35/libc.a(memset.o)
                                                  ../../LUFA/Drivers/USB/Class/Device/HIDClassDevice.o
my_uitoa                                          USBtoSerial.o
t0ext                                             USBtoSerial.o
t0ovfcount                                        USBtoSerial.o
t0rst                                             USBtoSerial.o
touchpad_init                                     USBtoSerial.o
touchpad_read                                     USBtoSerial.o
touchpad_set_abs_mode                             USBtoSerial.o
touchpad_set_rel_mode_100dpi                      USBtoSerial.o
touchpad_set_rel_mode_200dpi                      USBtoSerial.o
uart_putc                                         USBtoSerial.o
uart_puts                                         USBtoSerial.o
x_abs                                             USBtoSerial.o
y_abs                                             USBtoSerial.o
z_pressure                                        USBtoSerial.o
